Archive member included to satisfy reference by file (symbol)

c:/st/stm32cubeide_1.7.0/stm32cubeide/plugins/com.st.stm32cube.ide.mcu.externaltools.gnu-tools-for-stm32.9-2020-q2-update.win32_2.0.0.202105311346/tools/bin/../lib/gcc/arm-none-eabi/9.3.1/../../../../arm-none-eabi/lib/thumb/v7e-m+fp/hard\libc_nano.a(lib_a-errno.o)
                              ./Core/Src/syscalls.o (__errno)
c:/st/stm32cubeide_1.7.0/stm32cubeide/plugins/com.st.stm32cube.ide.mcu.externaltools.gnu-tools-for-stm32.9-2020-q2-update.win32_2.0.0.202105311346/tools/bin/../lib/gcc/arm-none-eabi/9.3.1/../../../../arm-none-eabi/lib/thumb/v7e-m+fp/hard\libc_nano.a(lib_a-exit.o)
                              c:/st/stm32cubeide_1.7.0/stm32cubeide/plugins/com.st.stm32cube.ide.mcu.externaltools.gnu-tools-for-stm32.9-2020-q2-update.win32_2.0.0.202105311346/tools/bin/../lib/gcc/arm-none-eabi/9.3.1/../../../../arm-none-eabi/lib/thumb/v7e-m+fp/hard/crt0.o (exit)
c:/st/stm32cubeide_1.7.0/stm32cubeide/plugins/com.st.stm32cube.ide.mcu.externaltools.gnu-tools-for-stm32.9-2020-q2-update.win32_2.0.0.202105311346/tools/bin/../lib/gcc/arm-none-eabi/9.3.1/../../../../arm-none-eabi/lib/thumb/v7e-m+fp/hard\libc_nano.a(lib_a-impure.o)
                              c:/st/stm32cubeide_1.7.0/stm32cubeide/plugins/com.st.stm32cube.ide.mcu.externaltools.gnu-tools-for-stm32.9-2020-q2-update.win32_2.0.0.202105311346/tools/bin/../lib/gcc/arm-none-eabi/9.3.1/../../../../arm-none-eabi/lib/thumb/v7e-m+fp/hard\libc_nano.a(lib_a-exit.o) (_global_impure_ptr)
c:/st/stm32cubeide_1.7.0/stm32cubeide/plugins/com.st.stm32cube.ide.mcu.externaltools.gnu-tools-for-stm32.9-2020-q2-update.win32_2.0.0.202105311346/tools/bin/../lib/gcc/arm-none-eabi/9.3.1/../../../../arm-none-eabi/lib/thumb/v7e-m+fp/hard\libc_nano.a(lib_a-init.o)
                              c:/st/stm32cubeide_1.7.0/stm32cubeide/plugins/com.st.stm32cube.ide.mcu.externaltools.gnu-tools-for-stm32.9-2020-q2-update.win32_2.0.0.202105311346/tools/bin/../lib/gcc/arm-none-eabi/9.3.1/../../../../arm-none-eabi/lib/thumb/v7e-m+fp/hard/crt0.o (__libc_init_array)
c:/st/stm32cubeide_1.7.0/stm32cubeide/plugins/com.st.stm32cube.ide.mcu.externaltools.gnu-tools-for-stm32.9-2020-q2-update.win32_2.0.0.202105311346/tools/bin/../lib/gcc/arm-none-eabi/9.3.1/../../../../arm-none-eabi/lib/thumb/v7e-m+fp/hard\libc_nano.a(lib_a-memset.o)
                              c:/st/stm32cubeide_1.7.0/stm32cubeide/plugins/com.st.stm32cube.ide.mcu.externaltools.gnu-tools-for-stm32.9-2020-q2-update.win32_2.0.0.202105311346/tools/bin/../lib/gcc/arm-none-eabi/9.3.1/../../../../arm-none-eabi/lib/thumb/v7e-m+fp/hard/crt0.o (memset)
c:/st/stm32cubeide_1.7.0/stm32cubeide/plugins/com.st.stm32cube.ide.mcu.externaltools.gnu-tools-for-stm32.9-2020-q2-update.win32_2.0.0.202105311346/tools/bin/../lib/gcc/arm-none-eabi/9.3.1/../../../../arm-none-eabi/lib/thumb/v7e-m+fp/hard\libc_nano.a(lib_a-nano-vfprintf_float.o)
                              (_printf_float)
c:/st/stm32cubeide_1.7.0/stm32cubeide/plugins/com.st.stm32cube.ide.mcu.externaltools.gnu-tools-for-stm32.9-2020-q2-update.win32_2.0.0.202105311346/tools/bin/../lib/gcc/arm-none-eabi/9.3.1/../../../../arm-none-eabi/lib/thumb/v7e-m+fp/hard\libc_nano.a(lib_a-nano-vfprintf_i.o)
                              c:/st/stm32cubeide_1.7.0/stm32cubeide/plugins/com.st.stm32cube.ide.mcu.externaltools.gnu-tools-for-stm32.9-2020-q2-update.win32_2.0.0.202105311346/tools/bin/../lib/gcc/arm-none-eabi/9.3.1/../../../../arm-none-eabi/lib/thumb/v7e-m+fp/hard\libc_nano.a(lib_a-nano-vfprintf_float.o) (_printf_common)
c:/st/stm32cubeide_1.7.0/stm32cubeide/plugins/com.st.stm32cube.ide.mcu.externaltools.gnu-tools-for-stm32.9-2020-q2-update.win32_2.0.0.202105311346/tools/bin/../lib/gcc/arm-none-eabi/9.3.1/../../../../arm-none-eabi/lib/thumb/v7e-m+fp/hard\libc_nano.a(lib_a-printf.o)
                              ./Core/Src/mems.o (printf)
c:/st/stm32cubeide_1.7.0/stm32cubeide/plugins/com.st.stm32cube.ide.mcu.externaltools.gnu-tools-for-stm32.9-2020-q2-update.win32_2.0.0.202105311346/tools/bin/../lib/gcc/arm-none-eabi/9.3.1/../../../../arm-none-eabi/lib/thumb/v7e-m+fp/hard\libc_nano.a(lib_a-strlen.o)
                              c:/st/stm32cubeide_1.7.0/stm32cubeide/plugins/com.st.stm32cube.ide.mcu.externaltools.gnu-tools-for-stm32.9-2020-q2-update.win32_2.0.0.202105311346/tools/bin/../lib/gcc/arm-none-eabi/9.3.1/../../../../arm-none-eabi/lib/thumb/v7e-m+fp/hard\libc_nano.a(lib_a-nano-vfprintf_float.o) (strlen)
c:/st/stm32cubeide_1.7.0/stm32cubeide/plugins/com.st.stm32cube.ide.mcu.externaltools.gnu-tools-for-stm32.9-2020-q2-update.win32_2.0.0.202105311346/tools/bin/../lib/gcc/arm-none-eabi/9.3.1/../../../../arm-none-eabi/lib/thumb/v7e-m+fp/hard\libc_nano.a(lib_a-dtoa.o)
[...]
Memory Configuration

Name             Origin             Length             Attributes
CCMRAM           0x0000000010000000 0x0000000000002000 xrw
RAM              0x0000000020000000 0x000000000000a000 xrw
FLASH            0x0000000008000000 0x0000000000040000 xr
*default*        0x0000000000000000 0xffffffffffffffff

Linker script and memory map

LOAD c:/st/stm32cubeide_1.7.0/stm32cubeide/plugins/com.st.stm32cube.ide.mcu.externaltools.gnu-tools-for-stm32.9-2020-q2-update.win32_2.0.0.202105311346/tools/bin/../lib/gcc/arm-none-eabi/9.3.1/thumb/v7e-m+fp/hard/crti.o
LOAD c:/st/stm32cubeide_1.7.0/stm32cubeide/plugins/com.st.stm32cube.ide.mcu.externaltools.gnu-tools-for-stm32.9-2020-q2-update.win32_2.0.0.202105311346/tools/bin/../lib/gcc/arm-none-eabi/9.3.1/thumb/v7e-m+fp/hard/crtbegin.o
LOAD c:/st/stm32cubeide_1.7.0/stm32cubeide/plugins/com.st.stm32cube.ide.mcu.externaltools.gnu-tools-for-stm32.9-2020-q2-update.win32_2.0.0.202105311346/tools/bin/../lib/gcc/arm-none-eabi/9.3.1/../../../../arm-none-eabi/lib/thumb/v7e-m+fp/hard/crt0.o
LOAD ./BSP/Components/cs42l52/cs42l52.o
LOAD ./BSP/Components/hx8347d/hx8347d.o
LOAD ./BSP/Components/hx8347g/hx8347g.o
LOAD ./BSP/Components/hx8347i/hx8347i.o
LOAD ./BSP/Components/i3g4250d/i3g4250d.o
LOAD ./BSP/Components/ili9320/ili9320.o
LOAD ./BSP/Components/ili9325/ili9325.o
LOAD ./BSP/Components/ili9328/ili9328.o
LOAD ./BSP/Components/l3gd20/l3gd20.o
LOAD ./BSP/Components/lsm303agr/lsm303agr.o
LOAD ./BSP/Components/lsm303dlhc/lsm303dlhc.o
LOAD ./BSP/Components/spfd5408/spfd5408.o
LOAD ./BSP/Components/st7735/st7735.o
LOAD ./BSP/Components/stlm75/stlm75.o
LOAD ./BSP/Components/stts751/stts751.o
LOAD ./BSP/STM32F3-Discovery/stm32f3_discovery.o
LOAD ./BSP/STM32F3-Discovery/stm32f3_discovery_accelerometer.o
LOAD ./BSP/STM32F3-Discovery/stm32f3_discovery_gyroscope.o
LOAD ./Core/Src/gpio.o
LOAD ./Core/Src/i2c.o
LOAD ./Core/Src/main.o
LOAD ./Core/Src/mems.o
LOAD ./Core/Src/spi.o
LOAD ./Core/Src/stm32f3xx_hal_msp.o
LOAD ./Core/Src/stm32f3xx_it.o
LOAD ./Core/Src/syscalls.o
LOAD ./Core/Src/sysmem.o
LOAD ./Core/Src/system_stm32f3xx.o
LOAD ./Core/Src/usart.o
LOAD ./Core/Startup/startup_stm32f303vctx.o
LOAD ./Drivers/STM32F3xx_HAL_Driver/Src/stm32f3xx_hal.o
LOAD ./Drivers/STM32F3xx_HAL_Driver/Src/stm32f3xx_hal_cortex.o
LOAD ./Drivers/STM32F3xx_HAL_Driver/Src/stm32f3xx_hal_dma.o
LOAD ./Drivers/STM32F3xx_HAL_Driver/Src/stm32f3xx_hal_exti.o
LOAD ./Drivers/STM32F3xx_HAL_Driver/Src/stm32f3xx_hal_flash.o
LOAD ./Drivers/STM32F3xx_HAL_Driver/Src/stm32f3xx_hal_flash_ex.o
LOAD ./Drivers/STM32F3xx_HAL_Driver/Src/stm32f3xx_hal_gpio.o
LOAD ./Drivers/STM32F3xx_HAL_Driver/Src/stm32f3xx_hal_i2c.o
LOAD ./Drivers/STM32F3xx_HAL_Driver/Src/stm32f3xx_hal_i2c_ex.o
LOAD ./Drivers/STM32F3xx_HAL_Driver/Src/stm32f3xx_hal_pwr.o
LOAD ./Drivers/STM32F3xx_HAL_Driver/Src/stm32f3xx_hal_pwr_ex.o
LOAD ./Drivers/STM32F3xx_HAL_Driver/Src/stm32f3xx_hal_rcc.o
LOAD ./Drivers/STM32F3xx_HAL_Driver/Src/stm32f3xx_hal_rcc_ex.o
LOAD ./Drivers/STM32F3xx_HAL_Driver/Src/stm32f3xx_hal_spi.o
LOAD ./Drivers/STM32F3xx_HAL_Driver/Src/stm32f3xx_hal_spi_ex.o
LOAD ./Drivers/STM32F3xx_HAL_Driver/Src/stm32f3xx_hal_tim.o
LOAD ./Drivers/STM32F3xx_HAL_Driver/Src/stm32f3xx_hal_tim_ex.o
LOAD ./Drivers/STM32F3xx_HAL_Driver/Src/stm32f3xx_hal_uart.o
LOAD ./Drivers/STM32F3xx_HAL_Driver/Src/stm32f3xx_hal_uart_ex.o
START GROUP
LOAD c:/st/stm32cubeide_1.7.0/stm32cubeide/plugins/com.st.stm32cube.ide.mcu.externaltools.gnu-tools-for-stm32.9-2020-q2-update.win32_2.0.0.202105311346/tools/bin/../lib/gcc/arm-none-eabi/9.3.1/../../../../arm-none-eabi/lib/thumb/v7e-m+fp/hard\libstdc++_nano.a
LOAD c:/st/stm32cubeide_1.7.0/stm32cubeide/plugins/com.st.stm32cube.ide.mcu.externaltools.gnu-tools-for-stm32.9-2020-q2-update.win32_2.0.0.202105311346/tools/bin/../lib/gcc/arm-none-eabi/9.3.1/../../../../arm-none-eabi/lib/thumb/v7e-m+fp/hard\libsupc++_nano.a
END GROUP
LOAD c:/st/stm32cubeide_1.7.0/stm32cubeide/plugins/com.st.stm32cube.ide.mcu.externaltools.gnu-tools-for-stm32.9-2020-q2-update.win32_2.0.0.202105311346/tools/bin/../lib/gcc/arm-none-eabi/9.3.1/../../../../arm-none-eabi/lib/thumb/v7e-m+fp/hard\libstdc++_nano.a
LOAD c:/st/stm32cubeide_1.7.0/stm32cubeide/plugins/com.st.stm32cube.ide.mcu.externaltools.gnu-tools-for-stm32.9-2020-q2-update.win32_2.0.0.202105311346/tools/bin/../lib/gcc/arm-none-eabi/9.3.1/../../../../arm-none-eabi/lib/thumb/v7e-m+fp/hard\libm.a
LOAD c:/st/stm32cubeide_1.7.0/stm32cubeide/plugins/com.st.stm32cube.ide.mcu.externaltools.gnu-tools-for-stm32.9-2020-q2-update.win32_2.0.0.202105311346/tools/bin/../lib/gcc/arm-none-eabi/9.3.1/../../../../arm-none-eabi/lib/thumb/v7e-m+fp/hard\libc_nano.a
START GROUP
LOAD c:/st/stm32cubeide_1.7.0/stm32cubeide/plugins/com.st.stm32cube.ide.mcu.externaltools.gnu-tools-for-stm32.9-2020-q2-update.win32_2.0.0.202105311346/tools/bin/../lib/gcc/arm-none-eabi/9.3.1/thumb/v7e-m+fp/hard\libgcc.a
LOAD c:/st/stm32cubeide_1.7.0/stm32cubeide/plugins/com.st.stm32cube.ide.mcu.externaltools.gnu-tools-for-stm32.9-2020-q2-update.win32_2.0.0.202105311346/tools/bin/../lib/gcc/arm-none-eabi/9.3.1/../../../../arm-none-eabi/lib/thumb/v7e-m+fp/hard\libc_nano.a
END GROUP
START GROUP
LOAD c:/st/stm32cubeide_1.7.0/stm32cubeide/plugins/com.st.stm32cube.ide.mcu.externaltools.gnu-tools-for-stm32.9-2020-q2-update.win32_2.0.0.202105311346/tools/bin/../lib/gcc/arm-none-eabi/9.3.1/thumb/v7e-m+fp/hard\libgcc.a
LOAD c:/st/stm32cubeide_1.7.0/stm32cubeide/plugins/com.st.stm32cube.ide.mcu.externaltools.gnu-tools-for-stm32.9-2020-q2-update.win32_2.0.0.202105311346/tools/bin/../lib/gcc/arm-none-eabi/9.3.1/../../../../arm-none-eabi/lib/thumb/v7e-m+fp/hard\libc_nano.a
LOAD c:/st/stm32cubeide_1.7.0/stm32cubeide/plugins/com.st.stm32cube.ide.mcu.externaltools.gnu-tools-for-stm32.9-2020-q2-update.win32_2.0.0.202105311346/tools/bin/../lib/gcc/arm-none-eabi/9.3.1/../../../../arm-none-eabi/lib/thumb/v7e-m+fp/hard\libnosys.a
END GROUP
START GROUP
LOAD c:/st/stm32cubeide_1.7.0/stm32cubeide/plugins/com.st.stm32cube.ide.mcu.externaltools.gnu-tools-for-stm32.9-2020-q2-update.win32_2.0.0.202105311346/tools/bin/../lib/gcc/arm-none-eabi/9.3.1/thumb/v7e-m+fp/hard\libgcc.a
LOAD c:/st/stm32cubeide_1.7.0/stm32cubeide/plugins/com.st.stm32cube.ide.mcu.externaltools.gnu-tools-for-stm32.9-2020-q2-update.win32_2.0.0.202105311346/tools/bin/../lib/gcc/arm-none-eabi/9.3.1/../../../../arm-none-eabi/lib/thumb/v7e-m+fp/hard\libc_nano.a
LOAD c:/st/stm32cubeide_1.7.0/stm32cubeide/plugins/com.st.stm32cube.ide.mcu.externaltools.gnu-tools-for-stm32.9-2020-q2-update.win32_2.0.0.202105311346/tools/bin/../lib/gcc/arm-none-eabi/9.3.1/../../../../arm-none-eabi/lib/thumb/v7e-m+fp/hard\libnosys.a
END GROUP
LOAD c:/st/stm32cubeide_1.7.0/stm32cubeide/plugins/com.st.stm32cube.ide.mcu.externaltools.gnu-tools-for-stm32.9-2020-q2-update.win32_2.0.0.202105311346/tools/bin/../lib/gcc/arm-none-eabi/9.3.1/thumb/v7e-m+fp/hard/crtend.o
LOAD c:/st/stm32cubeide_1.7.0/stm32cubeide/plugins/com.st.stm32cube.ide.mcu.externaltools.gnu-tools-for-stm32.9-2020-q2-update.win32_2.0.0.202105311346/tools/bin/../lib/gcc/arm-none-eabi/9.3.1/thumb/v7e-m+fp/hard/crtn.o
                0x000000002000a000                _estack = (ORIGIN (RAM) + LENGTH (RAM))
                0x0000000000000200                _Min_Heap_Size = 0x200
                0x0000000000000400                _Min_Stack_Size = 0x400

.isr_vector     0x0000000008000000      0x188
                0x0000000008000000                . = ALIGN (0x4)
 *(.isr_vector)
 .isr_vector    0x0000000008000000      0x188 ./Core/Startup/startup_stm32f303vctx.o
                0x0000000008000000                g_pfnVectors
                0x0000000008000188                . = ALIGN (0x4)

.text           0x0000000008000190     0x97b4
                0x0000000008000190                . = ALIGN (0x4)
 *(.text)
 .text          0x0000000008000190       0x40 c:/st/stm32cubeide_1.7.0/stm32cubeide/plugins/com.st.stm32cube.ide.mcu.externaltools.gnu-tools-for-stm32.9-2020-q2-update.win32_2.0.0.202105311346/tools/bin/../lib/gcc/arm-none-eabi/9.3.1/thumb/v7e-m+fp/hard/crtbegin.o
 .text          0x00000000080001d0       0x10 c:/st/stm32cubeide_1.7.0/stm32cubeide/plugins/com.st.stm32cube.ide.mcu.externaltools.gnu-tools-for-stm32.9-2020-q2-update.win32_2.0.0.202105311346/tools/bin/../lib/gcc/arm-none-eabi/9.3.1/../../../../arm-none-eabi/lib/thumb/v7e-m+fp/hard\libc_nano.a(lib_a-strlen.o)
                0x00000000080001d0                strlen
 .text          0x00000000080001e0       0xa0 c:/st/stm32cubeide_1.7.0/stm32cubeide/plugins/com.st.stm32cube.ide.mcu.externaltools.gnu-tools-for-stm32.9-2020-q2-update.win32_2.0.0.202105311346/tools/bin/../lib/gcc/arm-none-eabi/9.3.1/../../../../arm-none-eabi/lib/thumb/v7e-m+fp/hard\libc_nano.a(lib_a-memchr.o)
                0x00000000080001e0                memchr
 .text          0x0000000008000280      0x378 c:/st/stm32cubeide_1.7.0/stm32cubeide/plugins/com.st.stm32cube.ide.mcu.externaltools.gnu-tools-for-stm32.9-2020-q2-update.win32_2.0.0.202105311346/tools/bin/../lib/gcc/arm-none-eabi/9.3.1/thumb/v7e-m+fp/hard\libgcc.a(_arm_addsubdf3.o)
                0x0000000008000280                __aeabi_drsub
                0x0000000008000288                __aeabi_dsub
                0x0000000008000288                __subdf3
                0x000000000800028c                __aeabi_dadd
                0x000000000800028c                __adddf3
                0x0000000008000504                __floatunsidf
                0x0000000008000504                __aeabi_ui2d
                0x0000000008000524                __floatsidf
                0x0000000008000524                __aeabi_i2d
                0x0000000008000548                __aeabi_f2d
                0x0000000008000548                __extendsfdf2
                0x000000000800058c                __floatundidf
                0x000000000800058c                __aeabi_ul2d
                0x000000000800059c                __floatdidf
                0x000000000800059c                __aeabi_l2d
 .text          0x00000000080005f8      0x424 c:/st/stm32cubeide_1.7.0/stm32cubeide/plugins/com.st.stm32cube.ide.mcu.externaltools.gnu-tools-for-stm32.9-2020-q2-update.win32_2.0.0.202105311346/tools/bin/../lib/gcc/arm-none-eabi/9.3.1/thumb/v7e-m+fp/hard\libgcc.a(_arm_muldivdf3.o)
                0x00000000080005f8                __aeabi_dmul
                0x00000000080005f8                __muldf3
                0x000000000800084c                __divdf3
                0x000000000800084c                __aeabi_ddiv
 .text          0x0000000008000a1c      0x110 c:/st/stm32cubeide_1.7.0/stm32cubeide/plugins/com.st.stm32cube.ide.mcu.externaltools.gnu-tools-for-stm32.9-2020-q2-update.win32_2.0.0.202105311346/tools/bin/../lib/gcc/arm-none-eabi/9.3.1/thumb/v7e-m+fp/hard\libgcc.a(_arm_cmpdf2.o)
                0x0000000008000a1c                __gtdf2
                0x0000000008000a1c                __gedf2
                0x0000000008000a24                __ltdf2
                0x0000000008000a24                __ledf2
                0x0000000008000a2c                __nedf2
                0x0000000008000a2c                __eqdf2
                0x0000000008000a2c                __cmpdf2
                0x0000000008000aa8                __aeabi_cdrcmple
                0x0000000008000ab8                __aeabi_cdcmpeq
                0x0000000008000ab8                __aeabi_cdcmple
                0x0000000008000ac8                __aeabi_dcmpeq
                0x0000000008000adc                __aeabi_dcmplt
                0x0000000008000af0                __aeabi_dcmple
                0x0000000008000b04                __aeabi_dcmpge
                0x0000000008000b18                __aeabi_dcmpgt
 .text          0x0000000008000b2c       0x2c c:/st/stm32cubeide_1.7.0/stm32cubeide/plugins/com.st.stm32cube.ide.mcu.externaltools.gnu-tools-for-stm32.9-2020-q2-update.win32_2.0.0.202105311346/tools/bin/../lib/gcc/arm-none-eabi/9.3.1/thumb/v7e-m+fp/hard\libgcc.a(_arm_unorddf2.o)
                0x0000000008000b2c                __unorddf2
                0x0000000008000b2c                __aeabi_dcmpun
 .text          0x0000000008000b58       0x50 c:/st/stm32cubeide_1.7.0/stm32cubeide/plugins/com.st.stm32cube.ide.mcu.externaltools.gnu-tools-for-stm32.9-2020-q2-update.win32_2.0.0.202105311346/tools/bin/../lib/gcc/arm-none-eabi/9.3.1/thumb/v7e-m+fp/hard\libgcc.a(_arm_fixdfsi.o)
                0x0000000008000b58                __aeabi_d2iz
                0x0000000008000b58                __fixdfsi
 *(.text*)
 .text.I3G4250D_Init
                0x0000000008000ba8       0x46 ./BSP/Components/i3g4250d/i3g4250d.o
                0x0000000008000ba8                I3G4250D_Init
 .text.I3G4250D_DeInit
                0x0000000008000bee        0xe ./BSP/Components/i3g4250d/i3g4250d.o
                0x0000000008000bee                I3G4250D_DeInit
 .text.I3G4250D_ReadID
                0x0000000008000bfc       0x20 ./BSP/Components/i3g4250d/i3g4250d.o
                0x0000000008000bfc                I3G4250D_ReadID
 .text.I3G4250D_RebootCmd
                0x0000000008000c1c       0x30 ./BSP/Components/i3g4250d/i3g4250d.o
                0x0000000008000c1c                I3G4250D_RebootCmd
 .text.I3G4250D_LowPower
                0x0000000008000c4c       0x2a ./BSP/Components/i3g4250d/i3g4250d.o
                0x0000000008000c4c                I3G4250D_LowPower
 .text.I3G4250D_INT1InterruptConfig
                0x0000000008000c76       0x86 ./BSP/Components/i3g4250d/i3g4250d.o
                0x0000000008000c76                I3G4250D_INT1InterruptConfig
 .text.I3G4250D_EnableIT
                0x0000000008000cfc       0x64 ./BSP/Components/i3g4250d/i3g4250d.o
                0x0000000008000cfc                I3G4250D_EnableIT
 .text.I3G4250D_DisableIT
                0x0000000008000d60       0x58 ./BSP/Components/i3g4250d/i3g4250d.o
                0x0000000008000d60                I3G4250D_DisableIT
 .text.I3G4250D_FilterConfig
                0x0000000008000db8       0x42 ./BSP/Components/i3g4250d/i3g4250d.o
                0x0000000008000db8                I3G4250D_FilterConfig
 .text.I3G4250D_FilterCmd
                0x0000000008000dfa       0x42 ./BSP/Components/i3g4250d/i3g4250d.o
                0x0000000008000dfa                I3G4250D_FilterCmd
 .text.I3G4250D_ReadXYZAngRate
                0x0000000008000e3c      0x164 ./BSP/Components/i3g4250d/i3g4250d.o
                0x0000000008000e3c                I3G4250D_ReadXYZAngRate
 .text.L3GD20_Init
                0x0000000008000fa0       0x46 ./BSP/Components/l3gd20/l3gd20.o
                0x0000000008000fa0                L3GD20_Init
 .text.L3GD20_DeInit
                0x0000000008000fe6        0xe ./BSP/Components/l3gd20/l3gd20.o
                0x0000000008000fe6                L3GD20_DeInit
 .text.L3GD20_ReadID
                0x0000000008000ff4       0x20 ./BSP/Components/l3gd20/l3gd20.o
                0x0000000008000ff4                L3GD20_ReadID
 .text.L3GD20_RebootCmd
                0x0000000008001014       0x30 ./BSP/Components/l3gd20/l3gd20.o
                0x0000000008001014                L3GD20_RebootCmd
 .text.L3GD20_LowPower
                0x0000000008001044       0x2a ./BSP/Components/l3gd20/l3gd20.o
                0x0000000008001044                L3GD20_LowPower
 .text.L3GD20_INT1InterruptConfig
                0x000000000800106e       0x86 ./BSP/Components/l3gd20/l3gd20.o
                0x000000000800106e                L3GD20_INT1InterruptConfig
 .text.L3GD20_EnableIT
                0x00000000080010f4       0x64 ./BSP/Components/l3gd20/l3gd20.o
                0x00000000080010f4                L3GD20_EnableIT
 .text.L3GD20_DisableIT
                0x0000000008001158       0x58 ./BSP/Components/l3gd20/l3gd20.o
                0x0000000008001158                L3GD20_DisableIT
 .text.L3GD20_FilterConfig
                0x00000000080011b0       0x42 ./BSP/Components/l3gd20/l3gd20.o
                0x00000000080011b0                L3GD20_FilterConfig
 .text.L3GD20_FilterCmd
                0x00000000080011f2       0x42 ./BSP/Components/l3gd20/l3gd20.o
                0x00000000080011f2                L3GD20_FilterCmd
 .text.L3GD20_ReadXYZAngRate
                0x0000000008001234      0x164 ./BSP/Components/l3gd20/l3gd20.o
                0x0000000008001234                L3GD20_ReadXYZAngRate
 .text.LSM303AGR_AccInit
                0x0000000008001398       0x3a ./BSP/Components/lsm303agr/lsm303agr.o
                0x0000000008001398                LSM303AGR_AccInit
 .text.LSM303AGR_AccDeInit
                0x00000000080013d2        0xe ./BSP/Components/lsm303agr/lsm303agr.o
                0x00000000080013d2                LSM303AGR_AccDeInit
 .text.LSM303AGR_AccReadID
                0x00000000080013e0       0x24 ./BSP/Components/lsm303agr/lsm303agr.o
                0x00000000080013e0                LSM303AGR_AccReadID
 .text.LSM303AGR_AccRebootCmd
                0x0000000008001404       0x2e ./BSP/Components/lsm303agr/lsm303agr.o
                0x0000000008001404                LSM303AGR_AccRebootCmd
 .text.LSM303AGR_AccFilterConfig
                0x0000000008001432       0x3a ./BSP/Components/lsm303agr/lsm303agr.o
                0x0000000008001432                LSM303AGR_AccFilterConfig
 .text.LSM303AGR_AccFilterCmd
                0x000000000800146c       0x3a ./BSP/Components/lsm303agr/lsm303agr.o
                0x000000000800146c                LSM303AGR_AccFilterCmd
 .text.LSM303AGR_AccReadXYZ
                0x00000000080014a6      0x19e ./BSP/Components/lsm303agr/lsm303agr.o
                0x00000000080014a6                LSM303AGR_AccReadXYZ
 .text.LSM303AGR_AccFilterClickCmd
                0x0000000008001644       0x3e ./BSP/Components/lsm303agr/lsm303agr.o
                0x0000000008001644                LSM303AGR_AccFilterClickCmd
 .text.LSM303AGR_AccIT1Enable
                0x0000000008001682       0x36 ./BSP/Components/lsm303agr/lsm303agr.o
                0x0000000008001682                LSM303AGR_AccIT1Enable
 .text.LSM303AGR_AccClickITEnable
                0x00000000080016b8       0x72 ./BSP/Components/lsm303agr/lsm303agr.o
                0x00000000080016b8                LSM303AGR_AccClickITEnable
 .text.LSM303AGR_AccZClickITConfig
                0x000000000800172a       0x1e ./BSP/Components/lsm303agr/lsm303agr.o
                0x000000000800172a                LSM303AGR_AccZClickITConfig
 .text.LSM303DLHC_AccInit
                0x0000000008001748       0x3a ./BSP/Components/lsm303dlhc/lsm303dlhc.o
                0x0000000008001748                LSM303DLHC_AccInit
 .text.LSM303DLHC_AccDeInit
                0x0000000008001782        0xe ./BSP/Components/lsm303dlhc/lsm303dlhc.o
                0x0000000008001782                LSM303DLHC_AccDeInit
 .text.LSM303DLHC_AccReadID
                0x0000000008001790       0x24 ./BSP/Components/lsm303dlhc/lsm303dlhc.o
                0x0000000008001790                LSM303DLHC_AccReadID
 .text.LSM303DLHC_AccRebootCmd
                0x00000000080017b4       0x2e ./BSP/Components/lsm303dlhc/lsm303dlhc.o
                0x00000000080017b4                LSM303DLHC_AccRebootCmd
 .text.LSM303DLHC_AccFilterConfig
                0x00000000080017e2       0x3a ./BSP/Components/lsm303dlhc/lsm303dlhc.o
                0x00000000080017e2                LSM303DLHC_AccFilterConfig
 .text.LSM303DLHC_AccFilterCmd
                0x000000000800181c       0x3a ./BSP/Components/lsm303dlhc/lsm303dlhc.o
                0x000000000800181c                LSM303DLHC_AccFilterCmd
 .text.LSM303DLHC_AccReadXYZ
                0x0000000008001856      0x19e ./BSP/Components/lsm303dlhc/lsm303dlhc.o
                0x0000000008001856                LSM303DLHC_AccReadXYZ
 .text.LSM303DLHC_AccFilterClickCmd
                0x00000000080019f4       0x3e ./BSP/Components/lsm303dlhc/lsm303dlhc.o
                0x00000000080019f4                LSM303DLHC_AccFilterClickCmd
 .text.LSM303DLHC_AccIT1Enable
                0x0000000008001a32       0x36 ./BSP/Components/lsm303dlhc/lsm303dlhc.o
                0x0000000008001a32                LSM303DLHC_AccIT1Enable
 .text.LSM303DLHC_AccClickITEnable
                0x0000000008001a68       0x72 ./BSP/Components/lsm303dlhc/lsm303dlhc.o
                0x0000000008001a68                LSM303DLHC_AccClickITEnable
 .text.LSM303DLHC_AccZClickITConfig
                0x0000000008001ada       0x1e ./BSP/Components/lsm303dlhc/lsm303dlhc.o
                0x0000000008001ada                LSM303DLHC_AccZClickITConfig
 .text.BSP_LED_Init
                0x0000000008001af8      0x160 ./BSP/STM32F3-Discovery/stm32f3_discovery.o
                0x0000000008001af8                BSP_LED_Init
 .text.BSP_LED_On
                0x0000000008001c58       0x34 ./BSP/STM32F3-Discovery/stm32f3_discovery.o
                0x0000000008001c58                BSP_LED_On
 .text.BSP_LED_Off
                0x0000000008001c8c       0x34 ./BSP/STM32F3-Discovery/stm32f3_discovery.o
                0x0000000008001c8c                BSP_LED_Off
 .text.BSP_LED_Toggle
                0x0000000008001cc0       0x34 ./BSP/STM32F3-Discovery/stm32f3_discovery.o
                0x0000000008001cc0                BSP_LED_Toggle
 .text.BSP_PB_Init
                0x0000000008001cf4       0xc4 ./BSP/STM32F3-Discovery/stm32f3_discovery.o
                0x0000000008001cf4                BSP_PB_Init
 .text.BSP_PB_GetState
                0x0000000008001db8       0x2c ./BSP/STM32F3-Discovery/stm32f3_discovery.o
                0x0000000008001db8                BSP_PB_GetState
 .text.I2Cx_MspInit
                0x0000000008001de4       0x68 ./BSP/STM32F3-Discovery/stm32f3_discovery.o
 .text.I2Cx_Init
                0x0000000008001e4c       0x54 ./BSP/STM32F3-Discovery/stm32f3_discovery.o
 .text.I2Cx_WriteData
                0x0000000008001ea0       0x50 ./BSP/STM32F3-Discovery/stm32f3_discovery.o
 .text.I2Cx_ReadData
                0x0000000008001ef0       0x58 ./BSP/STM32F3-Discovery/stm32f3_discovery.o
 .text.I2Cx_Error
                0x0000000008001f48       0x18 ./BSP/STM32F3-Discovery/stm32f3_discovery.o
 .text.SPIx_Init
                0x0000000008001f60       0x78 ./BSP/STM32F3-Discovery/stm32f3_discovery.o
 .text.SPIx_WriteRead
                0x0000000008001fd8       0x40 ./BSP/STM32F3-Discovery/stm32f3_discovery.o
 .text.SPIx_Error
                0x0000000008002018       0x18 ./BSP/STM32F3-Discovery/stm32f3_discovery.o
 .text.SPIx_MspInit
                0x0000000008002030       0x68 ./BSP/STM32F3-Discovery/stm32f3_discovery.o
 .text.GYRO_IO_Init
                0x0000000008002098       0x8c ./BSP/STM32F3-Discovery/stm32f3_discovery.o
                0x0000000008002098                GYRO_IO_Init
 .text.GYRO_IO_Write
                0x0000000008002124       0x64 ./BSP/STM32F3-Discovery/stm32f3_discovery.o
                0x0000000008002124                GYRO_IO_Write
 .text.GYRO_IO_Read
                0x0000000008002188       0x74 ./BSP/STM32F3-Discovery/stm32f3_discovery.o
                0x0000000008002188                GYRO_IO_Read
 .text.COMPASSACCELERO_IO_Init
                0x00000000080021fc       0x94 ./BSP/STM32F3-Discovery/stm32f3_discovery.o
                0x00000000080021fc                COMPASSACCELERO_IO_Init
 .text.COMPASSACCELERO_IO_ITConfig
                0x0000000008002290       0x5c ./BSP/STM32F3-Discovery/stm32f3_discovery.o
                0x0000000008002290                COMPASSACCELERO_IO_ITConfig
 .text.COMPASSACCELERO_IO_Write
                0x00000000080022ec       0x26 ./BSP/STM32F3-Discovery/stm32f3_discovery.o
                0x00000000080022ec                COMPASSACCELERO_IO_Write
 .text.COMPASSACCELERO_IO_Read
                0x0000000008002312       0x26 ./BSP/STM32F3-Discovery/stm32f3_discovery.o
                0x0000000008002312                COMPASSACCELERO_IO_Read
 .text.BSP_ACCELERO_Init
                0x0000000008002338      0x184 ./BSP/STM32F3-Discovery/stm32f3_discovery_accelerometer.o
                0x0000000008002338                BSP_ACCELERO_Init
 .text.BSP_ACCELERO_GetXYZ
                0x00000000080024bc       0x28 ./BSP/STM32F3-Discovery/stm32f3_discovery_accelerometer.o
                0x00000000080024bc                BSP_ACCELERO_GetXYZ
 .text.BSP_GYRO_Init
                0x00000000080024e4      0x16c ./BSP/STM32F3-Discovery/stm32f3_discovery_gyroscope.o
                0x00000000080024e4                BSP_GYRO_Init
 .text.BSP_GYRO_GetXYZ
                0x0000000008002650       0x28 ./BSP/STM32F3-Discovery/stm32f3_discovery_gyroscope.o
                0x0000000008002650                BSP_GYRO_GetXYZ
 .text.MX_GPIO_Init
                0x0000000008002678      0x120 ./Core/Src/gpio.o
                0x0000000008002678                MX_GPIO_Init
 .text.MX_I2C1_Init
                0x0000000008002798       0x80 ./Core/Src/i2c.o
                0x0000000008002798                MX_I2C1_Init
 .text.HAL_I2C_MspInit
                0x0000000008002818       0x88 ./Core/Src/i2c.o
                0x0000000008002818                HAL_I2C_MspInit
 .text.HAL_I2C_MspDeInit
                0x00000000080028a0       0x44 ./Core/Src/i2c.o
                0x00000000080028a0                HAL_I2C_MspDeInit
 .text.main     0x00000000080028e4       0xec ./Core/Src/main.o
                0x00000000080028e4                main
 .text.SystemClock_Config
                0x00000000080029d0       0xb0 ./Core/Src/main.o
                0x00000000080029d0                SystemClock_Config
 .text.HAL_GPIO_EXTI_Callback
                0x0000000008002a80       0x30 ./Core/Src/main.o
                0x0000000008002a80                HAL_GPIO_EXTI_Callback
 .text.Toggle_Leds
                0x0000000008002ab0       0x68 ./Core/Src/main.o
                0x0000000008002ab0                Toggle_Leds
 .text.__io_putchar
                0x0000000008002b18       0x24 ./Core/Src/main.o
                0x0000000008002b18                __io_putchar
 .text.Error_Handler
                0x0000000008002b3c       0x16 ./Core/Src/main.o
                0x0000000008002b3c                Error_Handler
 *fill*         0x0000000008002b52        0x2 
 .text.ACCELERO_MEMS_Test
                0x0000000008002b54       0x34 ./Core/Src/mems.o
                0x0000000008002b54                ACCELERO_MEMS_Test
 .text.ACCELERO_ReadAcc
                0x0000000008002b88      0x1b0 ./Core/Src/mems.o
 .text.GYRO_MEMS_Test
                0x0000000008002d38       0x34 ./Core/Src/mems.o
                0x0000000008002d38                GYRO_MEMS_Test
 .text.GYRO_ReadAng
                0x0000000008002d6c      0x144 ./Core/Src/mems.o
 .text.MX_SPI1_Init
                0x0000000008002eb0       0x7c ./Core/Src/spi.o
                0x0000000008002eb0                MX_SPI1_Init
 .text.HAL_SPI_MspInit
                0x0000000008002f2c       0x84 ./Core/Src/spi.o
                0x0000000008002f2c                HAL_SPI_MspInit
 .text.HAL_SPI_MspDeInit
                0x0000000008002fb0       0x38 ./Core/Src/spi.o
                0x0000000008002fb0                HAL_SPI_MspDeInit
 .text.HAL_MspInit
                0x0000000008002fe8       0x48 ./Core/Src/stm32f3xx_hal_msp.o
                0x0000000008002fe8                HAL_MspInit
 .text.NMI_Handler
                0x0000000008003030        0x6 ./Core/Src/stm32f3xx_it.o
                0x0000000008003030                NMI_Handler
 .text.HardFault_Handler
                0x0000000008003036        0x6 ./Core/Src/stm32f3xx_it.o
                0x0000000008003036                HardFault_Handler
 .text.MemManage_Handler
                0x000000000800303c        0x6 ./Core/Src/stm32f3xx_it.o
                0x000000000800303c                MemManage_Handler
 .text.BusFault_Handler
                0x0000000008003042        0x6 ./Core/Src/stm32f3xx_it.o
                0x0000000008003042                BusFault_Handler
 .text.UsageFault_Handler
                0x0000000008003048        0x6 ./Core/Src/stm32f3xx_it.o
                0x0000000008003048                UsageFault_Handler
 .text.SVC_Handler
                0x000000000800304e        0xe ./Core/Src/stm32f3xx_it.o
                0x000000000800304e                SVC_Handler
 .text.DebugMon_Handler
                0x000000000800305c        0xe ./Core/Src/stm32f3xx_it.o
                0x000000000800305c                DebugMon_Handler
 .text.PendSV_Handler
                0x000000000800306a        0xe ./Core/Src/stm32f3xx_it.o
                0x000000000800306a                PendSV_Handler
 .text.SysTick_Handler
                0x0000000008003078        0xc ./Core/Src/stm32f3xx_it.o
                0x0000000008003078                SysTick_Handler
 .text.EXTI0_IRQHandler
                0x0000000008003084        0xe ./Core/Src/stm32f3xx_it.o
                0x0000000008003084                EXTI0_IRQHandler
 .text._getpid  0x0000000008003092       0x10 ./Core/Src/syscalls.o
                0x0000000008003092                _getpid
 .text._kill    0x00000000080030a2       0x20 ./Core/Src/syscalls.o
                0x00000000080030a2                _kill
 .text._exit    0x00000000080030c2       0x14 ./Core/Src/syscalls.o
                0x00000000080030c2                _exit
 .text._read    0x00000000080030d6       0x3a ./Core/Src/syscalls.o
                0x00000000080030d6                _read
 .text._write   0x0000000008003110       0x38 ./Core/Src/syscalls.o
                0x0000000008003110                _write
 .text._close   0x0000000008003148       0x18 ./Core/Src/syscalls.o
                0x0000000008003148                _close
 .text._fstat   0x0000000008003160       0x20 ./Core/Src/syscalls.o
                0x0000000008003160                _fstat
 .text._isatty  0x0000000008003180       0x16 ./Core/Src/syscalls.o
                0x0000000008003180                _isatty
 .text._lseek   0x0000000008003196       0x1a ./Core/Src/syscalls.o
                0x0000000008003196                _lseek
 .text._sbrk    0x00000000080031b0       0x6c ./Core/Src/sysmem.o
                0x00000000080031b0                _sbrk
 .text.SystemInit
                0x000000000800321c       0x24 ./Core/Src/system_stm32f3xx.o
                0x000000000800321c                SystemInit
 .text.MX_USART1_UART_Init
                0x0000000008003240       0x60 ./Core/Src/usart.o
                0x0000000008003240                MX_USART1_UART_Init
 .text.HAL_UART_MspInit
                0x00000000080032a0       0x88 ./Core/Src/usart.o
                0x00000000080032a0                HAL_UART_MspInit
 .text.Reset_Handler
                0x0000000008003328       0x50 ./Core/Startup/startup_stm32f303vctx.o
                0x0000000008003328                Reset_Handler
 .text.Default_Handler
                0x0000000008003378        0x2 ./Core/Startup/startup_stm32f303vctx.o
                0x0000000008003378                RTC_Alarm_IRQHandler
                0x0000000008003378                TIM8_TRG_COM_IRQHandler
                0x0000000008003378                TIM8_CC_IRQHandler
                0x0000000008003378                TIM1_CC_IRQHandler
                0x0000000008003378                USB_HP_IRQHandler
                0x0000000008003378                PVD_IRQHandler
                0x0000000008003378                TAMP_STAMP_IRQHandler
                0x0000000008003378                EXTI3_IRQHandler
                0x0000000008003378                USB_HP_CAN_TX_IRQHandler
                0x0000000008003378                I2C2_EV_IRQHandler
                0x0000000008003378                FPU_IRQHandler
                0x0000000008003378                TIM1_UP_TIM16_IRQHandler
                0x0000000008003378                ADC1_2_IRQHandler
                0x0000000008003378                SPI1_IRQHandler
                0x0000000008003378                CAN_SCE_IRQHandler
                0x0000000008003378                TIM6_DAC_IRQHandler
                0x0000000008003378                TIM8_UP_IRQHandler
                0x0000000008003378                DMA2_Channel2_IRQHandler
                0x0000000008003378                DMA1_Channel4_IRQHandler
                0x0000000008003378                USART3_IRQHandler
                0x0000000008003378                DMA1_Channel7_IRQHandler
                0x0000000008003378                UART5_IRQHandler
                0x0000000008003378                ADC3_IRQHandler
                0x0000000008003378                TIM4_IRQHandler
                0x0000000008003378                CAN_RX1_IRQHandler
                0x0000000008003378                DMA2_Channel1_IRQHandler
                0x0000000008003378                I2C1_EV_IRQHandler
                0x0000000008003378                DMA1_Channel6_IRQHandler
                0x0000000008003378                UART4_IRQHandler
                0x0000000008003378                DMA2_Channel4_IRQHandler
                0x0000000008003378                TIM3_IRQHandler
                0x0000000008003378                RCC_IRQHandler
                0x0000000008003378                DMA1_Channel1_IRQHandler
                0x0000000008003378                Default_Handler
                0x0000000008003378                USBWakeUp_RMP_IRQHandler
                0x0000000008003378                EXTI15_10_IRQHandler
                0x0000000008003378                TIM7_IRQHandler
                0x0000000008003378                EXTI9_5_IRQHandler
                0x0000000008003378                RTC_WKUP_IRQHandler
                0x0000000008003378                SPI2_IRQHandler
                0x0000000008003378                USB_LP_CAN_RX0_IRQHandler
                0x0000000008003378                DMA2_Channel5_IRQHandler
                0x0000000008003378                DMA1_Channel5_IRQHandler
                0x0000000008003378                USB_LP_IRQHandler
                0x0000000008003378                EXTI4_IRQHandler
                0x0000000008003378                TIM1_TRG_COM_TIM17_IRQHandler
                0x0000000008003378                DMA1_Channel3_IRQHandler
                0x0000000008003378                ADC4_IRQHandler
                0x0000000008003378                WWDG_IRQHandler
                0x0000000008003378                TIM2_IRQHandler
                0x0000000008003378                COMP7_IRQHandler
                0x0000000008003378                COMP1_2_3_IRQHandler
                0x0000000008003378                EXTI1_IRQHandler
                0x0000000008003378                USART2_IRQHandler
                0x0000000008003378                COMP4_5_6_IRQHandler
                0x0000000008003378                I2C2_ER_IRQHandler
                0x0000000008003378                DMA1_Channel2_IRQHandler
                0x0000000008003378                TIM8_BRK_IRQHandler
                0x0000000008003378                FLASH_IRQHandler
                0x0000000008003378                USART1_IRQHandler
                0x0000000008003378                SPI3_IRQHandler
                0x0000000008003378                I2C1_ER_IRQHandler
                0x0000000008003378                USBWakeUp_IRQHandler
                0x0000000008003378                DMA2_Channel3_IRQHandler
                0x0000000008003378                EXTI2_TSC_IRQHandler
                0x0000000008003378                TIM1_BRK_TIM15_IRQHandler
 *fill*         0x000000000800337a        0x2 
 .text.HAL_Init
                0x000000000800337c       0x2c ./Drivers/STM32F3xx_HAL_Driver/Src/stm32f3xx_hal.o
                0x000000000800337c                HAL_Init
 .text.HAL_InitTick
                0x00000000080033a8       0x60 ./Drivers/STM32F3xx_HAL_Driver/Src/stm32f3xx_hal.o
                0x00000000080033a8                HAL_InitTick
 .text.HAL_IncTick
                0x0000000008003408       0x28 ./Drivers/STM32F3xx_HAL_Driver/Src/stm32f3xx_hal.o
                0x0000000008003408                HAL_IncTick
 .text.HAL_GetTick
                0x0000000008003430       0x18 ./Drivers/STM32F3xx_HAL_Driver/Src/stm32f3xx_hal.o
                0x0000000008003430                HAL_GetTick
 .text.HAL_Delay
                0x0000000008003448       0x48 ./Drivers/STM32F3xx_HAL_Driver/Src/stm32f3xx_hal.o
                0x0000000008003448                HAL_Delay
 .text.__NVIC_SetPriorityGrouping
                0x0000000008003490       0x48 ./Drivers/STM32F3xx_HAL_Driver/Src/stm32f3xx_hal_cortex.o
 .text.__NVIC_GetPriorityGrouping
                0x00000000080034d8       0x1c ./Drivers/STM32F3xx_HAL_Driver/Src/stm32f3xx_hal_cortex.o
 .text.__NVIC_EnableIRQ
                0x00000000080034f4       0x3c ./Drivers/STM32F3xx_HAL_Driver/Src/stm32f3xx_hal_cortex.o
 .text.__NVIC_SetPriority
                0x0000000008003530       0x54 ./Drivers/STM32F3xx_HAL_Driver/Src/stm32f3xx_hal_cortex.o
 .text.NVIC_EncodePriority
                0x0000000008003584       0x66 ./Drivers/STM32F3xx_HAL_Driver/Src/stm32f3xx_hal_cortex.o
 *fill*         0x00000000080035ea        0x2 
 .text.SysTick_Config
                0x00000000080035ec       0x44 ./Drivers/STM32F3xx_HAL_Driver/Src/stm32f3xx_hal_cortex.o
 .text.HAL_NVIC_SetPriorityGrouping
                0x0000000008003630       0x16 ./Drivers/STM32F3xx_HAL_Driver/Src/stm32f3xx_hal_cortex.o
                0x0000000008003630                HAL_NVIC_SetPriorityGrouping
 .text.HAL_NVIC_SetPriority
                0x0000000008003646       0x38 ./Drivers/STM32F3xx_HAL_Driver/Src/stm32f3xx_hal_cortex.o
                0x0000000008003646                HAL_NVIC_SetPriority
 .text.HAL_NVIC_EnableIRQ
                0x000000000800367e       0x1c ./Drivers/STM32F3xx_HAL_Driver/Src/stm32f3xx_hal_cortex.o
                0x000000000800367e                HAL_NVIC_EnableIRQ
 .text.HAL_SYSTICK_Config
                0x000000000800369a       0x18 ./Drivers/STM32F3xx_HAL_Driver/Src/stm32f3xx_hal_cortex.o
                0x000000000800369a                HAL_SYSTICK_Config
 *fill*         0x00000000080036b2        0x2 
 .text.HAL_GPIO_Init
                0x00000000080036b4      0x2f4 ./Drivers/STM32F3xx_HAL_Driver/Src/stm32f3xx_hal_gpio.o
                0x00000000080036b4                HAL_GPIO_Init
 .text.HAL_GPIO_DeInit
                0x00000000080039a8      0x1b8 ./Drivers/STM32F3xx_HAL_Driver/Src/stm32f3xx_hal_gpio.o
                0x00000000080039a8                HAL_GPIO_DeInit
 .text.HAL_GPIO_ReadPin
                0x0000000008003b60       0x30 ./Drivers/STM32F3xx_HAL_Driver/Src/stm32f3xx_hal_gpio.o
                0x0000000008003b60                HAL_GPIO_ReadPin
 .text.HAL_GPIO_WritePin
                0x0000000008003b90       0x30 ./Drivers/STM32F3xx_HAL_Driver/Src/stm32f3xx_hal_gpio.o
                0x0000000008003b90                HAL_GPIO_WritePin
 .text.HAL_GPIO_TogglePin
                0x0000000008003bc0       0x34 ./Drivers/STM32F3xx_HAL_Driver/Src/stm32f3xx_hal_gpio.o
                0x0000000008003bc0                HAL_GPIO_TogglePin
 .text.HAL_GPIO_EXTI_IRQHandler
                0x0000000008003bf4       0x30 ./Drivers/STM32F3xx_HAL_Driver/Src/stm32f3xx_hal_gpio.o
                0x0000000008003bf4                HAL_GPIO_EXTI_IRQHandler
 .text.HAL_I2C_Init
                0x0000000008003c24      0x11e ./Drivers/STM32F3xx_HAL_Driver/Src/stm32f3xx_hal_i2c.o
                0x0000000008003c24                HAL_I2C_Init
 .text.HAL_I2C_DeInit
                0x0000000008003d42       0x5e ./Drivers/STM32F3xx_HAL_Driver/Src/stm32f3xx_hal_i2c.o
                0x0000000008003d42                HAL_I2C_DeInit
 .text.HAL_I2C_Mem_Write
                0x0000000008003da0      0x228 ./Drivers/STM32F3xx_HAL_Driver/Src/stm32f3xx_hal_i2c.o
                0x0000000008003da0                HAL_I2C_Mem_Write
 .text.HAL_I2C_Mem_Read
                0x0000000008003fc8      0x234 ./Drivers/STM32F3xx_HAL_Driver/Src/stm32f3xx_hal_i2c.o
                0x0000000008003fc8                HAL_I2C_Mem_Read
 .text.HAL_I2C_GetState
                0x00000000080041fc       0x1c ./Drivers/STM32F3xx_HAL_Driver/Src/stm32f3xx_hal_i2c.o
                0x00000000080041fc                HAL_I2C_GetState
 .text.I2C_RequestMemoryWrite
                0x0000000008004218       0xa8 ./Drivers/STM32F3xx_HAL_Driver/Src/stm32f3xx_hal_i2c.o
 .text.I2C_RequestMemoryRead
                0x00000000080042c0       0xa8 ./Drivers/STM32F3xx_HAL_Driver/Src/stm32f3xx_hal_i2c.o
 .text.I2C_Flush_TXDR
                0x0000000008004368       0x48 ./Drivers/STM32F3xx_HAL_Driver/Src/stm32f3xx_hal_i2c.o
 .text.I2C_WaitOnFlagUntilTimeout
                0x00000000080043b0       0x80 ./Drivers/STM32F3xx_HAL_Driver/Src/stm32f3xx_hal_i2c.o
 .text.I2C_WaitOnTXISFlagUntilTimeout
                0x0000000008004430       0x80 ./Drivers/STM32F3xx_HAL_Driver/Src/stm32f3xx_hal_i2c.o
 .text.I2C_WaitOnSTOPFlagUntilTimeout
                0x00000000080044b0       0x78 ./Drivers/STM32F3xx_HAL_Driver/Src/stm32f3xx_hal_i2c.o
 .text.I2C_IsAcknowledgeFailed
                0x0000000008004528       0xec ./Drivers/STM32F3xx_HAL_Driver/Src/stm32f3xx_hal_i2c.o
 .text.I2C_TransferConfig
                0x0000000008004614       0x5c ./Drivers/STM32F3xx_HAL_Driver/Src/stm32f3xx_hal_i2c.o
 .text.HAL_I2CEx_ConfigAnalogFilter
                0x0000000008004670       0x96 ./Drivers/STM32F3xx_HAL_Driver/Src/stm32f3xx_hal_i2c_ex.o
                0x0000000008004670                HAL_I2CEx_ConfigAnalogFilter
 .text.HAL_I2CEx_ConfigDigitalFilter
                0x0000000008004706       0x98 ./Drivers/STM32F3xx_HAL_Driver/Src/stm32f3xx_hal_i2c_ex.o
                0x0000000008004706                HAL_I2CEx_ConfigDigitalFilter
 *fill*         0x000000000800479e        0x2 
 .text.HAL_RCC_OscConfig
                0x00000000080047a0      0xe10 ./Drivers/STM32F3xx_HAL_Driver/Src/stm32f3xx_hal_rcc.o
                0x00000000080047a0                HAL_RCC_OscConfig
 .text.HAL_RCC_ClockConfig
                0x00000000080055b0      0x2f8 ./Drivers/STM32F3xx_HAL_Driver/Src/stm32f3xx_hal_rcc.o
                0x00000000080055b0                HAL_RCC_ClockConfig
 .text.HAL_RCC_GetSysClockFreq
                0x00000000080058a8       0xd4 ./Drivers/STM32F3xx_HAL_Driver/Src/stm32f3xx_hal_rcc.o
                0x00000000080058a8                HAL_RCC_GetSysClockFreq
 .text.HAL_RCC_GetHCLKFreq
                0x000000000800597c       0x18 ./Drivers/STM32F3xx_HAL_Driver/Src/stm32f3xx_hal_rcc.o
                0x000000000800597c                HAL_RCC_GetHCLKFreq
 .text.HAL_RCC_GetPCLK1Freq
                0x0000000008005994       0x44 ./Drivers/STM32F3xx_HAL_Driver/Src/stm32f3xx_hal_rcc.o
                0x0000000008005994                HAL_RCC_GetPCLK1Freq
 .text.HAL_RCC_GetPCLK2Freq
                0x00000000080059d8       0x44 ./Drivers/STM32F3xx_HAL_Driver/Src/stm32f3xx_hal_rcc.o
                0x00000000080059d8                HAL_RCC_GetPCLK2Freq
 .text.HAL_RCCEx_PeriphCLKConfig
                0x0000000008005a1c      0x360 ./Drivers/STM32F3xx_HAL_Driver/Src/stm32f3xx_hal_rcc_ex.o
                0x0000000008005a1c                HAL_RCCEx_PeriphCLKConfig
 .text.HAL_SPI_Init
                0x0000000008005d7c      0x156 ./Drivers/STM32F3xx_HAL_Driver/Src/stm32f3xx_hal_spi.o
                0x0000000008005d7c                HAL_SPI_Init
 .text.HAL_SPI_DeInit
                0x0000000008005ed2       0x50 ./Drivers/STM32F3xx_HAL_Driver/Src/stm32f3xx_hal_spi.o
                0x0000000008005ed2                HAL_SPI_DeInit
 .text.HAL_SPI_TransmitReceive
                0x0000000008005f22      0x426 ./Drivers/STM32F3xx_HAL_Driver/Src/stm32f3xx_hal_spi.o
                0x0000000008005f22                HAL_SPI_TransmitReceive
 .text.HAL_SPI_GetState
                0x0000000008006348       0x1c ./Drivers/STM32F3xx_HAL_Driver/Src/stm32f3xx_hal_spi.o
                0x0000000008006348                HAL_SPI_GetState
 .text.SPI_WaitFlagStateUntilTimeout
                0x0000000008006364      0x110 ./Drivers/STM32F3xx_HAL_Driver/Src/stm32f3xx_hal_spi.o
 .text.SPI_WaitFifoStateUntilTimeout
                0x0000000008006474      0x12c ./Drivers/STM32F3xx_HAL_Driver/Src/stm32f3xx_hal_spi.o
 .text.SPI_EndRxTxTransaction
                0x00000000080065a0       0x8c ./Drivers/STM32F3xx_HAL_Driver/Src/stm32f3xx_hal_spi.o
 .text.HAL_UART_Init
                0x000000000800662c       0x9c ./Drivers/STM32F3xx_HAL_Driver/Src/stm32f3xx_hal_uart.o
                0x000000000800662c                HAL_UART_Init
 .text.HAL_UART_Transmit
                0x00000000080066c8      0x128 ./Drivers/STM32F3xx_HAL_Driver/Src/stm32f3xx_hal_uart.o
                0x00000000080066c8                HAL_UART_Transmit
 .text.UART_SetConfig
                0x00000000080067f0      0x3a8 ./Drivers/STM32F3xx_HAL_Driver/Src/stm32f3xx_hal_uart.o
                0x00000000080067f0                UART_SetConfig
 .text.UART_AdvFeatureConfig
                0x0000000008006b98      0x144 ./Drivers/STM32F3xx_HAL_Driver/Src/stm32f3xx_hal_uart.o
                0x0000000008006b98                UART_AdvFeatureConfig
 .text.UART_CheckIdleState
                0x0000000008006cdc       0x92 ./Drivers/STM32F3xx_HAL_Driver/Src/stm32f3xx_hal_uart.o
                0x0000000008006cdc                UART_CheckIdleState
 .text.UART_WaitOnFlagUntilTimeout
                0x0000000008006d6e      0x188 ./Drivers/STM32F3xx_HAL_Driver/Src/stm32f3xx_hal_uart.o
                0x0000000008006d6e                UART_WaitOnFlagUntilTimeout
 *fill*         0x0000000008006ef6        0x2 
 .text.__errno  0x0000000008006ef8        0xc c:/st/stm32cubeide_1.7.0/stm32cubeide/plugins/com.st.stm32cube.ide.mcu.externaltools.gnu-tools-for-stm32.9-2020-q2-update.win32_2.0.0.202105311346/tools/bin/../lib/gcc/arm-none-eabi/9.3.1/../../../../arm-none-eabi/lib/thumb/v7e-m+fp/hard\libc_nano.a(lib_a-errno.o)
                0x0000000008006ef8                __errno
 .text.__libc_init_array
                0x0000000008006f04       0x48 c:/st/stm32cubeide_1.7.0/stm32cubeide/plugins/com.st.stm32cube.ide.mcu.externaltools.gnu-tools-for-stm32.9-2020-q2-update.win32_2.0.0.202105311346/tools/bin/../lib/gcc/arm-none-eabi/9.3.1/../../../../arm-none-eabi/lib/thumb/v7e-m+fp/hard\libc_nano.a(lib_a-init.o)
                0x0000000008006f04                __libc_init_array
 .text.memset   0x0000000008006f4c       0x10 c:/st/stm32cubeide_1.7.0/stm32cubeide/plugins/com.st.stm32cube.ide.mcu.externaltools.gnu-tools-for-stm32.9-2020-q2-update.win32_2.0.0.202105311346/tools/bin/../lib/gcc/arm-none-eabi/9.3.1/../../../../arm-none-eabi/lib/thumb/v7e-m+fp/hard\libc_nano.a(lib_a-memset.o)
                0x0000000008006f4c                memset
 .text.__cvt    0x0000000008006f5c       0xc4 c:/st/stm32cubeide_1.7.0/stm32cubeide/plugins/com.st.stm32cube.ide.mcu.externaltools.gnu-tools-for-stm32.9-2020-q2-update.win32_2.0.0.202105311346/tools/bin/../lib/gcc/arm-none-eabi/9.3.1/../../../../arm-none-eabi/lib/thumb/v7e-m+fp/hard\libc_nano.a(lib_a-nano-vfprintf_float.o)
                0x0000000008006f5c                __cvt
 .text.__exponent
                0x0000000008007020       0x7c c:/st/stm32cubeide_1.7.0/stm32cubeide/plugins/com.st.stm32cube.ide.mcu.externaltools.gnu-tools-for-stm32.9-2020-q2-update.win32_2.0.0.202105311346/tools/bin/../lib/gcc/arm-none-eabi/9.3.1/../../../../arm-none-eabi/lib/thumb/v7e-m+fp/hard\libc_nano.a(lib_a-nano-vfprintf_float.o)
                0x0000000008007020                __exponent
 .text._printf_float
                0x000000000800709c      0x46c c:/st/stm32cubeide_1.7.0/stm32cubeide/plugins/com.st.stm32cube.ide.mcu.externaltools.gnu-tools-for-stm32.9-2020-q2-update.win32_2.0.0.202105311346/tools/bin/../lib/gcc/arm-none-eabi/9.3.1/../../../../arm-none-eabi/lib/thumb/v7e-m+fp/hard\libc_nano.a(lib_a-nano-vfprintf_float.o)
                0x000000000800709c                _printf_float
 .text._printf_common
                0x0000000008007508       0xda c:/st/stm32cubeide_1.7.0/stm32cubeide/plugins/com.st.stm32cube.ide.mcu.externaltools.gnu-tools-for-stm32.9-2020-q2-update.win32_2.0.0.202105311346/tools/bin/../lib/gcc/arm-none-eabi/9.3.1/../../../../arm-none-eabi/lib/thumb/v7e-m+fp/hard\libc_nano.a(lib_a-nano-vfprintf_i.o)
                0x0000000008007508                _printf_common
 *fill*         0x00000000080075e2        0x2 
 .text._printf_i
                0x00000000080075e4      0x24c c:/st/stm32cubeide_1.7.0/stm32cubeide/plugins/com.st.stm32cube.ide.mcu.externaltools.gnu-tools-for-stm32.9-2020-q2-update.win32_2.0.0.202105311346/tools/bin/../lib/gcc/arm-none-eabi/9.3.1/../../../../arm-none-eabi/lib/thumb/v7e-m+fp/hard\libc_nano.a(lib_a-nano-vfprintf_i.o)
                0x00000000080075e4                _printf_i
 .text.printf   0x0000000008007830       0x30 c:/st/stm32cubeide_1.7.0/stm32cubeide/plugins/com.st.stm32cube.ide.mcu.externaltools.gnu-tools-for-stm32.9-2020-q2-update.win32_2.0.0.202105311346/tools/bin/../lib/gcc/arm-none-eabi/9.3.1/../../../../arm-none-eabi/lib/thumb/v7e-m+fp/hard\libc_nano.a(lib_a-printf.o)
                0x0000000008007830                iprintf
                0x0000000008007830                printf
 .text.quorem   0x0000000008007860      0x116 c:/st/stm32cubeide_1.7.0/stm32cubeide/plugins/com.st.stm32cube.ide.mcu.externaltools.gnu-tools-for-stm32.9-2020-q2-update.win32_2.0.0.202105311346/tools/bin/../lib/gcc/arm-none-eabi/9.3.1/../../../../arm-none-eabi/lib/thumb/v7e-m+fp/hard\libc_nano.a(lib_a-dtoa.o)
 *fill*         0x0000000008007976        0x2 
 .text._dtoa_r  0x0000000008007978      0xbd8 c:/st/stm32cubeide_1.7.0/stm32cubeide/plugins/com.st.stm32cube.ide.mcu.externaltools.gnu-tools-for-stm32.9-2020-q2-update.win32_2.0.0.202105311346/tools/bin/../lib/gcc/arm-none-eabi/9.3.1/../../../../arm-none-eabi/lib/thumb/v7e-m+fp/hard\libc_nano.a(lib_a-dtoa.o)
                0x0000000008007978                _dtoa_r
 .text.std      0x0000000008008550       0x48 c:/st/stm32cubeide_1.7.0/stm32cubeide/plugins/com.st.stm32cube.ide.mcu.externaltools.gnu-tools-for-stm32.9-2020-q2-update.win32_2.0.0.202105311346/tools/bin/../lib/gcc/arm-none-eabi/9.3.1/../../../../arm-none-eabi/lib/thumb/v7e-m+fp/hard\libc_nano.a(lib_a-findfp.o)
 .text._cleanup_r
                0x0000000008008598        0xc c:/st/stm32cubeide_1.7.0/stm32cubeide/plugins/com.st.stm32cube.ide.mcu.externaltools.gnu-tools-for-stm32.9-2020-q2-update.win32_2.0.0.202105311346/tools/bin/../lib/gcc/arm-none-eabi/9.3.1/../../../../arm-none-eabi/lib/thumb/v7e-m+fp/hard\libc_nano.a(lib_a-findfp.o)
                0x0000000008008598                _cleanup_r
 .text.__sfmoreglue
                0x00000000080085a4       0x2c c:/st/stm32cubeide_1.7.0/stm32cubeide/plugins/com.st.stm32cube.ide.mcu.externaltools.gnu-tools-for-stm32.9-2020-q2-update.win32_2.0.0.202105311346/tools/bin/../lib/gcc/arm-none-eabi/9.3.1/../../../../arm-none-eabi/lib/thumb/v7e-m+fp/hard\libc_nano.a(lib_a-findfp.o)
                0x00000000080085a4                __sfmoreglue
 .text.__sfp_lock_acquire
                0x00000000080085d0        0xc c:/st/stm32cubeide_1.7.0/stm32cubeide/plugins/com.st.stm32cube.ide.mcu.externaltools.gnu-tools-for-stm32.9-2020-q2-update.win32_2.0.0.202105311346/tools/bin/../lib/gcc/arm-none-eabi/9.3.1/../../../../arm-none-eabi/lib/thumb/v7e-m+fp/hard\libc_nano.a(lib_a-findfp.o)
                0x00000000080085d0                __sfp_lock_acquire
 .text.__sfp_lock_release
                0x00000000080085dc        0xc c:/st/stm32cubeide_1.7.0/stm32cubeide/plugins/com.st.stm32cube.ide.mcu.externaltools.gnu-tools-for-stm32.9-2020-q2-update.win32_2.0.0.202105311346/tools/bin/../lib/gcc/arm-none-eabi/9.3.1/../../../../arm-none-eabi/lib/thumb/v7e-m+fp/hard\libc_nano.a(lib_a-findfp.o)
                0x00000000080085dc                __sfp_lock_release
 .text.__sinit_lock_acquire
                0x00000000080085e8        0xc c:/st/stm32cubeide_1.7.0/stm32cubeide/plugins/com.st.stm32cube.ide.mcu.externaltools.gnu-tools-for-stm32.9-2020-q2-update.win32_2.0.0.202105311346/tools/bin/../lib/gcc/arm-none-eabi/9.3.1/../../../../arm-none-eabi/lib/thumb/v7e-m+fp/hard\libc_nano.a(lib_a-findfp.o)
                0x00000000080085e8                __sinit_lock_acquire
 .text.__sinit_lock_release
                0x00000000080085f4        0xc c:/st/stm32cubeide_1.7.0/stm32cubeide/plugins/com.st.stm32cube.ide.mcu.externaltools.gnu-tools-for-stm32.9-2020-q2-update.win32_2.0.0.202105311346/tools/bin/../lib/gcc/arm-none-eabi/9.3.1/../../../../arm-none-eabi/lib/thumb/v7e-m+fp/hard\libc_nano.a(lib_a-findfp.o)
                0x00000000080085f4                __sinit_lock_release
 .text.__sinit  0x0000000008008600       0x70 c:/st/stm32cubeide_1.7.0/stm32cubeide/plugins/com.st.stm32cube.ide.mcu.externaltools.gnu-tools-for-stm32.9-2020-q2-update.win32_2.0.0.202105311346/tools/bin/../lib/gcc/arm-none-eabi/9.3.1/../../../../arm-none-eabi/lib/thumb/v7e-m+fp/hard\libc_nano.a(lib_a-findfp.o)
                0x0000000008008600                __sinit
 .text.__sfp    0x0000000008008670       0x8c c:/st/stm32cubeide_1.7.0/stm32cubeide/plugins/com.st.stm32cube.ide.mcu.externaltools.gnu-tools-for-stm32.9-2020-q2-update.win32_2.0.0.202105311346/tools/bin/../lib/gcc/arm-none-eabi/9.3.1/../../../../arm-none-eabi/lib/thumb/v7e-m+fp/hard\libc_nano.a(lib_a-findfp.o)
                0x0000000008008670                __sfp
 .text._fwalk_reent
                0x00000000080086fc       0x3e c:/st/stm32cubeide_1.7.0/stm32cubeide/plugins/com.st.stm32cube.ide.mcu.externaltools.gnu-tools-for-stm32.9-2020-q2-update.win32_2.0.0.202105311346/tools/bin/../lib/gcc/arm-none-eabi/9.3.1/../../../../arm-none-eabi/lib/thumb/v7e-m+fp/hard\libc_nano.a(lib_a-fwalk.o)
                0x00000000080086fc                _fwalk_reent
 *fill*         0x000000000800873a        0x2 
 .text._localeconv_r
                0x000000000800873c        0x8 c:/st/stm32cubeide_1.7.0/stm32cubeide/plugins/com.st.stm32cube.ide.mcu.externaltools.gnu-tools-for-stm32.9-2020-q2-update.win32_2.0.0.202105311346/tools/bin/../lib/gcc/arm-none-eabi/9.3.1/../../../../arm-none-eabi/lib/thumb/v7e-m+fp/hard\libc_nano.a(lib_a-localeconv.o)
                0x000000000800873c                _localeconv_r
 .text.__retarget_lock_init_recursive
                0x0000000008008744        0x2 c:/st/stm32cubeide_1.7.0/stm32cubeide/plugins/com.st.stm32cube.ide.mcu.externaltools.gnu-tools-for-stm32.9-2020-q2-update.win32_2.0.0.202105311346/tools/bin/../lib/gcc/arm-none-eabi/9.3.1/../../../../arm-none-eabi/lib/thumb/v7e-m+fp/hard\libc_nano.a(lib_a-lock.o)
                0x0000000008008744                __retarget_lock_init_recursive
 .text.__retarget_lock_acquire_recursive
                0x0000000008008746        0x2 c:/st/stm32cubeide_1.7.0/stm32cubeide/plugins/com.st.stm32cube.ide.mcu.externaltools.gnu-tools-for-stm32.9-2020-q2-update.win32_2.0.0.202105311346/tools/bin/../lib/gcc/arm-none-eabi/9.3.1/../../../../arm-none-eabi/lib/thumb/v7e-m+fp/hard\libc_nano.a(lib_a-lock.o)
                0x0000000008008746                __retarget_lock_acquire_recursive
 .text.__retarget_lock_release_recursive
                0x0000000008008748        0x2 c:/st/stm32cubeide_1.7.0/stm32cubeide/plugins/com.st.stm32cube.ide.mcu.externaltools.gnu-tools-for-stm32.9-2020-q2-update.win32_2.0.0.202105311346/tools/bin/../lib/gcc/arm-none-eabi/9.3.1/../../../../arm-none-eabi/lib/thumb/v7e-m+fp/hard\libc_nano.a(lib_a-lock.o)
                0x0000000008008748                __retarget_lock_release_recursive
 *fill*         0x000000000800874a        0x2 
 .text.malloc   0x000000000800874c       0x10 c:/st/stm32cubeide_1.7.0/stm32cubeide/plugins/com.st.stm32cube.ide.mcu.externaltools.gnu-tools-for-stm32.9-2020-q2-update.win32_2.0.0.202105311346/tools/bin/../lib/gcc/arm-none-eabi/9.3.1/../../../../arm-none-eabi/lib/thumb/v7e-m+fp/hard\libc_nano.a(lib_a-malloc.o)
                0x000000000800874c                malloc
 .text.memcpy   0x000000000800875c       0x1c c:/st/stm32cubeide_1.7.0/stm32cubeide/plugins/com.st.stm32cube.ide.mcu.externaltools.gnu-tools-for-stm32.9-2020-q2-update.win32_2.0.0.202105311346/tools/bin/../lib/gcc/arm-none-eabi/9.3.1/../../../../arm-none-eabi/lib/thumb/v7e-m+fp/hard\libc_nano.a(lib_a-memcpy-stub.o)
                0x000000000800875c                memcpy
 .text._Balloc  0x0000000008008778       0x80 c:/st/stm32cubeide_1.7.0/stm32cubeide/plugins/com.st.stm32cube.ide.mcu.externaltools.gnu-tools-for-stm32.9-2020-q2-update.win32_2.0.0.202105311346/tools/bin/../lib/gcc/arm-none-eabi/9.3.1/../../../../arm-none-eabi/lib/thumb/v7e-m+fp/hard\libc_nano.a(lib_a-mprec.o)
                0x0000000008008778                _Balloc
 .text._Bfree   0x00000000080087f8       0x44 c:/st/stm32cubeide_1.7.0/stm32cubeide/plugins/com.st.stm32cube.ide.mcu.externaltools.gnu-tools-for-stm32.9-2020-q2-update.win32_2.0.0.202105311346/tools/bin/../lib/gcc/arm-none-eabi/9.3.1/../../../../arm-none-eabi/lib/thumb/v7e-m+fp/hard\libc_nano.a(lib_a-mprec.o)
                0x00000000080087f8                _Bfree
 .text.__multadd
                0x000000000800883c       0x94 c:/st/stm32cubeide_1.7.0/stm32cubeide/plugins/com.st.stm32cube.ide.mcu.externaltools.gnu-tools-for-stm32.9-2020-q2-update.win32_2.0.0.202105311346/tools/bin/../lib/gcc/arm-none-eabi/9.3.1/../../../../arm-none-eabi/lib/thumb/v7e-m+fp/hard\libc_nano.a(lib_a-mprec.o)
                0x000000000800883c                __multadd
 .text.__hi0bits
                0x00000000080088d0       0x40 c:/st/stm32cubeide_1.7.0/stm32cubeide/plugins/com.st.stm32cube.ide.mcu.externaltools.gnu-tools-for-stm32.9-2020-q2-update.win32_2.0.0.202105311346/tools/bin/../lib/gcc/arm-none-eabi/9.3.1/../../../../arm-none-eabi/lib/thumb/v7e-m+fp/hard\libc_nano.a(lib_a-mprec.o)
                0x00000000080088d0                __hi0bits
 .text.__lo0bits
                0x0000000008008910       0x60 c:/st/stm32cubeide_1.7.0/stm32cubeide/plugins/com.st.stm32cube.ide.mcu.externaltools.gnu-tools-for-stm32.9-2020-q2-update.win32_2.0.0.202105311346/tools/bin/../lib/gcc/arm-none-eabi/9.3.1/../../../../arm-none-eabi/lib/thumb/v7e-m+fp/hard\libc_nano.a(lib_a-mprec.o)
                0x0000000008008910                __lo0bits
 .text.__i2b    0x0000000008008970       0x2c c:/st/stm32cubeide_1.7.0/stm32cubeide/plugins/com.st.stm32cube.ide.mcu.externaltools.gnu-tools-for-stm32.9-2020-q2-update.win32_2.0.0.202105311346/tools/bin/../lib/gcc/arm-none-eabi/9.3.1/../../../../arm-none-eabi/lib/thumb/v7e-m+fp/hard\libc_nano.a(lib_a-mprec.o)
                0x0000000008008970                __i2b
 .text.__multiply
                0x000000000800899c      0x14c c:/st/stm32cubeide_1.7.0/stm32cubeide/plugins/com.st.stm32cube.ide.mcu.externaltools.gnu-tools-for-stm32.9-2020-q2-update.win32_2.0.0.202105311346/tools/bin/../lib/gcc/arm-none-eabi/9.3.1/../../../../arm-none-eabi/lib/thumb/v7e-m+fp/hard\libc_nano.a(lib_a-mprec.o)
                0x000000000800899c                __multiply
 .text.__pow5mult
                0x0000000008008ae8       0xb4 c:/st/stm32cubeide_1.7.0/stm32cubeide/plugins/com.st.stm32cube.ide.mcu.externaltools.gnu-tools-for-stm32.9-2020-q2-update.win32_2.0.0.202105311346/tools/bin/../lib/gcc/arm-none-eabi/9.3.1/../../../../arm-none-eabi/lib/thumb/v7e-m+fp/hard\libc_nano.a(lib_a-mprec.o)
                0x0000000008008ae8                __pow5mult
 .text.__lshift
                0x0000000008008b9c       0xd8 c:/st/stm32cubeide_1.7.0/stm32cubeide/plugins/com.st.stm32cube.ide.mcu.externaltools.gnu-tools-for-stm32.9-2020-q2-update.win32_2.0.0.202105311346/tools/bin/../lib/gcc/arm-none-eabi/9.3.1/../../../../arm-none-eabi/lib/thumb/v7e-m+fp/hard\libc_nano.a(lib_a-mprec.o)
                0x0000000008008b9c                __lshift
 .text.__mcmp   0x0000000008008c74       0x38 c:/st/stm32cubeide_1.7.0/stm32cubeide/plugins/com.st.stm32cube.ide.mcu.externaltools.gnu-tools-for-stm32.9-2020-q2-update.win32_2.0.0.202105311346/tools/bin/../lib/gcc/arm-none-eabi/9.3.1/../../../../arm-none-eabi/lib/thumb/v7e-m+fp/hard\libc_nano.a(lib_a-mprec.o)
                0x0000000008008c74                __mcmp
 .text.__mdiff  0x0000000008008cac      0x110 c:/st/stm32cubeide_1.7.0/stm32cubeide/plugins/com.st.stm32cube.ide.mcu.externaltools.gnu-tools-for-stm32.9-2020-q2-update.win32_2.0.0.202105311346/tools/bin/../lib/gcc/arm-none-eabi/9.3.1/../../../../arm-none-eabi/lib/thumb/v7e-m+fp/hard\libc_nano.a(lib_a-mprec.o)
                0x0000000008008cac                __mdiff
 .text.__d2b    0x0000000008008dbc       0xb8 c:/st/stm32cubeide_1.7.0/stm32cubeide/plugins/com.st.stm32cube.ide.mcu.externaltools.gnu-tools-for-stm32.9-2020-q2-update.win32_2.0.0.202105311346/tools/bin/../lib/gcc/arm-none-eabi/9.3.1/../../../../arm-none-eabi/lib/thumb/v7e-m+fp/hard\libc_nano.a(lib_a-mprec.o)
                0x0000000008008dbc                __d2b
 .text._calloc_r
                0x0000000008008e74       0x1e c:/st/stm32cubeide_1.7.0/stm32cubeide/plugins/com.st.stm32cube.ide.mcu.externaltools.gnu-tools-for-stm32.9-2020-q2-update.win32_2.0.0.202105311346/tools/bin/../lib/gcc/arm-none-eabi/9.3.1/../../../../arm-none-eabi/lib/thumb/v7e-m+fp/hard\libc_nano.a(lib_a-nano-callocr.o)
                0x0000000008008e74                _calloc_r
 *fill*         0x0000000008008e92        0x2 
 .text._free_r  0x0000000008008e94       0xa0 c:/st/stm32cubeide_1.7.0/stm32cubeide/plugins/com.st.stm32cube.ide.mcu.externaltools.gnu-tools-for-stm32.9-2020-q2-update.win32_2.0.0.202105311346/tools/bin/../lib/gcc/arm-none-eabi/9.3.1/../../../../arm-none-eabi/lib/thumb/v7e-m+fp/hard\libc_nano.a(lib_a-nano-freer.o)
                0x0000000008008e94                _free_r
 .text._malloc_r
                0x0000000008008f34       0xb4 c:/st/stm32cubeide_1.7.0/stm32cubeide/plugins/com.st.stm32cube.ide.mcu.externaltools.gnu-tools-for-stm32.9-2020-q2-update.win32_2.0.0.202105311346/tools/bin/../lib/gcc/arm-none-eabi/9.3.1/../../../../arm-none-eabi/lib/thumb/v7e-m+fp/hard\libc_nano.a(lib_a-nano-mallocr.o)
                0x0000000008008f34                _malloc_r
 .text.__sfputc_r
                0x0000000008008fe8       0x2e c:/st/stm32cubeide_1.7.0/stm32cubeide/plugins/com.st.stm32cube.ide.mcu.externaltools.gnu-tools-for-stm32.9-2020-q2-update.win32_2.0.0.202105311346/tools/bin/../lib/gcc/arm-none-eabi/9.3.1/../../../../arm-none-eabi/lib/thumb/v7e-m+fp/hard\libc_nano.a(lib_a-nano-vfprintf.o)
 .text.__sfputs_r
                0x0000000008009016       0x24 c:/st/stm32cubeide_1.7.0/stm32cubeide/plugins/com.st.stm32cube.ide.mcu.externaltools.gnu-tools-for-stm32.9-2020-q2-update.win32_2.0.0.202105311346/tools/bin/../lib/gcc/arm-none-eabi/9.3.1/../../../../arm-none-eabi/lib/thumb/v7e-m+fp/hard\libc_nano.a(lib_a-nano-vfprintf.o)
                0x0000000008009016                __sfputs_r
 *fill*         0x000000000800903a        0x2 
 .text._vfprintf_r
                0x000000000800903c      0x260 c:/st/stm32cubeide_1.7.0/stm32cubeide/plugins/com.st.stm32cube.ide.mcu.externaltools.gnu-tools-for-stm32.9-2020-q2-update.win32_2.0.0.202105311346/tools/bin/../lib/gcc/arm-none-eabi/9.3.1/../../../../arm-none-eabi/lib/thumb/v7e-m+fp/hard\libc_nano.a(lib_a-nano-vfprintf.o)
                0x000000000800903c                _vfprintf_r
                0x000000000800903c                _vfiprintf_r
 .text._sbrk_r  0x000000000800929c       0x20 c:/st/stm32cubeide_1.7.0/stm32cubeide/plugins/com.st.stm32cube.ide.mcu.externaltools.gnu-tools-for-stm32.9-2020-q2-update.win32_2.0.0.202105311346/tools/bin/../lib/gcc/arm-none-eabi/9.3.1/../../../../arm-none-eabi/lib/thumb/v7e-m+fp/hard\libc_nano.a(lib_a-sbrkr.o)
                0x000000000800929c                _sbrk_r
 .text.__sread  0x00000000080092bc       0x22 c:/st/stm32cubeide_1.7.0/stm32cubeide/plugins/com.st.stm32cube.ide.mcu.externaltools.gnu-tools-for-stm32.9-2020-q2-update.win32_2.0.0.202105311346/tools/bin/../lib/gcc/arm-none-eabi/9.3.1/../../../../arm-none-eabi/lib/thumb/v7e-m+fp/hard\libc_nano.a(lib_a-stdio.o)
                0x00000000080092bc                __sread
 .text.__swrite
                0x00000000080092de       0x38 c:/st/stm32cubeide_1.7.0/stm32cubeide/plugins/com.st.stm32cube.ide.mcu.externaltools.gnu-tools-for-stm32.9-2020-q2-update.win32_2.0.0.202105311346/tools/bin/../lib/gcc/arm-none-eabi/9.3.1/../../../../arm-none-eabi/lib/thumb/v7e-m+fp/hard\libc_nano.a(lib_a-stdio.o)
                0x00000000080092de                __swrite
 .text.__sseek  0x0000000008009316       0x24 c:/st/stm32cubeide_1.7.0/stm32cubeide/plugins/com.st.stm32cube.ide.mcu.externaltools.gnu-tools-for-stm32.9-2020-q2-update.win32_2.0.0.202105311346/tools/bin/../lib/gcc/arm-none-eabi/9.3.1/../../../../arm-none-eabi/lib/thumb/v7e-m+fp/hard\libc_nano.a(lib_a-stdio.o)
                0x0000000008009316                __sseek
 .text.__sclose
                0x000000000800933a        0x8 c:/st/stm32cubeide_1.7.0/stm32cubeide/plugins/com.st.stm32cube.ide.mcu.externaltools.gnu-tools-for-stm32.9-2020-q2-update.win32_2.0.0.202105311346/tools/bin/../lib/gcc/arm-none-eabi/9.3.1/../../../../arm-none-eabi/lib/thumb/v7e-m+fp/hard\libc_nano.a(lib_a-stdio.o)
                0x000000000800933a                __sclose
 *fill*         0x0000000008009342        0x2 
 .text.__swbuf_r
                0x0000000008009344       0xa4 c:/st/stm32cubeide_1.7.0/stm32cubeide/plugins/com.st.stm32cube.ide.mcu.externaltools.gnu-tools-for-stm32.9-2020-q2-update.win32_2.0.0.202105311346/tools/bin/../lib/gcc/arm-none-eabi/9.3.1/../../../../arm-none-eabi/lib/thumb/v7e-m+fp/hard\libc_nano.a(lib_a-wbuf.o)
                0x0000000008009344                __swbuf_r
 .text._write_r
                0x00000000080093e8       0x24 c:/st/stm32cubeide_1.7.0/stm32cubeide/plugins/com.st.stm32cube.ide.mcu.externaltools.gnu-tools-for-stm32.9-2020-q2-update.win32_2.0.0.202105311346/tools/bin/../lib/gcc/arm-none-eabi/9.3.1/../../../../arm-none-eabi/lib/thumb/v7e-m+fp/hard\libc_nano.a(lib_a-writer.o)
                0x00000000080093e8                _write_r
 .text.__swsetup_r
                0x000000000800940c       0xdc c:/st/stm32cubeide_1.7.0/stm32cubeide/plugins/com.st.stm32cube.ide.mcu.externaltools.gnu-tools-for-stm32.9-2020-q2-update.win32_2.0.0.202105311346/tools/bin/../lib/gcc/arm-none-eabi/9.3.1/../../../../arm-none-eabi/lib/thumb/v7e-m+fp/hard\libc_nano.a(lib_a-wsetup.o)
                0x000000000800940c                __swsetup_r
 .text.__assert_func
                0x00000000080094e8       0x3c c:/st/stm32cubeide_1.7.0/stm32cubeide/plugins/com.st.stm32cube.ide.mcu.externaltools.gnu-tools-for-stm32.9-2020-q2-update.win32_2.0.0.202105311346/tools/bin/../lib/gcc/arm-none-eabi/9.3.1/../../../../arm-none-eabi/lib/thumb/v7e-m+fp/hard\libc_nano.a(lib_a-assert.o)
                0x00000000080094e8                __assert_func
 .text._close_r
                0x0000000008009524       0x20 c:/st/stm32cubeide_1.7.0/stm32cubeide/plugins/com.st.stm32cube.ide.mcu.externaltools.gnu-tools-for-stm32.9-2020-q2-update.win32_2.0.0.202105311346/tools/bin/../lib/gcc/arm-none-eabi/9.3.1/../../../../arm-none-eabi/lib/thumb/v7e-m+fp/hard\libc_nano.a(lib_a-closer.o)
                0x0000000008009524                _close_r
 .text.__sflush_r
                0x0000000008009544      0x10c c:/st/stm32cubeide_1.7.0/stm32cubeide/plugins/com.st.stm32cube.ide.mcu.externaltools.gnu-tools-for-stm32.9-2020-q2-update.win32_2.0.0.202105311346/tools/bin/../lib/gcc/arm-none-eabi/9.3.1/../../../../arm-none-eabi/lib/thumb/v7e-m+fp/hard\libc_nano.a(lib_a-fflush.o)
                0x0000000008009544                __sflush_r
 .text._fflush_r
                0x0000000008009650       0x78 c:/st/stm32cubeide_1.7.0/stm32cubeide/plugins/com.st.stm32cube.ide.mcu.externaltools.gnu-tools-for-stm32.9-2020-q2-update.win32_2.0.0.202105311346/tools/bin/../lib/gcc/arm-none-eabi/9.3.1/../../../../arm-none-eabi/lib/thumb/v7e-m+fp/hard\libc_nano.a(lib_a-fflush.o)
                0x0000000008009650                _fflush_r
 .text.fprintf  0x00000000080096c8       0x24 c:/st/stm32cubeide_1.7.0/stm32cubeide/plugins/com.st.stm32cube.ide.mcu.externaltools.gnu-tools-for-stm32.9-2020-q2-update.win32_2.0.0.202105311346/tools/bin/../lib/gcc/arm-none-eabi/9.3.1/../../../../arm-none-eabi/lib/thumb/v7e-m+fp/hard\libc_nano.a(lib_a-fprintf.o)
                0x00000000080096c8                fiprintf
                0x00000000080096c8                fprintf
 .text._lseek_r
                0x00000000080096ec       0x24 c:/st/stm32cubeide_1.7.0/stm32cubeide/plugins/com.st.stm32cube.ide.mcu.externaltools.gnu-tools-for-stm32.9-2020-q2-update.win32_2.0.0.202105311346/tools/bin/../lib/gcc/arm-none-eabi/9.3.1/../../../../arm-none-eabi/lib/thumb/v7e-m+fp/hard\libc_nano.a(lib_a-lseekr.o)
                0x00000000080096ec                _lseek_r
 .text.__swhatbuf_r
                0x0000000008009710       0x48 c:/st/stm32cubeide_1.7.0/stm32cubeide/plugins/com.st.stm32cube.ide.mcu.externaltools.gnu-tools-for-stm32.9-2020-q2-update.win32_2.0.0.202105311346/tools/bin/../lib/gcc/arm-none-eabi/9.3.1/../../../../arm-none-eabi/lib/thumb/v7e-m+fp/hard\libc_nano.a(lib_a-makebuf.o)
                0x0000000008009710                __swhatbuf_r
 .text.__smakebuf_r
                0x0000000008009758       0x80 c:/st/stm32cubeide_1.7.0/stm32cubeide/plugins/com.st.stm32cube.ide.mcu.externaltools.gnu-tools-for-stm32.9-2020-q2-update.win32_2.0.0.202105311346/tools/bin/../lib/gcc/arm-none-eabi/9.3.1/../../../../arm-none-eabi/lib/thumb/v7e-m+fp/hard\libc_nano.a(lib_a-makebuf.o)
                0x0000000008009758                __smakebuf_r
 .text.__ascii_mbtowc
                0x00000000080097d8       0x24 c:/st/stm32cubeide_1.7.0/stm32cubeide/plugins/com.st.stm32cube.ide.mcu.externaltools.gnu-tools-for-stm32.9-2020-q2-update.win32_2.0.0.202105311346/tools/bin/../lib/gcc/arm-none-eabi/9.3.1/../../../../arm-none-eabi/lib/thumb/v7e-m+fp/hard\libc_nano.a(lib_a-mbtowc_r.o)
                0x00000000080097d8                __ascii_mbtowc
 .text.__malloc_lock
                0x00000000080097fc        0xc c:/st/stm32cubeide_1.7.0/stm32cubeide/plugins/com.st.stm32cube.ide.mcu.externaltools.gnu-tools-for-stm32.9-2020-q2-update.win32_2.0.0.202105311346/tools/bin/../lib/gcc/arm-none-eabi/9.3.1/../../../../arm-none-eabi/lib/thumb/v7e-m+fp/hard\libc_nano.a(lib_a-mlock.o)
                0x00000000080097fc                __malloc_lock
 .text.__malloc_unlock
                0x0000000008009808        0xc c:/st/stm32cubeide_1.7.0/stm32cubeide/plugins/com.st.stm32cube.ide.mcu.externaltools.gnu-tools-for-stm32.9-2020-q2-update.win32_2.0.0.202105311346/tools/bin/../lib/gcc/arm-none-eabi/9.3.1/../../../../arm-none-eabi/lib/thumb/v7e-m+fp/hard\libc_nano.a(lib_a-mlock.o)
                0x0000000008009808                __malloc_unlock
 .text._read_r  0x0000000008009814       0x24 c:/st/stm32cubeide_1.7.0/stm32cubeide/plugins/com.st.stm32cube.ide.mcu.externaltools.gnu-tools-for-stm32.9-2020-q2-update.win32_2.0.0.202105311346/tools/bin/../lib/gcc/arm-none-eabi/9.3.1/../../../../arm-none-eabi/lib/thumb/v7e-m+fp/hard\libc_nano.a(lib_a-readr.o)
                0x0000000008009814                _read_r
 .text.__ascii_wctomb
                0x0000000008009838       0x1a c:/st/stm32cubeide_1.7.0/stm32cubeide/plugins/com.st.stm32cube.ide.mcu.externaltools.gnu-tools-for-stm32.9-2020-q2-update.win32_2.0.0.202105311346/tools/bin/../lib/gcc/arm-none-eabi/9.3.1/../../../../arm-none-eabi/lib/thumb/v7e-m+fp/hard\libc_nano.a(lib_a-wctomb_r.o)
                0x0000000008009838                __ascii_wctomb
 .text.abort    0x0000000008009852        0xe c:/st/stm32cubeide_1.7.0/stm32cubeide/plugins/com.st.stm32cube.ide.mcu.externaltools.gnu-tools-for-stm32.9-2020-q2-update.win32_2.0.0.202105311346/tools/bin/../lib/gcc/arm-none-eabi/9.3.1/../../../../arm-none-eabi/lib/thumb/v7e-m+fp/hard\libc_nano.a(lib_a-abort.o)
                0x0000000008009852                abort
 .text._fstat_r
                0x0000000008009860       0x24 c:/st/stm32cubeide_1.7.0/stm32cubeide/plugins/com.st.stm32cube.ide.mcu.externaltools.gnu-tools-for-stm32.9-2020-q2-update.win32_2.0.0.202105311346/tools/bin/../lib/gcc/arm-none-eabi/9.3.1/../../../../arm-none-eabi/lib/thumb/v7e-m+fp/hard\libc_nano.a(lib_a-fstatr.o)
                0x0000000008009860                _fstat_r
 .text._isatty_r
                0x0000000008009884       0x20 c:/st/stm32cubeide_1.7.0/stm32cubeide/plugins/com.st.stm32cube.ide.mcu.externaltools.gnu-tools-for-stm32.9-2020-q2-update.win32_2.0.0.202105311346/tools/bin/../lib/gcc/arm-none-eabi/9.3.1/../../../../arm-none-eabi/lib/thumb/v7e-m+fp/hard\libc_nano.a(lib_a-isattyr.o)
                0x0000000008009884                _isatty_r
 .text._raise_r
                0x00000000080098a4       0x50 c:/st/stm32cubeide_1.7.0/stm32cubeide/plugins/com.st.stm32cube.ide.mcu.externaltools.gnu-tools-for-stm32.9-2020-q2-update.win32_2.0.0.202105311346/tools/bin/../lib/gcc/arm-none-eabi/9.3.1/../../../../arm-none-eabi/lib/thumb/v7e-m+fp/hard\libc_nano.a(lib_a-signal.o)
                0x00000000080098a4                _raise_r
 .text.raise    0x00000000080098f4       0x10 c:/st/stm32cubeide_1.7.0/stm32cubeide/plugins/com.st.stm32cube.ide.mcu.externaltools.gnu-tools-for-stm32.9-2020-q2-update.win32_2.0.0.202105311346/tools/bin/../lib/gcc/arm-none-eabi/9.3.1/../../../../arm-none-eabi/lib/thumb/v7e-m+fp/hard\libc_nano.a(lib_a-signal.o)
                0x00000000080098f4                raise
 .text._kill_r  0x0000000008009904       0x24 c:/st/stm32cubeide_1.7.0/stm32cubeide/plugins/com.st.stm32cube.ide.mcu.externaltools.gnu-tools-for-stm32.9-2020-q2-update.win32_2.0.0.202105311346/tools/bin/../lib/gcc/arm-none-eabi/9.3.1/../../../../arm-none-eabi/lib/thumb/v7e-m+fp/hard\libc_nano.a(lib_a-signalr.o)
                0x0000000008009904                _kill_r
 .text._getpid_r
                0x0000000008009928        0x4 c:/st/stm32cubeide_1.7.0/stm32cubeide/plugins/com.st.stm32cube.ide.mcu.externaltools.gnu-tools-for-stm32.9-2020-q2-update.win32_2.0.0.202105311346/tools/bin/../lib/gcc/arm-none-eabi/9.3.1/../../../../arm-none-eabi/lib/thumb/v7e-m+fp/hard\libc_nano.a(lib_a-signalr.o)
                0x0000000008009928                _getpid_r
 *(.glue_7)
 .glue_7        0x000000000800992c        0x0 linker stubs
 *(.glue_7t)
 .glue_7t       0x000000000800992c        0x0 linker stubs
 *(.eh_frame)
 .eh_frame      0x000000000800992c        0x0 c:/st/stm32cubeide_1.7.0/stm32cubeide/plugins/com.st.stm32cube.ide.mcu.externaltools.gnu-tools-for-stm32.9-2020-q2-update.win32_2.0.0.202105311346/tools/bin/../lib/gcc/arm-none-eabi/9.3.1/thumb/v7e-m+fp/hard/crtbegin.o
 *(.init)
 .init          0x000000000800992c        0x4 c:/st/stm32cubeide_1.7.0/stm32cubeide/plugins/com.st.stm32cube.ide.mcu.externaltools.gnu-tools-for-stm32.9-2020-q2-update.win32_2.0.0.202105311346/tools/bin/../lib/gcc/arm-none-eabi/9.3.1/thumb/v7e-m+fp/hard/crti.o
                0x000000000800992c                _init
 .init          0x0000000008009930        0x8 c:/st/stm32cubeide_1.7.0/stm32cubeide/plugins/com.st.stm32cube.ide.mcu.externaltools.gnu-tools-for-stm32.9-2020-q2-update.win32_2.0.0.202105311346/tools/bin/../lib/gcc/arm-none-eabi/9.3.1/thumb/v7e-m+fp/hard/crtn.o
 *(.fini)
 .fini          0x0000000008009938        0x4 c:/st/stm32cubeide_1.7.0/stm32cubeide/plugins/com.st.stm32cube.ide.mcu.externaltools.gnu-tools-for-stm32.9-2020-q2-update.win32_2.0.0.202105311346/tools/bin/../lib/gcc/arm-none-eabi/9.3.1/thumb/v7e-m+fp/hard/crti.o
                0x0000000008009938                _fini
 .fini          0x000000000800993c        0x8 c:/st/stm32cubeide_1.7.0/stm32cubeide/plugins/com.st.stm32cube.ide.mcu.externaltools.gnu-tools-for-stm32.9-2020-q2-update.win32_2.0.0.202105311346/tools/bin/../lib/gcc/arm-none-eabi/9.3.1/thumb/v7e-m+fp/hard/crtn.o
                0x0000000008009944                . = ALIGN (0x4)
                0x0000000008009944                _etext = .

.vfp11_veneer   0x0000000008009944        0x0
 .vfp11_veneer  0x0000000008009944        0x0 linker stubs

.v4_bx          0x0000000008009944        0x0
 .v4_bx         0x0000000008009944        0x0 linker stubs

.iplt           0x0000000008009944        0x0
 .iplt          0x0000000008009944        0x0 c:/st/stm32cubeide_1.7.0/stm32cubeide/plugins/com.st.stm32cube.ide.mcu.externaltools.gnu-tools-for-stm32.9-2020-q2-update.win32_2.0.0.202105311346/tools/bin/../lib/gcc/arm-none-eabi/9.3.1/thumb/v7e-m+fp/hard/crtbegin.o

.rodata         0x0000000008009948      0x454
                0x0000000008009948                . = ALIGN (0x4)
 *(.rodata)
 .rodata        0x0000000008009948       0x25 ./Core/Src/mems.o
 *(.rodata*)
 *fill*         0x000000000800996d        0x3 
 .rodata.LED_PIN
                0x0000000008009970       0x10 ./BSP/STM32F3-Discovery/stm32f3_discovery.o
                0x0000000008009970                LED_PIN
 .rodata.AHBPrescTable
                0x0000000008009980       0x10 ./Core/Src/system_stm32f3xx.o
                0x0000000008009980                AHBPrescTable
 .rodata.APBPrescTable
                0x0000000008009990        0x8 ./Core/Src/system_stm32f3xx.o
                0x0000000008009990                APBPrescTable
 .rodata.aPLLMULFactorTable
                0x0000000008009998       0x10 ./Drivers/STM32F3xx_HAL_Driver/Src/stm32f3xx_hal_rcc.o
                0x0000000008009998                aPLLMULFactorTable
 .rodata.aPredivFactorTable
                0x00000000080099a8       0x10 ./Drivers/STM32F3xx_HAL_Driver/Src/stm32f3xx_hal_rcc.o
                0x00000000080099a8                aPredivFactorTable
 .rodata._global_impure_ptr
                0x00000000080099b8        0x4 c:/st/stm32cubeide_1.7.0/stm32cubeide/plugins/com.st.stm32cube.ide.mcu.externaltools.gnu-tools-for-stm32.9-2020-q2-update.win32_2.0.0.202105311346/tools/bin/../lib/gcc/arm-none-eabi/9.3.1/../../../../arm-none-eabi/lib/thumb/v7e-m+fp/hard\libc_nano.a(lib_a-impure.o)
                0x00000000080099b8                _global_impure_ptr
 .rodata._printf_float.str1.1
                0x00000000080099bc       0x12 c:/st/stm32cubeide_1.7.0/stm32cubeide/plugins/com.st.stm32cube.ide.mcu.externaltools.gnu-tools-for-stm32.9-2020-q2-update.win32_2.0.0.202105311346/tools/bin/../lib/gcc/arm-none-eabi/9.3.1/../../../../arm-none-eabi/lib/thumb/v7e-m+fp/hard\libc_nano.a(lib_a-nano-vfprintf_float.o)
 .rodata._printf_i.str1.1
                0x00000000080099ce       0x22 c:/st/stm32cubeide_1.7.0/stm32cubeide/plugins/com.st.stm32cube.ide.mcu.externaltools.gnu-tools-for-stm32.9-2020-q2-update.win32_2.0.0.202105311346/tools/bin/../lib/gcc/arm-none-eabi/9.3.1/../../../../arm-none-eabi/lib/thumb/v7e-m+fp/hard\libc_nano.a(lib_a-nano-vfprintf_i.o)
 .rodata._dtoa_r.str1.1
                0x00000000080099f0       0x94 c:/st/stm32cubeide_1.7.0/stm32cubeide/plugins/com.st.stm32cube.ide.mcu.externaltools.gnu-tools-for-stm32.9-2020-q2-update.win32_2.0.0.202105311346/tools/bin/../lib/gcc/arm-none-eabi/9.3.1/../../../../arm-none-eabi/lib/thumb/v7e-m+fp/hard\libc_nano.a(lib_a-dtoa.o)
                                         0x96 (size before relaxing)
 .rodata.__sf_fake_stderr
                0x0000000008009a84       0x20 c:/st/stm32cubeide_1.7.0/stm32cubeide/plugins/com.st.stm32cube.ide.mcu.externaltools.gnu-tools-for-stm32.9-2020-q2-update.win32_2.0.0.202105311346/tools/bin/../lib/gcc/arm-none-eabi/9.3.1/../../../../arm-none-eabi/lib/thumb/v7e-m+fp/hard\libc_nano.a(lib_a-findfp.o)
                0x0000000008009a84                __sf_fake_stderr
 .rodata.__sf_fake_stdin
                0x0000000008009aa4       0x20 c:/st/stm32cubeide_1.7.0/stm32cubeide/plugins/com.st.stm32cube.ide.mcu.externaltools.gnu-tools-for-stm32.9-2020-q2-update.win32_2.0.0.202105311346/tools/bin/../lib/gcc/arm-none-eabi/9.3.1/../../../../arm-none-eabi/lib/thumb/v7e-m+fp/hard\libc_nano.a(lib_a-findfp.o)
                0x0000000008009aa4                __sf_fake_stdin
 .rodata.__sf_fake_stdout
                0x0000000008009ac4       0x20 c:/st/stm32cubeide_1.7.0/stm32cubeide/plugins/com.st.stm32cube.ide.mcu.externaltools.gnu-tools-for-stm32.9-2020-q2-update.win32_2.0.0.202105311346/tools/bin/../lib/gcc/arm-none-eabi/9.3.1/../../../../arm-none-eabi/lib/thumb/v7e-m+fp/hard\libc_nano.a(lib_a-findfp.o)
                0x0000000008009ac4                __sf_fake_stdout
 .rodata._Balloc.str1.1
                0x0000000008009ae4       0x60 c:/st/stm32cubeide_1.7.0/stm32cubeide/plugins/com.st.stm32cube.ide.mcu.externaltools.gnu-tools-for-stm32.9-2020-q2-update.win32_2.0.0.202105311346/tools/bin/../lib/gcc/arm-none-eabi/9.3.1/../../../../arm-none-eabi/lib/thumb/v7e-m+fp/hard\libc_nano.a(lib_a-mprec.o)
                                         0x77 (size before relaxing)
 .rodata.__multadd.str1.1
                0x0000000008009b44       0x11 c:/st/stm32cubeide_1.7.0/stm32cubeide/plugins/com.st.stm32cube.ide.mcu.externaltools.gnu-tools-for-stm32.9-2020-q2-update.win32_2.0.0.202105311346/tools/bin/../lib/gcc/arm-none-eabi/9.3.1/../../../../arm-none-eabi/lib/thumb/v7e-m+fp/hard\libc_nano.a(lib_a-mprec.o)
 *fill*         0x0000000008009b44        0x4 
 .rodata.__mprec_bigtens
                0x0000000008009b48       0x28 c:/st/stm32cubeide_1.7.0/stm32cubeide/plugins/com.st.stm32cube.ide.mcu.externaltools.gnu-tools-for-stm32.9-2020-q2-update.win32_2.0.0.202105311346/tools/bin/../lib/gcc/arm-none-eabi/9.3.1/../../../../arm-none-eabi/lib/thumb/v7e-m+fp/hard\libc_nano.a(lib_a-mprec.o)
                0x0000000008009b48                __mprec_bigtens
 .rodata.__mprec_tens
                0x0000000008009b70       0xc8 c:/st/stm32cubeide_1.7.0/stm32cubeide/plugins/com.st.stm32cube.ide.mcu.externaltools.gnu-tools-for-stm32.9-2020-q2-update.win32_2.0.0.202105311346/tools/bin/../lib/gcc/arm-none-eabi/9.3.1/../../../../arm-none-eabi/lib/thumb/v7e-m+fp/hard\libc_nano.a(lib_a-mprec.o)
                0x0000000008009b70                __mprec_tens
 .rodata.p05.7513
                0x0000000008009c38        0xc c:/st/stm32cubeide_1.7.0/stm32cubeide/plugins/com.st.stm32cube.ide.mcu.externaltools.gnu-tools-for-stm32.9-2020-q2-update.win32_2.0.0.202105311346/tools/bin/../lib/gcc/arm-none-eabi/9.3.1/../../../../arm-none-eabi/lib/thumb/v7e-m+fp/hard\libc_nano.a(lib_a-mprec.o)
 .rodata._vfprintf_r.str1.1
                0x0000000008009c44       0x11 c:/st/stm32cubeide_1.7.0/stm32cubeide/plugins/com.st.stm32cube.ide.mcu.externaltools.gnu-tools-for-stm32.9-2020-q2-update.win32_2.0.0.202105311346/tools/bin/../lib/gcc/arm-none-eabi/9.3.1/../../../../arm-none-eabi/lib/thumb/v7e-m+fp/hard\libc_nano.a(lib_a-nano-vfprintf.o)
 .rodata.__assert_func.str1.1
                0x0000000008009c55       0x3c c:/st/stm32cubeide_1.7.0/stm32cubeide/plugins/com.st.stm32cube.ide.mcu.externaltools.gnu-tools-for-stm32.9-2020-q2-update.win32_2.0.0.202105311346/tools/bin/../lib/gcc/arm-none-eabi/9.3.1/../../../../arm-none-eabi/lib/thumb/v7e-m+fp/hard\libc_nano.a(lib_a-assert.o)
                                         0x3d (size before relaxing)
 .rodata._setlocale_r.str1.1
                0x0000000008009c91        0x8 c:/st/stm32cubeide_1.7.0/stm32cubeide/plugins/com.st.stm32cube.ide.mcu.externaltools.gnu-tools-for-stm32.9-2020-q2-update.win32_2.0.0.202105311346/tools/bin/../lib/gcc/arm-none-eabi/9.3.1/../../../../arm-none-eabi/lib/thumb/v7e-m+fp/hard\libc_nano.a(lib_a-locale.o)
                                          0x9 (size before relaxing)
 .rodata.str1.1
                0x0000000008009c99        0x2 c:/st/stm32cubeide_1.7.0/stm32cubeide/plugins/com.st.stm32cube.ide.mcu.externaltools.gnu-tools-for-stm32.9-2020-q2-update.win32_2.0.0.202105311346/tools/bin/../lib/gcc/arm-none-eabi/9.3.1/../../../../arm-none-eabi/lib/thumb/v7e-m+fp/hard\libc_nano.a(lib_a-locale.o)
 .rodata._ctype_
                0x0000000008009c9b      0x101 c:/st/stm32cubeide_1.7.0/stm32cubeide/plugins/com.st.stm32cube.ide.mcu.externaltools.gnu-tools-for-stm32.9-2020-q2-update.win32_2.0.0.202105311346/tools/bin/../lib/gcc/arm-none-eabi/9.3.1/../../../../arm-none-eabi/lib/thumb/v7e-m+fp/hard\libc_nano.a(lib_a-ctype_.o)
                0x0000000008009c9b                _ctype_
                0x0000000008009d9c                . = ALIGN (0x4)

.rel.dyn        0x0000000008009d9c        0x0
 .rel.iplt      0x0000000008009d9c        0x0 c:/st/stm32cubeide_1.7.0/stm32cubeide/plugins/com.st.stm32cube.ide.mcu.externaltools.gnu-tools-for-stm32.9-2020-q2-update.win32_2.0.0.202105311346/tools/bin/../lib/gcc/arm-none-eabi/9.3.1/thumb/v7e-m+fp/hard/crtbegin.o

.ARM.extab      0x0000000008009d9c        0x0
                0x0000000008009d9c                . = ALIGN (0x4)
 *(.ARM.extab* .gnu.linkonce.armextab.*)
                0x0000000008009d9c                . = ALIGN (0x4)

.ARM            0x0000000008009d9c        0x0
                0x0000000008009d9c                . = ALIGN (0x4)
                0x0000000008009d9c                __exidx_start = .
 *(.ARM.exidx*)
                0x0000000008009d9c                __exidx_end = .
                0x0000000008009d9c                . = ALIGN (0x4)

.preinit_array  0x0000000008009d9c        0x0
                0x0000000008009d9c                . = ALIGN (0x4)
                0x0000000008009d9c                PROVIDE (__preinit_array_start = .)
 *(.preinit_array*)
                0x0000000008009d9c                PROVIDE (__preinit_array_end = .)
                0x0000000008009d9c                . = ALIGN (0x4)

.init_array     0x0000000008009d9c        0x4
                0x0000000008009d9c                . = ALIGN (0x4)
                0x0000000008009d9c                PROVIDE (__init_array_start = .)
 *(SORT_BY_NAME(.init_array.*))
 *(.init_array*)
 .init_array    0x0000000008009d9c        0x4 c:/st/stm32cubeide_1.7.0/stm32cubeide/plugins/com.st.stm32cube.ide.mcu.externaltools.gnu-tools-for-stm32.9-2020-q2-update.win32_2.0.0.202105311346/tools/bin/../lib/gcc/arm-none-eabi/9.3.1/thumb/v7e-m+fp/hard/crtbegin.o
                0x0000000008009da0                PROVIDE (__init_array_end = .)
                0x0000000008009da0                . = ALIGN (0x4)

.fini_array     0x0000000008009da0        0x4
                0x0000000008009da0                . = ALIGN (0x4)
                [!provide]                        PROVIDE (__fini_array_start = .)
 *(SORT_BY_NAME(.fini_array.*))
 *(.fini_array*)
 .fini_array    0x0000000008009da0        0x4 c:/st/stm32cubeide_1.7.0/stm32cubeide/plugins/com.st.stm32cube.ide.mcu.externaltools.gnu-tools-for-stm32.9-2020-q2-update.win32_2.0.0.202105311346/tools/bin/../lib/gcc/arm-none-eabi/9.3.1/thumb/v7e-m+fp/hard/crtbegin.o
                [!provide]                        PROVIDE (__fini_array_end = .)
                0x0000000008009da4                . = ALIGN (0x4)
                0x0000000008009da4                _sidata = LOADADDR (.data)

.data           0x0000000020000000      0x354 load address 0x0000000008009da4
                0x0000000020000000                . = ALIGN (0x4)
                0x0000000020000000                _sdata = .
 *(.data)
 *(.data*)
 .data.I3g4250Drv
                0x0000000020000000       0x34 ./BSP/Components/i3g4250d/i3g4250d.o
                0x0000000020000000                I3g4250Drv
 .data.L3gd20Drv
                0x0000000020000034       0x34 ./BSP/Components/l3gd20/l3gd20.o
                0x0000000020000034                L3gd20Drv
 .data.Lsm303agrDrv
                0x0000000020000068       0x34 ./BSP/Components/lsm303agr/lsm303agr.o
                0x0000000020000068                Lsm303agrDrv
 .data.Lsm303dlhcDrv
                0x000000002000009c       0x34 ./BSP/Components/lsm303dlhc/lsm303dlhc.o
                0x000000002000009c                Lsm303dlhcDrv
 .data.LED_PORT
                0x00000000200000d0       0x20 ./BSP/STM32F3-Discovery/stm32f3_discovery.o
                0x00000000200000d0                LED_PORT
 .data.BUTTON_PORT
                0x00000000200000f0        0x4 ./BSP/STM32F3-Discovery/stm32f3_discovery.o
                0x00000000200000f0                BUTTON_PORT
 .data.SpixTimeout
                0x00000000200000f4        0x4 ./BSP/STM32F3-Discovery/stm32f3_discovery.o
                0x00000000200000f4                SpixTimeout
 .data.I2cxTimeout
                0x00000000200000f8        0x4 ./BSP/STM32F3-Discovery/stm32f3_discovery.o
                0x00000000200000f8                I2cxTimeout
 .data.BSP_examples
                0x00000000200000fc       0x78 ./Core/Src/main.o
                0x00000000200000fc                BSP_examples
 .data.ThresholdHigh
                0x0000000020000174        0x2 ./Core/Src/mems.o
                0x0000000020000174                ThresholdHigh
 .data.ThresholdLow
                0x0000000020000176        0x2 ./Core/Src/mems.o
                0x0000000020000176                ThresholdLow
 .data.SystemCoreClock
                0x0000000020000178        0x4 ./Core/Src/system_stm32f3xx.o
                0x0000000020000178                SystemCoreClock
 .data.uwTickPrio
                0x000000002000017c        0x4 ./Drivers/STM32F3xx_HAL_Driver/Src/stm32f3xx_hal.o
                0x000000002000017c                uwTickPrio
 .data.uwTickFreq
                0x0000000020000180        0x1 ./Drivers/STM32F3xx_HAL_Driver/Src/stm32f3xx_hal.o
                0x0000000020000180                uwTickFreq
 *fill*         0x0000000020000181        0x3 
 .data._impure_ptr
                0x0000000020000184        0x4 c:/st/stm32cubeide_1.7.0/stm32cubeide/plugins/com.st.stm32cube.ide.mcu.externaltools.gnu-tools-for-stm32.9-2020-q2-update.win32_2.0.0.202105311346/tools/bin/../lib/gcc/arm-none-eabi/9.3.1/../../../../arm-none-eabi/lib/thumb/v7e-m+fp/hard\libc_nano.a(lib_a-impure.o)
                0x0000000020000184                _impure_ptr
 .data.impure_data
                0x0000000020000188       0x60 c:/st/stm32cubeide_1.7.0/stm32cubeide/plugins/com.st.stm32cube.ide.mcu.externaltools.gnu-tools-for-stm32.9-2020-q2-update.win32_2.0.0.202105311346/tools/bin/../lib/gcc/arm-none-eabi/9.3.1/../../../../arm-none-eabi/lib/thumb/v7e-m+fp/hard\libc_nano.a(lib_a-impure.o)
 .data.__global_locale
                0x00000000200001e8      0x16c c:/st/stm32cubeide_1.7.0/stm32cubeide/plugins/com.st.stm32cube.ide.mcu.externaltools.gnu-tools-for-stm32.9-2020-q2-update.win32_2.0.0.202105311346/tools/bin/../lib/gcc/arm-none-eabi/9.3.1/../../../../arm-none-eabi/lib/thumb/v7e-m+fp/hard\libc_nano.a(lib_a-locale.o)
                0x00000000200001e8                __global_locale
 *(.RamFunc)
 *(.RamFunc*)
                0x0000000020000354                . = ALIGN (0x4)
                0x0000000020000354                _edata = .
                0x000000000800a0f8                _siccmram = LOADADDR (.ccmram)

.igot.plt       0x0000000020000354        0x0 load address 0x000000000800a0f8
 .igot.plt      0x0000000020000354        0x0 c:/st/stm32cubeide_1.7.0/stm32cubeide/plugins/com.st.stm32cube.ide.mcu.externaltools.gnu-tools-for-stm32.9-2020-q2-update.win32_2.0.0.202105311346/tools/bin/../lib/gcc/arm-none-eabi/9.3.1/thumb/v7e-m+fp/hard/crtbegin.o

.ccmram         0x0000000010000000        0x0 load address 0x000000000800a0f8
                0x0000000010000000                . = ALIGN (0x4)
                0x0000000010000000                _sccmram = .
 *(.ccmram)
 *(.ccmram*)
                0x0000000010000000                . = ALIGN (0x4)
                0x0000000010000000                _eccmram = .
                0x0000000010000000                . = ALIGN (0x4)

.bss            0x0000000020000354      0x22c
                0x0000000020000354                _sbss = .
                0x0000000020000354                __bss_start__ = _sbss
 *(.bss)
 .bss           0x0000000020000354       0x1c c:/st/stm32cubeide_1.7.0/stm32cubeide/plugins/com.st.stm32cube.ide.mcu.externaltools.gnu-tools-for-stm32.9-2020-q2-update.win32_2.0.0.202105311346/tools/bin/../lib/gcc/arm-none-eabi/9.3.1/thumb/v7e-m+fp/hard/crtbegin.o
 *(.bss*)
 .bss.SpiHandle
                0x0000000020000370       0x64 ./BSP/STM32F3-Discovery/stm32f3_discovery.o
 .bss.I2cHandle
                0x00000000200003d4       0x4c ./BSP/STM32F3-Discovery/stm32f3_discovery.o
 .bss.AccelerometerDrv
                0x0000000020000420        0x4 ./BSP/STM32F3-Discovery/stm32f3_discovery_accelerometer.o
 .bss.GyroscopeDrv
                0x0000000020000424        0x4 ./BSP/STM32F3-Discovery/stm32f3_discovery_gyroscope.o
 .bss.DemoIndex
                0x0000000020000428        0x1 ./Core/Src/main.o
                0x0000000020000428                DemoIndex
 .bss.UserPressButton
                0x0000000020000429        0x1 ./Core/Src/main.o
                0x0000000020000429                UserPressButton
 *fill*         0x000000002000042a        0x2 
 .bss.__sbrk_heap_end
                0x000000002000042c        0x4 ./Core/Src/sysmem.o
 .bss.__malloc_free_list
                0x0000000020000430        0x4 c:/st/stm32cubeide_1.7.0/stm32cubeide/plugins/com.st.stm32cube.ide.mcu.externaltools.gnu-tools-for-stm32.9-2020-q2-update.win32_2.0.0.202105311346/tools/bin/../lib/gcc/arm-none-eabi/9.3.1/../../../../arm-none-eabi/lib/thumb/v7e-m+fp/hard\libc_nano.a(lib_a-nano-mallocr.o)
                0x0000000020000430                __malloc_free_list
 .bss.__malloc_sbrk_start
                0x0000000020000434        0x4 c:/st/stm32cubeide_1.7.0/stm32cubeide/plugins/com.st.stm32cube.ide.mcu.externaltools.gnu-tools-for-stm32.9-2020-q2-update.win32_2.0.0.202105311346/tools/bin/../lib/gcc/arm-none-eabi/9.3.1/../../../../arm-none-eabi/lib/thumb/v7e-m+fp/hard\libc_nano.a(lib_a-nano-mallocr.o)
                0x0000000020000434                __malloc_sbrk_start
 *(COMMON)
 COMMON         0x0000000020000438       0x4c ./Core/Src/i2c.o
                0x0000000020000438                hi2c1
 COMMON         0x0000000020000484       0x64 ./Core/Src/spi.o
                0x0000000020000484                hspi1
 COMMON         0x00000000200004e8       0x84 ./Core/Src/usart.o
                0x00000000200004e8                huart1
 COMMON         0x000000002000056c        0x4 ./Drivers/STM32F3xx_HAL_Driver/Src/stm32f3xx_hal.o
                0x000000002000056c                uwTick
 COMMON         0x0000000020000570        0x9 c:/st/stm32cubeide_1.7.0/stm32cubeide/plugins/com.st.stm32cube.ide.mcu.externaltools.gnu-tools-for-stm32.9-2020-q2-update.win32_2.0.0.202105311346/tools/bin/../lib/gcc/arm-none-eabi/9.3.1/../../../../arm-none-eabi/lib/thumb/v7e-m+fp/hard\libc_nano.a(lib_a-lock.o)
                0x0000000020000570                __lock___atexit_recursive_mutex
                0x0000000020000571                __lock___arc4random_mutex
                0x0000000020000572                __lock___env_recursive_mutex
                0x0000000020000573                __lock___sinit_recursive_mutex