cs42l52.c:134:10:cs42l52_Init	32	static
cs42l52.c:218:6:cs42l52_DeInit	8	static
cs42l52.c:229:10:cs42l52_ReadID	16	static
cs42l52.c:243:10:cs42l52_Play	24	static
cs42l52.c:267:10:cs42l52_Pause	24	static
cs42l52.c:288:10:cs42l52_Resume	24	static
cs42l52.c:315:10:cs42l52_Stop	24	static
cs42l52.c:338:10:cs42l52_SetVolume	24	static
cs42l52.c:365:10:cs42l52_SetFrequency	16	static
cs42l52.c:377:10:cs42l52_SetMute	24	static
cs42l52.c:404:10:cs42l52_SetOutputMode	24	static
cs42l52.c:444:16:CODEC_IO_Write	24	static
