Archive member included to satisfy reference by file (symbol)

c:/st/stm32cubeide_1.7.0/stm32cubeide/plugins/com.st.stm32cube.ide.mcu.externaltools.gnu-tools-for-stm32.9-2020-q2-update.win32_2.0.0.202105311346/tools/bin/../lib/gcc/arm-none-eabi/9.3.1/../../../../arm-none-eabi/lib/thumb/v7e-m+fp/hard\libc_nano.a(lib_a-errno.o)
                              ./Core/Src/syscalls.o (__errno)
c:/st/stm32cubeide_1.7.0/stm32cubeide/plugins/com.st.stm32cube.ide.mcu.externaltools.gnu-tools-for-stm32.9-2020-q2-update.win32_2.0.0.202105311346/tools/bin/../lib/gcc/arm-none-eabi/9.3.1/../../../../arm-none-eabi/lib/thumb/v7e-m+fp/hard\libc_nano.a(lib_a-exit.o)
                              c:/st/stm32cubeide_1.7.0/stm32cubeide/plugins/com.st.stm32cube.ide.mcu.externaltools.gnu-tools-for-stm32.9-2020-q2-update.win32_2.0.0.202105311346/tools/bin/../lib/gcc/arm-none-eabi/9.3.1/../../../../arm-none-eabi/lib/thumb/v7e-m+fp/hard/crt0.o (exit)
c:/st/stm32cubeide_1.7.0/stm32cubeide/plugins/com.st.stm32cube.ide.mcu.externaltools.gnu-tools-for-stm32.9-2020-q2-update.win32_2.0.0.202105311346/tools/bin/../lib/gcc/arm-none-eabi/9.3.1/../../../../arm-none-eabi/lib/thumb/v7e-m+fp/hard\libc_nano.a(lib_a-impure.o)
                              c:/st/stm32cubeide_1.7.0/stm32cubeide/plugins/com.st.stm32cube.ide.mcu.externaltools.gnu-tools-for-stm32.9-2020-q2-update.win32_2.0.0.202105311346/tools/bin/../lib/gcc/arm-none-eabi/9.3.1/../../../../arm-none-eabi/lib/thumb/v7e-m+fp/hard\libc_nano.a(lib_a-exit.o) (_global_impure_ptr)
c:/st/stm32cubeide_1.7.0/stm32cubeide/plugins/com.st.stm32cube.ide.mcu.externaltools.gnu-tools-for-stm32.9-2020-q2-update.win32_2.0.0.202105311346/tools/bin/../lib/gcc/arm-none-eabi/9.3.1/../../../../arm-none-eabi/lib/thumb/v7e-m+fp/hard\libc_nano.a(lib_a-init.o)
                              c:/st/stm32cubeide_1.7.0/stm32cubeide/plugins/com.st.stm32cube.ide.mcu.externaltools.gnu-tools-for-stm32.9-2020-q2-update.win32_2.0.0.202105311346/tools/bin/../lib/gcc/arm-none-eabi/9.3.1/../../../../arm-none-eabi/lib/thumb/v7e-m+fp/hard/crt0.o (__libc_init_array)
c:/st/stm32cubeide_1.7.0/stm32cubeide/plugins/com.st.stm32cube.ide.mcu.externaltools.gnu-tools-for-stm32.9-2020-q2-update.win32_2.0.0.202105311346/tools/bin/../lib/gcc/arm-none-eabi/9.3.1/../../../../arm-none-eabi/lib/thumb/v7e-m+fp/hard\libc_nano.a(lib_a-memset.o)
                              c:/st/stm32cubeide_1.7.0/stm32cubeide/plugins/com.st.stm32cube.ide.mcu.externaltools.gnu-tools-for-stm32.9-2020-q2-update.win32_2.0.0.202105311346/tools/bin/../lib/gcc/arm-none-eabi/9.3.1/../../../../arm-none-eabi/lib/thumb/v7e-m+fp/hard/crt0.o (memset)

Allocating common symbols
Common symbol       size              file

uwTick              0x4               ./Drivers/STM32F3xx_HAL_Driver/Src/stm32f3xx_hal.o
pFlash              0x20              ./Drivers/STM32F3xx_HAL_Driver/Src/stm32f3xx_hal_flash.o

Discarded input sections

 .text          0x0000000000000000        0x0 c:/st/stm32cubeide_1.7.0/stm32cubeide/plugins/com.st.stm32cube.ide.mcu.externaltools.gnu-tools-for-stm32.9-2020-q2-update.win32_2.0.0.202105311346/tools/bin/../lib/gcc/arm-none-eabi/9.3.1/thumb/v7e-m+fp/hard/crti.o
 .data          0x0000000000000000        0x0 c:/st/stm32cubeide_1.7.0/stm32cubeide/plugins/com.st.stm32cube.ide.mcu.externaltools.gnu-tools-for-stm32.9-2020-q2-update.win32_2.0.0.202105311346/tools/bin/../lib/gcc/arm-none-eabi/9.3.1/thumb/v7e-m+fp/hard/crti.o
 .bss           0x0000000000000000        0x0 c:/st/stm32cubeide_1.7.0/stm32cubeide/plugins/com.st.stm32cube.ide.mcu.externaltools.gnu-tools-for-stm32.9-2020-q2-update.win32_2.0.0.202105311346/tools/bin/../lib/gcc/arm-none-eabi/9.3.1/thumb/v7e-m+fp/hard/crti.o
 .data          0x0000000000000000        0x4 c:/st/stm32cubeide_1.7.0/stm32cubeide/plugins/com.st.stm32cube.ide.mcu.externaltools.gnu-tools-for-stm32.9-2020-q2-update.win32_2.0.0.202105311346/tools/bin/../lib/gcc/arm-none-eabi/9.3.1/thumb/v7e-m+fp/hard/crtbegin.o
 .text          0x0000000000000000       0x7c c:/st/stm32cubeide_1.7.0/stm32cubeide/plugins/com.st.stm32cube.ide.mcu.externaltools.gnu-tools-for-stm32.9-2020-q2-update.win32_2.0.0.202105311346/tools/bin/../lib/gcc/arm-none-eabi/9.3.1/../../../../arm-none-eabi/lib/thumb/v7e-m+fp/hard/crt0.o
 .data          0x0000000000000000        0x0 c:/st/stm32cubeide_1.7.0/stm32cubeide/plugins/com.st.stm32cube.ide.mcu.externaltools.gnu-tools-for-stm32.9-2020-q2-update.win32_2.0.0.202105311346/tools/bin/../lib/gcc/arm-none-eabi/9.3.1/../../../../arm-none-eabi/lib/thumb/v7e-m+fp/hard/crt0.o
 .bss           0x0000000000000000        0x0 c:/st/stm32cubeide_1.7.0/stm32cubeide/plugins/com.st.stm32cube.ide.mcu.externaltools.gnu-tools-for-stm32.9-2020-q2-update.win32_2.0.0.202105311346/tools/bin/../lib/gcc/arm-none-eabi/9.3.1/../../../../arm-none-eabi/lib/thumb/v7e-m+fp/hard/crt0.o
[...]
Memory Configuration

Name             Origin             Length             Attributes
CCMRAM           0x0000000010000000 0x0000000000002000 xrw
RAM              0x0000000020000000 0x000000000000a000 xrw
FLASH            0x0000000008000000 0x0000000000040000 xr
*default*        0x0000000000000000 0xffffffffffffffff

Linker script and memory map

LOAD c:/st/stm32cubeide_1.7.0/stm32cubeide/plugins/com.st.stm32cube.ide.mcu.externaltools.gnu-tools-for-stm32.9-2020-q2-update.win32_2.0.0.202105311346/tools/bin/../lib/gcc/arm-none-eabi/9.3.1/thumb/v7e-m+fp/hard/crti.o
LOAD c:/st/stm32cubeide_1.7.0/stm32cubeide/plugins/com.st.stm32cube.ide.mcu.externaltools.gnu-tools-for-stm32.9-2020-q2-update.win32_2.0.0.202105311346/tools/bin/../lib/gcc/arm-none-eabi/9.3.1/thumb/v7e-m+fp/hard/crtbegin.o
LOAD c:/st/stm32cubeide_1.7.0/stm32cubeide/plugins/com.st.stm32cube.ide.mcu.externaltools.gnu-tools-for-stm32.9-2020-q2-update.win32_2.0.0.202105311346/tools/bin/../lib/gcc/arm-none-eabi/9.3.1/../../../../arm-none-eabi/lib/thumb/v7e-m+fp/hard/crt0.o
LOAD ./Core/Src/main.o
LOAD ./Core/Src/mems.o
LOAD ./Core/Src/stm32f3xx_hal_msp.o
LOAD ./Core/Src/stm32f3xx_it.o
LOAD ./Core/Src/syscalls.o
LOAD ./Core/Src/sysmem.o
LOAD ./Core/Src/system_stm32f3xx.o
LOAD ./Core/Startup/startup_stm32f303vctx.o
LOAD ./Drivers/BSP/Components/hx8347d/hx8347d.o
LOAD ./Drivers/BSP/Components/hx8347g/hx8347g.o
LOAD ./Drivers/BSP/Components/hx8347i/hx8347i.o
LOAD ./Drivers/BSP/Components/ili9320/ili9320.o
LOAD ./Drivers/BSP/Components/ili9325/ili9325.o
LOAD ./Drivers/BSP/Components/ili9328/ili9328.o
LOAD ./Drivers/BSP/Components/lsm303agr/lsm303agr.o
LOAD ./Drivers/BSP/Components/lsm303dlhc/lsm303dlhc.o
LOAD ./Drivers/BSP/Components/spfd5408/spfd5408.o
LOAD ./Drivers/BSP/Components/st7735/st7735.o
LOAD ./Drivers/BSP/Components/stlm75/stlm75.o
LOAD ./Drivers/BSP/Components/stts751/stts751.o
LOAD ./Drivers/BSP/STM32F3-Discovery/stm32f3_discovery.o
LOAD ./Drivers/BSP/STM32F3-Discovery/stm32f3_discovery_accelerometer.o
LOAD ./Drivers/STM32F3xx_HAL_Driver/Src/stm32f3xx_hal.o
LOAD ./Drivers/STM32F3xx_HAL_Driver/Src/stm32f3xx_hal_cortex.o
LOAD ./Drivers/STM32F3xx_HAL_Driver/Src/stm32f3xx_hal_dma.o
LOAD ./Drivers/STM32F3xx_HAL_Driver/Src/stm32f3xx_hal_exti.o
LOAD ./Drivers/STM32F3xx_HAL_Driver/Src/stm32f3xx_hal_flash.o
LOAD ./Drivers/STM32F3xx_HAL_Driver/Src/stm32f3xx_hal_flash_ex.o
LOAD ./Drivers/STM32F3xx_HAL_Driver/Src/stm32f3xx_hal_gpio.o
LOAD ./Drivers/STM32F3xx_HAL_Driver/Src/stm32f3xx_hal_i2c.o
LOAD ./Drivers/STM32F3xx_HAL_Driver/Src/stm32f3xx_hal_i2c_ex.o
LOAD ./Drivers/STM32F3xx_HAL_Driver/Src/stm32f3xx_hal_pwr.o
LOAD ./Drivers/STM32F3xx_HAL_Driver/Src/stm32f3xx_hal_pwr_ex.o
LOAD ./Drivers/STM32F3xx_HAL_Driver/Src/stm32f3xx_hal_rcc.o
LOAD ./Drivers/STM32F3xx_HAL_Driver/Src/stm32f3xx_hal_rcc_ex.o
LOAD ./Drivers/STM32F3xx_HAL_Driver/Src/stm32f3xx_hal_tim.o
LOAD ./Drivers/STM32F3xx_HAL_Driver/Src/stm32f3xx_hal_tim_ex.o
START GROUP
LOAD c:/st/stm32cubeide_1.7.0/stm32cubeide/plugins/com.st.stm32cube.ide.mcu.externaltools.gnu-tools-for-stm32.9-2020-q2-update.win32_2.0.0.202105311346/tools/bin/../lib/gcc/arm-none-eabi/9.3.1/../../../../arm-none-eabi/lib/thumb/v7e-m+fp/hard\libstdc++_nano.a
LOAD c:/st/stm32cubeide_1.7.0/stm32cubeide/plugins/com.st.stm32cube.ide.mcu.externaltools.gnu-tools-for-stm32.9-2020-q2-update.win32_2.0.0.202105311346/tools/bin/../lib/gcc/arm-none-eabi/9.3.1/../../../../arm-none-eabi/lib/thumb/v7e-m+fp/hard\libsupc++_nano.a
END GROUP
LOAD c:/st/stm32cubeide_1.7.0/stm32cubeide/plugins/com.st.stm32cube.ide.mcu.externaltools.gnu-tools-for-stm32.9-2020-q2-update.win32_2.0.0.202105311346/tools/bin/../lib/gcc/arm-none-eabi/9.3.1/../../../../arm-none-eabi/lib/thumb/v7e-m+fp/hard\libstdc++_nano.a
LOAD c:/st/stm32cubeide_1.7.0/stm32cubeide/plugins/com.st.stm32cube.ide.mcu.externaltools.gnu-tools-for-stm32.9-2020-q2-update.win32_2.0.0.202105311346/tools/bin/../lib/gcc/arm-none-eabi/9.3.1/../../../../arm-none-eabi/lib/thumb/v7e-m+fp/hard\libm.a
LOAD c:/st/stm32cubeide_1.7.0/stm32cubeide/plugins/com.st.stm32cube.ide.mcu.externaltools.gnu-tools-for-stm32.9-2020-q2-update.win32_2.0.0.202105311346/tools/bin/../lib/gcc/arm-none-eabi/9.3.1/../../../../arm-none-eabi/lib/thumb/v7e-m+fp/hard\libc_nano.a
START GROUP
LOAD c:/st/stm32cubeide_1.7.0/stm32cubeide/plugins/com.st.stm32cube.ide.mcu.externaltools.gnu-tools-for-stm32.9-2020-q2-update.win32_2.0.0.202105311346/tools/bin/../lib/gcc/arm-none-eabi/9.3.1/thumb/v7e-m+fp/hard\libgcc.a
LOAD c:/st/stm32cubeide_1.7.0/stm32cubeide/plugins/com.st.stm32cube.ide.mcu.externaltools.gnu-tools-for-stm32.9-2020-q2-update.win32_2.0.0.202105311346/tools/bin/../lib/gcc/arm-none-eabi/9.3.1/../../../../arm-none-eabi/lib/thumb/v7e-m+fp/hard\libc_nano.a
END GROUP
START GROUP
LOAD c:/st/stm32cubeide_1.7.0/stm32cubeide/plugins/com.st.stm32cube.ide.mcu.externaltools.gnu-tools-for-stm32.9-2020-q2-update.win32_2.0.0.202105311346/tools/bin/../lib/gcc/arm-none-eabi/9.3.1/thumb/v7e-m+fp/hard\libgcc.a
LOAD c:/st/stm32cubeide_1.7.0/stm32cubeide/plugins/com.st.stm32cube.ide.mcu.externaltools.gnu-tools-for-stm32.9-2020-q2-update.win32_2.0.0.202105311346/tools/bin/../lib/gcc/arm-none-eabi/9.3.1/../../../../arm-none-eabi/lib/thumb/v7e-m+fp/hard\libc_nano.a
LOAD c:/st/stm32cubeide_1.7.0/stm32cubeide/plugins/com.st.stm32cube.ide.mcu.externaltools.gnu-tools-for-stm32.9-2020-q2-update.win32_2.0.0.202105311346/tools/bin/../lib/gcc/arm-none-eabi/9.3.1/../../../../arm-none-eabi/lib/thumb/v7e-m+fp/hard\libnosys.a
END GROUP
START GROUP
LOAD c:/st/stm32cubeide_1.7.0/stm32cubeide/plugins/com.st.stm32cube.ide.mcu.externaltools.gnu-tools-for-stm32.9-2020-q2-update.win32_2.0.0.202105311346/tools/bin/../lib/gcc/arm-none-eabi/9.3.1/thumb/v7e-m+fp/hard\libgcc.a
LOAD c:/st/stm32cubeide_1.7.0/stm32cubeide/plugins/com.st.stm32cube.ide.mcu.externaltools.gnu-tools-for-stm32.9-2020-q2-update.win32_2.0.0.202105311346/tools/bin/../lib/gcc/arm-none-eabi/9.3.1/../../../../arm-none-eabi/lib/thumb/v7e-m+fp/hard\libc_nano.a
LOAD c:/st/stm32cubeide_1.7.0/stm32cubeide/plugins/com.st.stm32cube.ide.mcu.externaltools.gnu-tools-for-stm32.9-2020-q2-update.win32_2.0.0.202105311346/tools/bin/../lib/gcc/arm-none-eabi/9.3.1/../../../../arm-none-eabi/lib/thumb/v7e-m+fp/hard\libnosys.a
END GROUP
LOAD c:/st/stm32cubeide_1.7.0/stm32cubeide/plugins/com.st.stm32cube.ide.mcu.externaltools.gnu-tools-for-stm32.9-2020-q2-update.win32_2.0.0.202105311346/tools/bin/../lib/gcc/arm-none-eabi/9.3.1/thumb/v7e-m+fp/hard/crtend.o
LOAD c:/st/stm32cubeide_1.7.0/stm32cubeide/plugins/com.st.stm32cube.ide.mcu.externaltools.gnu-tools-for-stm32.9-2020-q2-update.win32_2.0.0.202105311346/tools/bin/../lib/gcc/arm-none-eabi/9.3.1/thumb/v7e-m+fp/hard/crtn.o
                0x000000002000a000                _estack = (ORIGIN (RAM) + LENGTH (RAM))
                0x0000000000000200                _Min_Heap_Size = 0x200
                0x0000000000000400                _Min_Stack_Size = 0x400

.isr_vector     0x0000000008000000      0x188
                0x0000000008000000                . = ALIGN (0x4)
 *(.isr_vector)
 .isr_vector    0x0000000008000000      0x188 ./Core/Startup/startup_stm32f303vctx.o
                0x0000000008000000                g_pfnVectors
                0x0000000008000188                . = ALIGN (0x4)

.text           0x0000000008000188     0x39dc
                0x0000000008000188                . = ALIGN (0x4)
 *(.text)
 .text          0x0000000008000188       0x40 c:/st/stm32cubeide_1.7.0/stm32cubeide/plugins/com.st.stm32cube.ide.mcu.externaltools.gnu-tools-for-stm32.9-2020-q2-update.win32_2.0.0.202105311346/tools/bin/../lib/gcc/arm-none-eabi/9.3.1/thumb/v7e-m+fp/hard/crtbegin.o
 *(.text*)
 .text.main     0x00000000080001c8       0xdc ./Core/Src/main.o
                0x00000000080001c8                main
 .text.SystemClock_Config
                0x00000000080002a4       0x56 ./Core/Src/main.o
 *fill*         0x00000000080002fa        0x2 
 .text.HAL_GPIO_EXTI_Callback
                0x00000000080002fc       0x30 ./Core/Src/main.o
                0x00000000080002fc                HAL_GPIO_EXTI_Callback
 .text.Toggle_Leds
                0x000000000800032c       0x68 ./Core/Src/main.o
                0x000000000800032c                Toggle_Leds
 .text.Error_Handler
                0x0000000008000394       0x12 ./Core/Src/main.o
                0x0000000008000394                Error_Handler
 *fill*         0x00000000080003a6        0x2 
 .text.ACCELERO_MEMS_Test
                0x00000000080003a8       0x34 ./Core/Src/mems.o
                0x00000000080003a8                ACCELERO_MEMS_Test
 .text.ACCELERO_ReadAcc
                0x00000000080003dc      0x140 ./Core/Src/mems.o
 .text.HAL_MspInit
                0x000000000800051c       0x48 ./Core/Src/stm32f3xx_hal_msp.o
                0x000000000800051c                HAL_MspInit
 .text.HAL_I2C_MspInit
                0x0000000008000564       0x88 ./Core/Src/stm32f3xx_hal_msp.o
                0x0000000008000564                HAL_I2C_MspInit
 .text.HAL_I2C_MspDeInit
                0x00000000080005ec       0x44 ./Core/Src/stm32f3xx_hal_msp.o
                0x00000000080005ec                HAL_I2C_MspDeInit
 .text.NMI_Handler
                0x0000000008000630        0xe ./Core/Src/stm32f3xx_it.o
                0x0000000008000630                NMI_Handler
 .text.HardFault_Handler
                0x000000000800063e        0x6 ./Core/Src/stm32f3xx_it.o
                0x000000000800063e                HardFault_Handler
 .text.MemManage_Handler
                0x0000000008000644        0x6 ./Core/Src/stm32f3xx_it.o
                0x0000000008000644                MemManage_Handler
 .text.BusFault_Handler
                0x000000000800064a        0x6 ./Core/Src/stm32f3xx_it.o
                0x000000000800064a                BusFault_Handler
 .text.UsageFault_Handler
                0x0000000008000650        0x6 ./Core/Src/stm32f3xx_it.o
                0x0000000008000650                UsageFault_Handler
 .text.SVC_Handler
                0x0000000008000656        0xe ./Core/Src/stm32f3xx_it.o
                0x0000000008000656                SVC_Handler
 .text.DebugMon_Handler
                0x0000000008000664        0xe ./Core/Src/stm32f3xx_it.o
                0x0000000008000664                DebugMon_Handler
 .text.PendSV_Handler
                0x0000000008000672        0xe ./Core/Src/stm32f3xx_it.o
                0x0000000008000672                PendSV_Handler
 .text.SysTick_Handler
                0x0000000008000680        0xc ./Core/Src/stm32f3xx_it.o
                0x0000000008000680                SysTick_Handler
 .text.EXTI0_IRQHandler
                0x000000000800068c        0xe ./Core/Src/stm32f3xx_it.o
                0x000000000800068c                EXTI0_IRQHandler
 *fill*         0x000000000800069a        0x2 
 .text.SystemInit
                0x000000000800069c       0x94 ./Core/Src/system_stm32f3xx.o
                0x000000000800069c                SystemInit
 .text.Reset_Handler
                0x0000000008000730       0x50 ./Core/Startup/startup_stm32f303vctx.o
                0x0000000008000730                Reset_Handler
 .text.Default_Handler
                0x0000000008000780        0x2 ./Core/Startup/startup_stm32f303vctx.o
                0x0000000008000780                RTC_Alarm_IRQHandler
                0x0000000008000780                TIM8_TRG_COM_IRQHandler
                0x0000000008000780                TIM8_CC_IRQHandler
                0x0000000008000780                TIM1_CC_IRQHandler
                0x0000000008000780                USB_HP_IRQHandler
                0x0000000008000780                PVD_IRQHandler
                0x0000000008000780                TAMP_STAMP_IRQHandler
                0x0000000008000780                EXTI3_IRQHandler
                0x0000000008000780                USB_HP_CAN_TX_IRQHandler
                0x0000000008000780                I2C2_EV_IRQHandler
                0x0000000008000780                FPU_IRQHandler
                0x0000000008000780                TIM1_UP_TIM16_IRQHandler
                0x0000000008000780                ADC1_2_IRQHandler
                0x0000000008000780                SPI1_IRQHandler
                0x0000000008000780                CAN_SCE_IRQHandler
                0x0000000008000780                TIM6_DAC_IRQHandler
                0x0000000008000780                TIM8_UP_IRQHandler
                0x0000000008000780                DMA2_Channel2_IRQHandler
                0x0000000008000780                DMA1_Channel4_IRQHandler
                0x0000000008000780                USART3_IRQHandler
                0x0000000008000780                DMA1_Channel7_IRQHandler
                0x0000000008000780                UART5_IRQHandler
                0x0000000008000780                ADC3_IRQHandler
                0x0000000008000780                TIM4_IRQHandler
                0x0000000008000780                CAN_RX1_IRQHandler
                0x0000000008000780                DMA2_Channel1_IRQHandler
                0x0000000008000780                I2C1_EV_IRQHandler
                0x0000000008000780                DMA1_Channel6_IRQHandler
                0x0000000008000780                UART4_IRQHandler
                0x0000000008000780                DMA2_Channel4_IRQHandler
                0x0000000008000780                TIM3_IRQHandler
                0x0000000008000780                RCC_IRQHandler
                0x0000000008000780                DMA1_Channel1_IRQHandler
                0x0000000008000780                Default_Handler
                0x0000000008000780                USBWakeUp_RMP_IRQHandler
                0x0000000008000780                EXTI15_10_IRQHandler
                0x0000000008000780                TIM7_IRQHandler
                0x0000000008000780                EXTI9_5_IRQHandler
                0x0000000008000780                RTC_WKUP_IRQHandler
                0x0000000008000780                SPI2_IRQHandler
                0x0000000008000780                USB_LP_CAN_RX0_IRQHandler
                0x0000000008000780                DMA2_Channel5_IRQHandler
                0x0000000008000780                DMA1_Channel5_IRQHandler
                0x0000000008000780                USB_LP_IRQHandler
                0x0000000008000780                EXTI4_IRQHandler
                0x0000000008000780                TIM1_TRG_COM_TIM17_IRQHandler
                0x0000000008000780                DMA1_Channel3_IRQHandler
                0x0000000008000780                ADC4_IRQHandler
                0x0000000008000780                WWDG_IRQHandler
                0x0000000008000780                TIM2_IRQHandler
                0x0000000008000780                COMP7_IRQHandler
                0x0000000008000780                COMP1_2_3_IRQHandler
                0x0000000008000780                EXTI1_IRQHandler
                0x0000000008000780                USART2_IRQHandler
                0x0000000008000780                COMP4_5_6_IRQHandler
                0x0000000008000780                I2C2_ER_IRQHandler
                0x0000000008000780                DMA1_Channel2_IRQHandler
                0x0000000008000780                TIM8_BRK_IRQHandler
                0x0000000008000780                FLASH_IRQHandler
                0x0000000008000780                USART1_IRQHandler
                0x0000000008000780                SPI3_IRQHandler
                0x0000000008000780                I2C1_ER_IRQHandler
                0x0000000008000780                USBWakeUp_IRQHandler
                0x0000000008000780                DMA2_Channel3_IRQHandler
                0x0000000008000780                EXTI2_TSC_IRQHandler
                0x0000000008000780                TIM1_BRK_TIM15_IRQHandler
 .text.LSM303AGR_AccInit
                0x0000000008000782       0x3a ./Drivers/BSP/Components/lsm303agr/lsm303agr.o
                0x0000000008000782                LSM303AGR_AccInit
 .text.LSM303AGR_AccDeInit
                0x00000000080007bc        0xe ./Drivers/BSP/Components/lsm303agr/lsm303agr.o
                0x00000000080007bc                LSM303AGR_AccDeInit
 .text.LSM303AGR_AccReadID
                0x00000000080007ca       0x24 ./Drivers/BSP/Components/lsm303agr/lsm303agr.o
                0x00000000080007ca                LSM303AGR_AccReadID
 .text.LSM303AGR_AccRebootCmd
                0x00000000080007ee       0x2e ./Drivers/BSP/Components/lsm303agr/lsm303agr.o
                0x00000000080007ee                LSM303AGR_AccRebootCmd
 .text.LSM303AGR_AccFilterConfig
                0x000000000800081c       0x3a ./Drivers/BSP/Components/lsm303agr/lsm303agr.o
                0x000000000800081c                LSM303AGR_AccFilterConfig
 .text.LSM303AGR_AccFilterCmd
                0x0000000008000856       0x3a ./Drivers/BSP/Components/lsm303agr/lsm303agr.o
                0x0000000008000856                LSM303AGR_AccFilterCmd
 .text.LSM303AGR_AccReadXYZ
                0x0000000008000890      0x19e ./Drivers/BSP/Components/lsm303agr/lsm303agr.o
                0x0000000008000890                LSM303AGR_AccReadXYZ
 .text.LSM303AGR_AccFilterClickCmd
                0x0000000008000a2e       0x3e ./Drivers/BSP/Components/lsm303agr/lsm303agr.o
                0x0000000008000a2e                LSM303AGR_AccFilterClickCmd
 .text.LSM303AGR_AccIT1Enable
                0x0000000008000a6c       0x36 ./Drivers/BSP/Components/lsm303agr/lsm303agr.o
                0x0000000008000a6c                LSM303AGR_AccIT1Enable
 .text.LSM303AGR_AccClickITEnable
                0x0000000008000aa2       0x72 ./Drivers/BSP/Components/lsm303agr/lsm303agr.o
                0x0000000008000aa2                LSM303AGR_AccClickITEnable
 .text.LSM303AGR_AccZClickITConfig
                0x0000000008000b14       0x1e ./Drivers/BSP/Components/lsm303agr/lsm303agr.o
                0x0000000008000b14                LSM303AGR_AccZClickITConfig
 .text.LSM303DLHC_AccInit
                0x0000000008000b32       0x3a ./Drivers/BSP/Components/lsm303dlhc/lsm303dlhc.o
                0x0000000008000b32                LSM303DLHC_AccInit
 .text.LSM303DLHC_AccDeInit
                0x0000000008000b6c        0xe ./Drivers/BSP/Components/lsm303dlhc/lsm303dlhc.o
                0x0000000008000b6c                LSM303DLHC_AccDeInit
 .text.LSM303DLHC_AccReadID
                0x0000000008000b7a       0x24 ./Drivers/BSP/Components/lsm303dlhc/lsm303dlhc.o
                0x0000000008000b7a                LSM303DLHC_AccReadID
 .text.LSM303DLHC_AccRebootCmd
                0x0000000008000b9e       0x2e ./Drivers/BSP/Components/lsm303dlhc/lsm303dlhc.o
                0x0000000008000b9e                LSM303DLHC_AccRebootCmd
 .text.LSM303DLHC_AccFilterConfig
                0x0000000008000bcc       0x3a ./Drivers/BSP/Components/lsm303dlhc/lsm303dlhc.o
                0x0000000008000bcc                LSM303DLHC_AccFilterConfig
 .text.LSM303DLHC_AccFilterCmd
                0x0000000008000c06       0x3a ./Drivers/BSP/Components/lsm303dlhc/lsm303dlhc.o
                0x0000000008000c06                LSM303DLHC_AccFilterCmd
 .text.LSM303DLHC_AccReadXYZ
                0x0000000008000c40      0x19e ./Drivers/BSP/Components/lsm303dlhc/lsm303dlhc.o
                0x0000000008000c40                LSM303DLHC_AccReadXYZ
 .text.LSM303DLHC_AccFilterClickCmd
                0x0000000008000dde       0x3e ./Drivers/BSP/Components/lsm303dlhc/lsm303dlhc.o
                0x0000000008000dde                LSM303DLHC_AccFilterClickCmd
 .text.LSM303DLHC_AccIT1Enable
                0x0000000008000e1c       0x36 ./Drivers/BSP/Components/lsm303dlhc/lsm303dlhc.o
                0x0000000008000e1c                LSM303DLHC_AccIT1Enable
 .text.LSM303DLHC_AccClickITEnable
                0x0000000008000e52       0x72 ./Drivers/BSP/Components/lsm303dlhc/lsm303dlhc.o
                0x0000000008000e52                LSM303DLHC_AccClickITEnable
 .text.LSM303DLHC_AccZClickITConfig
                0x0000000008000ec4       0x1e ./Drivers/BSP/Components/lsm303dlhc/lsm303dlhc.o
                0x0000000008000ec4                LSM303DLHC_AccZClickITConfig
 *fill*         0x0000000008000ee2        0x2 
 .text.BSP_LED_Init
                0x0000000008000ee4      0x160 ./Drivers/BSP/STM32F3-Discovery/stm32f3_discovery.o
                0x0000000008000ee4                BSP_LED_Init
 .text.BSP_LED_On
                0x0000000008001044       0x34 ./Drivers/BSP/STM32F3-Discovery/stm32f3_discovery.o
                0x0000000008001044                BSP_LED_On
 .text.BSP_LED_Off
                0x0000000008001078       0x34 ./Drivers/BSP/STM32F3-Discovery/stm32f3_discovery.o
                0x0000000008001078                BSP_LED_Off
 .text.BSP_LED_Toggle
                0x00000000080010ac       0x34 ./Drivers/BSP/STM32F3-Discovery/stm32f3_discovery.o
                0x00000000080010ac                BSP_LED_Toggle
 .text.BSP_PB_Init
                0x00000000080010e0       0xc4 ./Drivers/BSP/STM32F3-Discovery/stm32f3_discovery.o
                0x00000000080010e0                BSP_PB_Init
 .text.BSP_PB_GetState
                0x00000000080011a4       0x2c ./Drivers/BSP/STM32F3-Discovery/stm32f3_discovery.o
                0x00000000080011a4                BSP_PB_GetState
 .text.I2Cx_MspInit
                0x00000000080011d0       0x68 ./Drivers/BSP/STM32F3-Discovery/stm32f3_discovery.o
 .text.I2Cx_Init
                0x0000000008001238       0x54 ./Drivers/BSP/STM32F3-Discovery/stm32f3_discovery.o
 .text.I2Cx_WriteData
                0x000000000800128c       0x50 ./Drivers/BSP/STM32F3-Discovery/stm32f3_discovery.o
 .text.I2Cx_ReadData
                0x00000000080012dc       0x58 ./Drivers/BSP/STM32F3-Discovery/stm32f3_discovery.o
 .text.I2Cx_Error
                0x0000000008001334       0x18 ./Drivers/BSP/STM32F3-Discovery/stm32f3_discovery.o
 .text.COMPASSACCELERO_IO_Init
                0x000000000800134c       0x94 ./Drivers/BSP/STM32F3-Discovery/stm32f3_discovery.o
                0x000000000800134c                COMPASSACCELERO_IO_Init
 .text.COMPASSACCELERO_IO_ITConfig
                0x00000000080013e0       0x5c ./Drivers/BSP/STM32F3-Discovery/stm32f3_discovery.o
                0x00000000080013e0                COMPASSACCELERO_IO_ITConfig
 .text.COMPASSACCELERO_IO_Write
                0x000000000800143c       0x26 ./Drivers/BSP/STM32F3-Discovery/stm32f3_discovery.o
                0x000000000800143c                COMPASSACCELERO_IO_Write
 .text.COMPASSACCELERO_IO_Read
                0x0000000008001462       0x26 ./Drivers/BSP/STM32F3-Discovery/stm32f3_discovery.o
                0x0000000008001462                COMPASSACCELERO_IO_Read
 .text.BSP_ACCELERO_Init
                0x0000000008001488      0x184 ./Drivers/BSP/STM32F3-Discovery/stm32f3_discovery_accelerometer.o
                0x0000000008001488                BSP_ACCELERO_Init
 .text.BSP_ACCELERO_GetXYZ
                0x000000000800160c       0x28 ./Drivers/BSP/STM32F3-Discovery/stm32f3_discovery_accelerometer.o
                0x000000000800160c                BSP_ACCELERO_GetXYZ
 .text.HAL_Init
                0x0000000008001634       0x2c ./Drivers/STM32F3xx_HAL_Driver/Src/stm32f3xx_hal.o
                0x0000000008001634                HAL_Init
 .text.HAL_InitTick
                0x0000000008001660       0x60 ./Drivers/STM32F3xx_HAL_Driver/Src/stm32f3xx_hal.o
                0x0000000008001660                HAL_InitTick
 .text.HAL_IncTick
                0x00000000080016c0       0x28 ./Drivers/STM32F3xx_HAL_Driver/Src/stm32f3xx_hal.o
                0x00000000080016c0                HAL_IncTick
 .text.HAL_GetTick
                0x00000000080016e8       0x18 ./Drivers/STM32F3xx_HAL_Driver/Src/stm32f3xx_hal.o
                0x00000000080016e8                HAL_GetTick
 .text.HAL_Delay
                0x0000000008001700       0x48 ./Drivers/STM32F3xx_HAL_Driver/Src/stm32f3xx_hal.o
                0x0000000008001700                HAL_Delay
 .text.__NVIC_SetPriorityGrouping
                0x0000000008001748       0x48 ./Drivers/STM32F3xx_HAL_Driver/Src/stm32f3xx_hal_cortex.o
 .text.__NVIC_GetPriorityGrouping
                0x0000000008001790       0x1c ./Drivers/STM32F3xx_HAL_Driver/Src/stm32f3xx_hal_cortex.o
 .text.__NVIC_EnableIRQ
                0x00000000080017ac       0x3c ./Drivers/STM32F3xx_HAL_Driver/Src/stm32f3xx_hal_cortex.o
 .text.__NVIC_SetPriority
                0x00000000080017e8       0x54 ./Drivers/STM32F3xx_HAL_Driver/Src/stm32f3xx_hal_cortex.o
 .text.NVIC_EncodePriority
                0x000000000800183c       0x66 ./Drivers/STM32F3xx_HAL_Driver/Src/stm32f3xx_hal_cortex.o
 *fill*         0x00000000080018a2        0x2 
 .text.SysTick_Config
                0x00000000080018a4       0x44 ./Drivers/STM32F3xx_HAL_Driver/Src/stm32f3xx_hal_cortex.o
 .text.HAL_NVIC_SetPriorityGrouping
                0x00000000080018e8       0x16 ./Drivers/STM32F3xx_HAL_Driver/Src/stm32f3xx_hal_cortex.o
                0x00000000080018e8                HAL_NVIC_SetPriorityGrouping
 .text.HAL_NVIC_SetPriority
                0x00000000080018fe       0x38 ./Drivers/STM32F3xx_HAL_Driver/Src/stm32f3xx_hal_cortex.o
                0x00000000080018fe                HAL_NVIC_SetPriority
 .text.HAL_NVIC_EnableIRQ
                0x0000000008001936       0x1c ./Drivers/STM32F3xx_HAL_Driver/Src/stm32f3xx_hal_cortex.o
                0x0000000008001936                HAL_NVIC_EnableIRQ
 .text.HAL_SYSTICK_Config
                0x0000000008001952       0x18 ./Drivers/STM32F3xx_HAL_Driver/Src/stm32f3xx_hal_cortex.o
                0x0000000008001952                HAL_SYSTICK_Config
 *fill*         0x000000000800196a        0x2 
 .text.HAL_GPIO_Init
                0x000000000800196c      0x2f4 ./Drivers/STM32F3xx_HAL_Driver/Src/stm32f3xx_hal_gpio.o
                0x000000000800196c                HAL_GPIO_Init
 .text.HAL_GPIO_DeInit
                0x0000000008001c60      0x1b8 ./Drivers/STM32F3xx_HAL_Driver/Src/stm32f3xx_hal_gpio.o
                0x0000000008001c60                HAL_GPIO_DeInit
 .text.HAL_GPIO_ReadPin
                0x0000000008001e18       0x30 ./Drivers/STM32F3xx_HAL_Driver/Src/stm32f3xx_hal_gpio.o
                0x0000000008001e18                HAL_GPIO_ReadPin
 .text.HAL_GPIO_WritePin
                0x0000000008001e48       0x30 ./Drivers/STM32F3xx_HAL_Driver/Src/stm32f3xx_hal_gpio.o
                0x0000000008001e48                HAL_GPIO_WritePin
 .text.HAL_GPIO_TogglePin
                0x0000000008001e78       0x34 ./Drivers/STM32F3xx_HAL_Driver/Src/stm32f3xx_hal_gpio.o
                0x0000000008001e78                HAL_GPIO_TogglePin
 .text.HAL_GPIO_EXTI_IRQHandler
                0x0000000008001eac       0x30 ./Drivers/STM32F3xx_HAL_Driver/Src/stm32f3xx_hal_gpio.o
                0x0000000008001eac                HAL_GPIO_EXTI_IRQHandler
 .text.HAL_I2C_Init
                0x0000000008001edc      0x11e ./Drivers/STM32F3xx_HAL_Driver/Src/stm32f3xx_hal_i2c.o
                0x0000000008001edc                HAL_I2C_Init
 .text.HAL_I2C_DeInit
                0x0000000008001ffa       0x5e ./Drivers/STM32F3xx_HAL_Driver/Src/stm32f3xx_hal_i2c.o
                0x0000000008001ffa                HAL_I2C_DeInit
 .text.HAL_I2C_Mem_Write
                0x0000000008002058      0x228 ./Drivers/STM32F3xx_HAL_Driver/Src/stm32f3xx_hal_i2c.o
                0x0000000008002058                HAL_I2C_Mem_Write
 .text.HAL_I2C_Mem_Read
                0x0000000008002280      0x234 ./Drivers/STM32F3xx_HAL_Driver/Src/stm32f3xx_hal_i2c.o
                0x0000000008002280                HAL_I2C_Mem_Read
 .text.HAL_I2C_GetState
                0x00000000080024b4       0x1c ./Drivers/STM32F3xx_HAL_Driver/Src/stm32f3xx_hal_i2c.o
                0x00000000080024b4                HAL_I2C_GetState
 .text.I2C_RequestMemoryWrite
                0x00000000080024d0       0xa8 ./Drivers/STM32F3xx_HAL_Driver/Src/stm32f3xx_hal_i2c.o
 .text.I2C_RequestMemoryRead
                0x0000000008002578       0xa8 ./Drivers/STM32F3xx_HAL_Driver/Src/stm32f3xx_hal_i2c.o
 .text.I2C_Flush_TXDR
                0x0000000008002620       0x48 ./Drivers/STM32F3xx_HAL_Driver/Src/stm32f3xx_hal_i2c.o
 .text.I2C_WaitOnFlagUntilTimeout
                0x0000000008002668       0x80 ./Drivers/STM32F3xx_HAL_Driver/Src/stm32f3xx_hal_i2c.o
 .text.I2C_WaitOnTXISFlagUntilTimeout
                0x00000000080026e8       0x80 ./Drivers/STM32F3xx_HAL_Driver/Src/stm32f3xx_hal_i2c.o
 .text.I2C_WaitOnSTOPFlagUntilTimeout
                0x0000000008002768       0x78 ./Drivers/STM32F3xx_HAL_Driver/Src/stm32f3xx_hal_i2c.o
 .text.I2C_IsAcknowledgeFailed
                0x00000000080027e0       0xec ./Drivers/STM32F3xx_HAL_Driver/Src/stm32f3xx_hal_i2c.o
 .text.I2C_TransferConfig
                0x00000000080028cc       0x5c ./Drivers/STM32F3xx_HAL_Driver/Src/stm32f3xx_hal_i2c.o
 .text.HAL_RCC_OscConfig
                0x0000000008002928      0xe10 ./Drivers/STM32F3xx_HAL_Driver/Src/stm32f3xx_hal_rcc.o
                0x0000000008002928                HAL_RCC_OscConfig
 .text.HAL_RCC_ClockConfig
                0x0000000008003738      0x2f8 ./Drivers/STM32F3xx_HAL_Driver/Src/stm32f3xx_hal_rcc.o
                0x0000000008003738                HAL_RCC_ClockConfig
 .text.HAL_RCC_GetSysClockFreq
                0x0000000008003a30       0xd4 ./Drivers/STM32F3xx_HAL_Driver/Src/stm32f3xx_hal_rcc.o
                0x0000000008003a30                HAL_RCC_GetSysClockFreq
 .text.__libc_init_array
                0x0000000008003b04       0x48 c:/st/stm32cubeide_1.7.0/stm32cubeide/plugins/com.st.stm32cube.ide.mcu.externaltools.gnu-tools-for-stm32.9-2020-q2-update.win32_2.0.0.202105311346/tools/bin/../lib/gcc/arm-none-eabi/9.3.1/../../../../arm-none-eabi/lib/thumb/v7e-m+fp/hard\libc_nano.a(lib_a-init.o)
                0x0000000008003b04                __libc_init_array
 *(.glue_7)
 .glue_7        0x0000000008003b4c        0x0 linker stubs
 *(.glue_7t)
 .glue_7t       0x0000000008003b4c        0x0 linker stubs
 *(.eh_frame)
 .eh_frame      0x0000000008003b4c        0x0 c:/st/stm32cubeide_1.7.0/stm32cubeide/plugins/com.st.stm32cube.ide.mcu.externaltools.gnu-tools-for-stm32.9-2020-q2-update.win32_2.0.0.202105311346/tools/bin/../lib/gcc/arm-none-eabi/9.3.1/thumb/v7e-m+fp/hard/crtbegin.o
 *(.init)
 .init          0x0000000008003b4c        0x4 c:/st/stm32cubeide_1.7.0/stm32cubeide/plugins/com.st.stm32cube.ide.mcu.externaltools.gnu-tools-for-stm32.9-2020-q2-update.win32_2.0.0.202105311346/tools/bin/../lib/gcc/arm-none-eabi/9.3.1/thumb/v7e-m+fp/hard/crti.o
                0x0000000008003b4c                _init
 .init          0x0000000008003b50        0x8 c:/st/stm32cubeide_1.7.0/stm32cubeide/plugins/com.st.stm32cube.ide.mcu.externaltools.gnu-tools-for-stm32.9-2020-q2-update.win32_2.0.0.202105311346/tools/bin/../lib/gcc/arm-none-eabi/9.3.1/thumb/v7e-m+fp/hard/crtn.o
 *(.fini)
 .fini          0x0000000008003b58        0x4 c:/st/stm32cubeide_1.7.0/stm32cubeide/plugins/com.st.stm32cube.ide.mcu.externaltools.gnu-tools-for-stm32.9-2020-q2-update.win32_2.0.0.202105311346/tools/bin/../lib/gcc/arm-none-eabi/9.3.1/thumb/v7e-m+fp/hard/crti.o
                0x0000000008003b58                _fini
 .fini          0x0000000008003b5c        0x8 c:/st/stm32cubeide_1.7.0/stm32cubeide/plugins/com.st.stm32cube.ide.mcu.externaltools.gnu-tools-for-stm32.9-2020-q2-update.win32_2.0.0.202105311346/tools/bin/../lib/gcc/arm-none-eabi/9.3.1/thumb/v7e-m+fp/hard/crtn.o
                0x0000000008003b64                . = ALIGN (0x4)
                0x0000000008003b64                _etext = .

.vfp11_veneer   0x0000000008003b64        0x0
 .vfp11_veneer  0x0000000008003b64        0x0 linker stubs

.v4_bx          0x0000000008003b64        0x0
 .v4_bx         0x0000000008003b64        0x0 linker stubs

.iplt           0x0000000008003b64        0x0
 .iplt          0x0000000008003b64        0x0 c:/st/stm32cubeide_1.7.0/stm32cubeide/plugins/com.st.stm32cube.ide.mcu.externaltools.gnu-tools-for-stm32.9-2020-q2-update.win32_2.0.0.202105311346/tools/bin/../lib/gcc/arm-none-eabi/9.3.1/thumb/v7e-m+fp/hard/crtbegin.o

.rodata         0x0000000008003b64       0x40
                0x0000000008003b64                . = ALIGN (0x4)
 *(.rodata)
 *(.rodata*)
 .rodata.AHBPrescTable
                0x0000000008003b64       0x10 ./Core/Src/system_stm32f3xx.o
                0x0000000008003b64                AHBPrescTable
 .rodata.LED_PIN
                0x0000000008003b74       0x10 ./Drivers/BSP/STM32F3-Discovery/stm32f3_discovery.o
                0x0000000008003b74                LED_PIN
 .rodata.aPLLMULFactorTable
                0x0000000008003b84       0x10 ./Drivers/STM32F3xx_HAL_Driver/Src/stm32f3xx_hal_rcc.o
                0x0000000008003b84                aPLLMULFactorTable
 .rodata.aPredivFactorTable
                0x0000000008003b94       0x10 ./Drivers/STM32F3xx_HAL_Driver/Src/stm32f3xx_hal_rcc.o
                0x0000000008003b94                aPredivFactorTable
                0x0000000008003ba4                . = ALIGN (0x4)

.rel.dyn        0x0000000008003ba4        0x0
 .rel.iplt      0x0000000008003ba4        0x0 c:/st/stm32cubeide_1.7.0/stm32cubeide/plugins/com.st.stm32cube.ide.mcu.externaltools.gnu-tools-for-stm32.9-2020-q2-update.win32_2.0.0.202105311346/tools/bin/../lib/gcc/arm-none-eabi/9.3.1/thumb/v7e-m+fp/hard/crtbegin.o

.ARM.extab      0x0000000008003ba4        0x0
                0x0000000008003ba4                . = ALIGN (0x4)
 *(.ARM.extab* .gnu.linkonce.armextab.*)
                0x0000000008003ba4                . = ALIGN (0x4)

.ARM            0x0000000008003ba4        0x0
                0x0000000008003ba4                . = ALIGN (0x4)
                0x0000000008003ba4                __exidx_start = .
 *(.ARM.exidx*)
                0x0000000008003ba4                __exidx_end = .
                0x0000000008003ba4                . = ALIGN (0x4)

.preinit_array  0x0000000008003ba4        0x0
                0x0000000008003ba4                . = ALIGN (0x4)
                0x0000000008003ba4                PROVIDE (__preinit_array_start = .)
 *(.preinit_array*)
                0x0000000008003ba4                PROVIDE (__preinit_array_end = .)
                0x0000000008003ba4                . = ALIGN (0x4)

.init_array     0x0000000008003ba4        0x4
                0x0000000008003ba4                . = ALIGN (0x4)
                0x0000000008003ba4                PROVIDE (__init_array_start = .)
 *(SORT_BY_NAME(.init_array.*))
 *(.init_array*)
 .init_array    0x0000000008003ba4        0x4 c:/st/stm32cubeide_1.7.0/stm32cubeide/plugins/com.st.stm32cube.ide.mcu.externaltools.gnu-tools-for-stm32.9-2020-q2-update.win32_2.0.0.202105311346/tools/bin/../lib/gcc/arm-none-eabi/9.3.1/thumb/v7e-m+fp/hard/crtbegin.o
                0x0000000008003ba8                PROVIDE (__init_array_end = .)
                0x0000000008003ba8                . = ALIGN (0x4)

.fini_array     0x0000000008003ba8        0x4
                0x0000000008003ba8                . = ALIGN (0x4)
                [!provide]                        PROVIDE (__fini_array_start = .)
 *(SORT_BY_NAME(.fini_array.*))
 *(.fini_array*)
 .fini_array    0x0000000008003ba8        0x4 c:/st/stm32cubeide_1.7.0/stm32cubeide/plugins/com.st.stm32cube.ide.mcu.externaltools.gnu-tools-for-stm32.9-2020-q2-update.win32_2.0.0.202105311346/tools/bin/../lib/gcc/arm-none-eabi/9.3.1/thumb/v7e-m+fp/hard/crtbegin.o
                [!provide]                        PROVIDE (__fini_array_end = .)
                0x0000000008003bac                . = ALIGN (0x4)
                0x0000000008003bac                _sidata = LOADADDR (.data)

.data           0x0000000020000000       0xdc load address 0x0000000008003bac
                0x0000000020000000                . = ALIGN (0x4)
                0x0000000020000000                _sdata = .
 *(.data)
 *(.data*)
 .data.BSP_examples
                0x0000000020000000       0x3c ./Core/Src/main.o
                0x0000000020000000                BSP_examples
 .data.ThresholdHigh
                0x000000002000003c        0x2 ./Core/Src/mems.o
                0x000000002000003c                ThresholdHigh
 .data.ThresholdLow
                0x000000002000003e        0x2 ./Core/Src/mems.o
                0x000000002000003e                ThresholdLow
 .data.SystemCoreClock
                0x0000000020000040        0x4 ./Core/Src/system_stm32f3xx.o
                0x0000000020000040                SystemCoreClock
 .data.Lsm303agrDrv
                0x0000000020000044       0x34 ./Drivers/BSP/Components/lsm303agr/lsm303agr.o
                0x0000000020000044                Lsm303agrDrv
 .data.Lsm303dlhcDrv
                0x0000000020000078       0x34 ./Drivers/BSP/Components/lsm303dlhc/lsm303dlhc.o
                0x0000000020000078                Lsm303dlhcDrv
 .data.LED_PORT
                0x00000000200000ac       0x20 ./Drivers/BSP/STM32F3-Discovery/stm32f3_discovery.o
                0x00000000200000ac                LED_PORT
 .data.BUTTON_PORT
                0x00000000200000cc        0x4 ./Drivers/BSP/STM32F3-Discovery/stm32f3_discovery.o
                0x00000000200000cc                BUTTON_PORT
 .data.I2cxTimeout
                0x00000000200000d0        0x4 ./Drivers/BSP/STM32F3-Discovery/stm32f3_discovery.o
                0x00000000200000d0                I2cxTimeout
 .data.uwTickPrio
                0x00000000200000d4        0x4 ./Drivers/STM32F3xx_HAL_Driver/Src/stm32f3xx_hal.o
                0x00000000200000d4                uwTickPrio
 .data.uwTickFreq
                0x00000000200000d8        0x1 ./Drivers/STM32F3xx_HAL_Driver/Src/stm32f3xx_hal.o
                0x00000000200000d8                uwTickFreq
 *(.RamFunc)
 *(.RamFunc*)
                0x00000000200000dc                . = ALIGN (0x4)
 *fill*         0x00000000200000d9        0x3 
                0x00000000200000dc                _edata = .
                0x0000000008003c88                _siccmram = LOADADDR (.ccmram)

.igot.plt       0x00000000200000dc        0x0 load address 0x0000000008003c88
 .igot.plt      0x00000000200000dc        0x0 c:/st/stm32cubeide_1.7.0/stm32cubeide/plugins/com.st.stm32cube.ide.mcu.externaltools.gnu-tools-for-stm32.9-2020-q2-update.win32_2.0.0.202105311346/tools/bin/../lib/gcc/arm-none-eabi/9.3.1/thumb/v7e-m+fp/hard/crtbegin.o

.ccmram         0x0000000010000000        0x0 load address 0x0000000008003c88
                0x0000000010000000                . = ALIGN (0x4)
                0x0000000010000000                _sccmram = .
 *(.ccmram)
 *(.ccmram*)
                0x0000000010000000                . = ALIGN (0x4)
                0x0000000010000000                _eccmram = .
                0x0000000010000000                . = ALIGN (0x4)

.bss            0x00000000200000dc       0x74
                0x00000000200000dc                _sbss = .
                0x00000000200000dc                __bss_start__ = _sbss
 *(.bss)
 .bss           0x00000000200000dc       0x1c c:/st/stm32cubeide_1.7.0/stm32cubeide/plugins/com.st.stm32cube.ide.mcu.externaltools.gnu-tools-for-stm32.9-2020-q2-update.win32_2.0.0.202105311346/tools/bin/../lib/gcc/arm-none-eabi/9.3.1/thumb/v7e-m+fp/hard/crtbegin.o
 *(.bss*)
 .bss.DemoIndex
                0x00000000200000f8        0x1 ./Core/Src/main.o
                0x00000000200000f8                DemoIndex
 .bss.UserPressButton
                0x00000000200000f9        0x1 ./Core/Src/main.o
                0x00000000200000f9                UserPressButton
 *fill*         0x00000000200000fa        0x2 
 .bss.I2cHandle
                0x00000000200000fc       0x4c ./Drivers/BSP/STM32F3-Discovery/stm32f3_discovery.o
 .bss.AccelerometerDrv
                0x0000000020000148        0x4 ./Drivers/BSP/STM32F3-Discovery/stm32f3_discovery_accelerometer.o
 *(COMMON)
 COMMON         0x000000002000014c        0x4 ./Drivers/STM32F3xx_HAL_Driver/Src/stm32f3xx_hal.o
                0x000000002000014c                uwTick
                0x0000000020000150                . = ALIGN (0x4)
                0x0000000020000150                _ebss = .
                0x0000000020000150                __bss_end__ = _ebss

._user_heap_stack
                0x0000000020000150      0x600
                0x0000000020000150                . = ALIGN (0x8)
                [!provide]                        PROVIDE (end = .)
                0x0000000020000150                PROVIDE (_end = .)
                0x0000000020000350                . = (. + _Min_Heap_Size)
 *fill*         0x0000000020000150      0x200 
                0x0000000020000750                . = (. + _Min_Stack_Size)
 *fill*         0x0000000020000350      0x400 
                0x0000000020000750                . = ALIGN (0x8)

/DISCARD/
 libc.a(*)
 libm.a(*)
 libgcc.a(*)

.ARM.attributes
                0x0000000000000000       0x30
 *(.ARM.attributes)
 .ARM.attributes
                0x0000000000000000       0x1e c:/st/stm32cubeide_1.7.0/stm32cubeide/plugins/com.st.stm32cube.ide.mcu.externaltools.gnu-tools-for-stm32.9-2020-q2-update.win32_2.0.0.202105311346/tools/bin/../lib/gcc/arm-none-eabi/9.3.1/thumb/v7e-m+fp/hard/crti.o
 .ARM.attributes
                0x000000000000001e       0x34 c:/st/stm32cubeide_1.7.0/stm32cubeide/plugins/com.st.stm32cube.ide.mcu.externaltools.gnu-tools-for-stm32.9-2020-q2-update.win32_2.0.0.202105311346/tools/bin/../lib/gcc/arm-none-eabi/9.3.1/thumb/v7e-m+fp/hard/crtbegin.o
 .ARM.attributes
                0x0000000000000052       0x34 ./Core/Src/main.o
 .ARM.attributes
                0x0000000000000086       0x34 ./Core/Src/mems.o
 .ARM.attributes
                0x00000000000000ba       0x34 ./Core/Src/stm32f3xx_hal_msp.o
 .ARM.attributes
                0x00000000000000ee       0x34 ./Core/Src/stm32f3xx_it.o
 .ARM.attributes
                0x0000000000000122       0x34 ./Core/Src/system_stm32f3xx.o
 .ARM.attributes
                0x0000000000000156       0x21 ./Core/Startup/startup_stm32f303vctx.o
 .ARM.attributes
                0x0000000000000177       0x34 ./Drivers/BSP/Components/lsm303agr/lsm303agr.o
 .ARM.attributes
                0x00000000000001ab       0x34 ./Drivers/BSP/Components/lsm303dlhc/lsm303dlhc.o
 .ARM.attributes
                0x00000000000001df       0x34 ./Drivers/BSP/STM32F3-Discovery/stm32f3_discovery.o
 .ARM.attributes
                0x0000000000000213       0x34 ./Drivers/BSP/STM32F3-Discovery/stm32f3_discovery_accelerometer.o
 .ARM.attributes
                0x0000000000000247       0x34 ./Drivers/STM32F3xx_HAL_Driver/Src/stm32f3xx_hal.o
 .ARM.attributes
                0x000000000000027b       0x34 ./Drivers/STM32F3xx_HAL_Driver/Src/stm32f3xx_hal_cortex.o
 .ARM.attributes
                0x00000000000002af       0x34 ./Drivers/STM32F3xx_HAL_Driver/Src/stm32f3xx_hal_gpio.o
 .ARM.attributes
                0x00000000000002e3       0x34 ./Drivers/STM32F3xx_HAL_Driver/Src/stm32f3xx_hal_i2c.o
 .ARM.attributes
                0x0000000000000317       0x34 ./Drivers/STM32F3xx_HAL_Driver/Src/stm32f3xx_hal_rcc.o
 .ARM.attributes
                0x000000000000034b       0x34 c:/st/stm32cubeide_1.7.0/stm32cubeide/plugins/com.st.stm32cube.ide.mcu.externaltools.gnu-tools-for-stm32.9-2020-q2-update.win32_2.0.0.202105311346/tools/bin/../lib/gcc/arm-none-eabi/9.3.1/../../../../arm-none-eabi/lib/thumb/v7e-m+fp/hard\libc_nano.a(lib_a-init.o)
 .ARM.attributes
                0x000000000000037f       0x1e c:/st/stm32cubeide_1.7.0/stm32cubeide/plugins/com.st.stm32cube.ide.mcu.externaltools.gnu-tools-for-stm32.9-2020-q2-update.win32_2.0.0.202105311346/tools/bin/../lib/gcc/arm-none-eabi/9.3.1/thumb/v7e-m+fp/hard/crtn.o
OUTPUT(Accelerometer.elf elf32-littlearm)
LOAD linker stubs
LOAD c:/st/stm32cubeide_1.7.0/stm32cubeide/plugins/com.st.stm32cube.ide.mcu.externaltools.gnu-tools-for-stm32.9-2020-q2-update.win32_2.0.0.202105311346/tools/bin/../lib/gcc/arm-none-eabi/9.3.1/../../../../arm-none-eabi/lib/thumb/v7e-m+fp/hard\libc.a
LOAD c:/st/stm32cubeide_1.7.0/stm32cubeide/plugins/com.st.stm32cube.ide.mcu.externaltools.gnu-tools-for-stm32.9-2020-q2-update.win32_2.0.0.202105311346/tools/bin/../lib/gcc/arm-none-eabi/9.3.1/../../../../arm-none-eabi/lib/thumb/v7e-m+fp/hard\libm.a
LOAD c:/st/stm32cubeide_1.7.0/stm32cubeide/plugins/com.st.stm32cube.ide.mcu.externaltools.gnu-tools-for-stm32.9-2020-q2-update.win32_2.0.0.202105311346/tools/bin/../lib/gcc/arm-none-eabi/9.3.1/thumb/v7e-m+fp/hard\libgcc.a

.debug_info     0x0000000000000000     0xbcaf
 .debug_info    0x0000000000000000      0xfce ./Core/Src/main.o
 .debug_info    0x0000000000000fce      0xdee ./Core/Src/mems.o
 .debug_info    0x0000000000001dbc     0x14a9 ./Core/Src/stm32f3xx_hal_msp.o
 .debug_info    0x0000000000003265      0xd62 ./Core/Src/stm32f3xx_it.o
 .debug_info    0x0000000000003fc7      0x49a ./Core/Src/system_stm32f3xx.o
 .debug_info    0x0000000000004461       0x22 ./Core/Startup/startup_stm32f303vctx.o
 .debug_info    0x0000000000004483      0x6a7 ./Drivers/BSP/Components/lsm303agr/lsm303agr.o
 .debug_info    0x0000000000004b2a      0x661 ./Drivers/BSP/Components/lsm303dlhc/lsm303dlhc.o
 .debug_info    0x000000000000518b     0x111f ./Drivers/BSP/STM32F3-Discovery/stm32f3_discovery.o
 .debug_info    0x00000000000062aa      0x492 ./Drivers/BSP/STM32F3-Discovery/stm32f3_discovery_accelerometer.o
 .debug_info    0x000000000000673c      0x83d ./Drivers/STM32F3xx_HAL_Driver/Src/stm32f3xx_hal.o
 .debug_info    0x0000000000006f79      0xe44 ./Drivers/STM32F3xx_HAL_Driver/Src/stm32f3xx_hal_cortex.o
 .debug_info    0x0000000000007dbd      0x779 ./Drivers/STM32F3xx_HAL_Driver/Src/stm32f3xx_hal_gpio.o
 .debug_info    0x0000000000008536     0x21c4 ./Drivers/STM32F3xx_HAL_Driver/Src/stm32f3xx_hal_i2c.o
 .debug_info    0x000000000000a6fa     0x15b5 ./Drivers/STM32F3xx_HAL_Driver/Src/stm32f3xx_hal_rcc.o

.debug_abbrev   0x0000000000000000     0x1d6e
 .debug_abbrev  0x0000000000000000      0x25f ./Core/Src/main.o
 .debug_abbrev  0x000000000000025f      0x1fe ./Core/Src/mems.o
 .debug_abbrev  0x000000000000045d      0x221 ./Core/Src/stm32f3xx_hal_msp.o
 .debug_abbrev  0x000000000000067e      0x1da ./Core/Src/stm32f3xx_it.o
 .debug_abbrev  0x0000000000000858      0x145 ./Core/Src/system_stm32f3xx.o
 .debug_abbrev  0x000000000000099d       0x12 ./Core/Startup/startup_stm32f303vctx.o
 .debug_abbrev  0x00000000000009af      0x1d0 ./Drivers/BSP/Components/lsm303agr/lsm303agr.o
 .debug_abbrev  0x0000000000000b7f      0x1bd ./Drivers/BSP/Components/lsm303dlhc/lsm303dlhc.o
 .debug_abbrev  0x0000000000000d3c      0x290 ./Drivers/BSP/STM32F3-Discovery/stm32f3_discovery.o
 .debug_abbrev  0x0000000000000fcc      0x177 ./Drivers/BSP/STM32F3-Discovery/stm32f3_discovery_accelerometer.o
 .debug_abbrev  0x0000000000001143      0x1ed ./Drivers/STM32F3xx_HAL_Driver/Src/stm32f3xx_hal.o
 .debug_abbrev  0x0000000000001330      0x33c ./Drivers/STM32F3xx_HAL_Driver/Src/stm32f3xx_hal_cortex.o
 .debug_abbrev  0x000000000000166c      0x1e8 ./Drivers/STM32F3xx_HAL_Driver/Src/stm32f3xx_hal_gpio.o
 .debug_abbrev  0x0000000000001854      0x256 ./Drivers/STM32F3xx_HAL_Driver/Src/stm32f3xx_hal_i2c.o
 .debug_abbrev  0x0000000000001aaa      0x2c4 ./Drivers/STM32F3xx_HAL_Driver/Src/stm32f3xx_hal_rcc.o

.debug_aranges  0x0000000000000000      0x8e0
 .debug_aranges
                0x0000000000000000       0x40 ./Core/Src/main.o
 .debug_aranges
                0x0000000000000040       0x28 ./Core/Src/mems.o
 .debug_aranges
                0x0000000000000068       0x30 ./Core/Src/stm32f3xx_hal_msp.o
 .debug_aranges
                0x0000000000000098       0x68 ./Core/Src/stm32f3xx_it.o
 .debug_aranges
                0x0000000000000100       0x28 ./Core/Src/system_stm32f3xx.o
 .debug_aranges
                0x0000000000000128       0x28 ./Core/Startup/startup_stm32f303vctx.o
 .debug_aranges
                0x0000000000000150       0xb0 ./Drivers/BSP/Components/lsm303agr/lsm303agr.o
 .debug_aranges
                0x0000000000000200       0xb0 ./Drivers/BSP/Components/lsm303dlhc/lsm303dlhc.o
 .debug_aranges
                0x00000000000002b0       0x98 ./Drivers/BSP/STM32F3-Discovery/stm32f3_discovery.o
 .debug_aranges
                0x0000000000000348       0x30 ./Drivers/BSP/STM32F3-Discovery/stm32f3_discovery_accelerometer.o
 .debug_aranges
                0x0000000000000378       0xe0 ./Drivers/STM32F3xx_HAL_Driver/Src/stm32f3xx_hal.o
 .debug_aranges
                0x0000000000000458      0x118 ./Drivers/STM32F3xx_HAL_Driver/Src/stm32f3xx_hal_cortex.o
 .debug_aranges
                0x0000000000000570       0x58 ./Drivers/STM32F3xx_HAL_Driver/Src/stm32f3xx_hal_gpio.o
 .debug_aranges
                0x00000000000005c8      0x290 ./Drivers/STM32F3xx_HAL_Driver/Src/stm32f3xx_hal_i2c.o
 .debug_aranges
                0x0000000000000858       0x88 ./Drivers/STM32F3xx_HAL_Driver/Src/stm32f3xx_hal_rcc.o

.debug_ranges   0x0000000000000000      0x7f8
 .debug_ranges  0x0000000000000000       0x30 ./Core/Src/main.o
 .debug_ranges  0x0000000000000030       0x18 ./Core/Src/mems.o
 .debug_ranges  0x0000000000000048       0x20 ./Core/Src/stm32f3xx_hal_msp.o
 .debug_ranges  0x0000000000000068       0x58 ./Core/Src/stm32f3xx_it.o
 .debug_ranges  0x00000000000000c0       0x18 ./Core/Src/system_stm32f3xx.o
 .debug_ranges  0x00000000000000d8       0x20 ./Core/Startup/startup_stm32f303vctx.o
 .debug_ranges  0x00000000000000f8       0xa0 ./Drivers/BSP/Components/lsm303agr/lsm303agr.o
 .debug_ranges  0x0000000000000198       0xa0 ./Drivers/BSP/Components/lsm303dlhc/lsm303dlhc.o
 .debug_ranges  0x0000000000000238       0x88 ./Drivers/BSP/STM32F3-Discovery/stm32f3_discovery.o
 .debug_ranges  0x00000000000002c0       0x20 ./Drivers/BSP/STM32F3-Discovery/stm32f3_discovery_accelerometer.o
 .debug_ranges  0x00000000000002e0       0xd0 ./Drivers/STM32F3xx_HAL_Driver/Src/stm32f3xx_hal.o
 .debug_ranges  0x00000000000003b0      0x108 ./Drivers/STM32F3xx_HAL_Driver/Src/stm32f3xx_hal_cortex.o
 .debug_ranges  0x00000000000004b8       0x48 ./Drivers/STM32F3xx_HAL_Driver/Src/stm32f3xx_hal_gpio.o
 .debug_ranges  0x0000000000000500      0x280 ./Drivers/STM32F3xx_HAL_Driver/Src/stm32f3xx_hal_i2c.o
 .debug_ranges  0x0000000000000780       0x78 ./Drivers/STM32F3xx_HAL_Driver/Src/stm32f3xx_hal_rcc.o

.debug_macro    0x0000000000000000    0x1e106
 .debug_macro   0x0000000000000000      0x3b0 ./Core/Src/main.o
 .debug_macro   0x00000000000003b0      0xaa8 ./Core/Src/main.o
 .debug_macro   0x0000000000000e58      0x151 ./Core/Src/main.o
 .debug_macro   0x0000000000000fa9       0x2e ./Core/Src/main.o
 .debug_macro   0x0000000000000fd7       0x28 ./Core/Src/main.o
 .debug_macro   0x0000000000000fff       0x22 ./Core/Src/main.o
 .debug_macro   0x0000000000001021       0x8e ./Core/Src/main.o
 .debug_macro   0x00000000000010af       0x51 ./Core/Src/main.o
 .debug_macro   0x0000000000001100      0x103 ./Core/Src/main.o
 .debug_macro   0x0000000000001203       0x6a ./Core/Src/main.o
 .debug_macro   0x000000000000126d      0x1df ./Core/Src/main.o
 .debug_macro   0x000000000000144c       0x1c ./Core/Src/main.o
 .debug_macro   0x0000000000001468       0x22 ./Core/Src/main.o
 .debug_macro   0x000000000000148a       0xdf ./Core/Src/main.o
 .debug_macro   0x0000000000001569     0x102d ./Core/Src/main.o
 .debug_macro   0x0000000000002596      0x11f ./Core/Src/main.o
 .debug_macro   0x00000000000026b5    0x12a3a ./Core/Src/main.o
 .debug_macro   0x00000000000150ef       0x6d ./Core/Src/main.o
 .debug_macro   0x000000000001515c     0x3540 ./Core/Src/main.o
 .debug_macro   0x000000000001869c      0x174 ./Core/Src/main.o
 .debug_macro   0x0000000000018810       0x55 ./Core/Src/main.o
 .debug_macro   0x0000000000018865      0x962 ./Core/Src/main.o
 .debug_macro   0x00000000000191c7      0x5fe ./Core/Src/main.o
 .debug_macro   0x00000000000197c5      0x1b6 ./Core/Src/main.o
 .debug_macro   0x000000000001997b      0x1fb ./Core/Src/main.o
 .debug_macro   0x0000000000019b76      0x1dc ./Core/Src/main.o
 .debug_macro   0x0000000000019d52      0x1bc ./Core/Src/main.o
 .debug_macro   0x0000000000019f0e       0x30 ./Core/Src/main.o
 .debug_macro   0x0000000000019f3e       0x3c ./Core/Src/main.o
 .debug_macro   0x0000000000019f7a      0x236 ./Core/Src/main.o
 .debug_macro   0x000000000001a1b0       0xc5 ./Core/Src/main.o
 .debug_macro   0x000000000001a275      0x21d ./Core/Src/main.o
 .debug_macro   0x000000000001a492      0x22c ./Core/Src/main.o
 .debug_macro   0x000000000001a6be       0x5b ./Core/Src/main.o
 .debug_macro   0x000000000001a719       0xa5 ./Core/Src/main.o
 .debug_macro   0x000000000001a7be       0x81 ./Core/Src/main.o
 .debug_macro   0x000000000001a83f       0xd3 ./Core/Src/main.o
 .debug_macro   0x000000000001a912      0x275 ./Core/Src/main.o
 .debug_macro   0x000000000001ab87      0x29d ./Core/Src/main.o
 .debug_macro   0x000000000001ae24      0x211 ./Core/Src/main.o
 .debug_macro   0x000000000001b035      0x203 ./Core/Src/main.o
 .debug_macro   0x000000000001b238      0x452 ./Core/Src/main.o
 .debug_macro   0x000000000001b68a      0x4b7 ./Core/Src/main.o
 .debug_macro   0x000000000001bb41       0x52 ./Core/Src/main.o
 .debug_macro   0x000000000001bb93       0x18 ./Core/Src/main.o
 .debug_macro   0x000000000001bbab       0x3c ./Core/Src/main.o
 .debug_macro   0x000000000001bbe7       0x34 ./Core/Src/main.o
 .debug_macro   0x000000000001bc1b       0x16 ./Core/Src/main.o
 .debug_macro   0x000000000001bc31       0x35 ./Core/Src/main.o
 .debug_macro   0x000000000001bc66      0x333 ./Core/Src/main.o
 .debug_macro   0x000000000001bf99       0x10 ./Core/Src/main.o
 .debug_macro   0x000000000001bfa9       0x16 ./Core/Src/main.o
 .debug_macro   0x000000000001bfbf       0x43 ./Core/Src/main.o
 .debug_macro   0x000000000001c002       0x34 ./Core/Src/main.o
 .debug_macro   0x000000000001c036       0x10 ./Core/Src/main.o
 .debug_macro   0x000000000001c046       0x58 ./Core/Src/main.o
 .debug_macro   0x000000000001c09e       0x71 ./Core/Src/main.o
 .debug_macro   0x000000000001c10f       0x1c ./Core/Src/main.o
 .debug_macro   0x000000000001c12b      0x12a ./Core/Src/main.o
 .debug_macro   0x000000000001c255       0x10 ./Core/Src/main.o
 .debug_macro   0x000000000001c265       0x1c ./Core/Src/main.o
 .debug_macro   0x000000000001c281       0x52 ./Core/Src/main.o
 .debug_macro   0x000000000001c2d3       0x22 ./Core/Src/main.o
 .debug_macro   0x000000000001c2f5       0x10 ./Core/Src/main.o
 .debug_macro   0x000000000001c305       0x40 ./Core/Src/main.o
 .debug_macro   0x000000000001c345       0xd5 ./Core/Src/main.o
 .debug_macro   0x000000000001c41a       0x1c ./Core/Src/main.o
 .debug_macro   0x000000000001c436       0x3d ./Core/Src/main.o
 .debug_macro   0x000000000001c473       0x16 ./Core/Src/main.o
 .debug_macro   0x000000000001c489      0x145 ./Core/Src/main.o
 .debug_macro   0x000000000001c5ce       0x22 ./Core/Src/main.o
 .debug_macro   0x000000000001c5f0      0x3b0 ./Core/Src/mems.o
 .debug_macro   0x000000000001c9a0      0x3b0 ./Core/Src/stm32f3xx_hal_msp.o
 .debug_macro   0x000000000001cd50      0x3ba ./Core/Src/stm32f3xx_it.o
 .debug_macro   0x000000000001d10a      0x1b5 ./Core/Src/system_stm32f3xx.o
 .debug_macro   0x000000000001d2bf       0x7c ./Drivers/BSP/Components/lsm303agr/lsm303agr.o
 .debug_macro   0x000000000001d33b       0x7c ./Drivers/BSP/Components/lsm303dlhc/lsm303dlhc.o
 .debug_macro   0x000000000001d3b7      0x1dc ./Drivers/BSP/STM32F3-Discovery/stm32f3_discovery.o
 .debug_macro   0x000000000001d593      0x1f4 ./Drivers/BSP/STM32F3-Discovery/stm32f3_discovery_accelerometer.o
 .debug_macro   0x000000000001d787      0x1d3 ./Drivers/STM32F3xx_HAL_Driver/Src/stm32f3xx_hal.o
 .debug_macro   0x000000000001d95a      0x1af ./Drivers/STM32F3xx_HAL_Driver/Src/stm32f3xx_hal_cortex.o
 .debug_macro   0x000000000001db09      0x1b6 ./Drivers/STM32F3xx_HAL_Driver/Src/stm32f3xx_hal_gpio.o
 .debug_macro   0x000000000001dcbf      0x274 ./Drivers/STM32F3xx_HAL_Driver/Src/stm32f3xx_hal_i2c.o
 .debug_macro   0x000000000001df33      0x1d3 ./Drivers/STM32F3xx_HAL_Driver/Src/stm32f3xx_hal_rcc.o

.debug_line     0x0000000000000000     0xbc65
 .debug_line    0x0000000000000000      0xbdd ./Core/Src/main.o
 .debug_line    0x0000000000000bdd      0xb4d ./Core/Src/mems.o
 .debug_line    0x000000000000172a      0xb29 ./Core/Src/stm32f3xx_hal_msp.o
 .debug_line    0x0000000000002253      0xbac ./Core/Src/stm32f3xx_it.o
 .debug_line    0x0000000000002dff      0x721 ./Core/Src/system_stm32f3xx.o
 .debug_line    0x0000000000003520       0x88 ./Core/Startup/startup_stm32f303vctx.o
 .debug_line    0x00000000000035a8      0x79b ./Drivers/BSP/Components/lsm303agr/lsm303agr.o
 .debug_line    0x0000000000003d43      0x79f ./Drivers/BSP/Components/lsm303dlhc/lsm303dlhc.o
 .debug_line    0x00000000000044e2      0x921 ./Drivers/BSP/STM32F3-Discovery/stm32f3_discovery.o
 .debug_line    0x0000000000004e03      0x936 ./Drivers/BSP/STM32F3-Discovery/stm32f3_discovery_accelerometer.o
 .debug_line    0x0000000000005739      0x939 ./Drivers/STM32F3xx_HAL_Driver/Src/stm32f3xx_hal.o
 .debug_line    0x0000000000006072      0xbfe ./Drivers/STM32F3xx_HAL_Driver/Src/stm32f3xx_hal_cortex.o
 .debug_line    0x0000000000006c70      0xa9a ./Drivers/STM32F3xx_HAL_Driver/Src/stm32f3xx_hal_gpio.o
 .debug_line    0x000000000000770a     0x3248 ./Drivers/STM32F3xx_HAL_Driver/Src/stm32f3xx_hal_i2c.o
 .debug_line    0x000000000000a952     0x1313 ./Drivers/STM32F3xx_HAL_Driver/Src/stm32f3xx_hal_rcc.o

.debug_str      0x0000000000000000    0xaf6c1
 .debug_str     0x0000000000000000    0xac911 ./Core/Src/main.o
                                      0xad077 (size before relaxing)
 .debug_str     0x00000000000ac911       0x8e ./Core/Src/mems.o
                                      0xacf18 (size before relaxing)
 .debug_str     0x00000000000ac99f      0x510 ./Core/Src/stm32f3xx_hal_msp.o
                                      0xad3b7 (size before relaxing)
 .debug_str     0x00000000000aceaf       0xce ./Core/Src/stm32f3xx_it.o
                                      0xacecb (size before relaxing)
 .debug_str     0x00000000000acf7d       0xd1 ./Core/Src/system_stm32f3xx.o
                                      0xa3574 (size before relaxing)
 .debug_str     0x00000000000ad04e       0x36 ./Core/Startup/startup_stm32f303vctx.o
                                         0x65 (size before relaxing)
 .debug_str     0x00000000000ad084      0x2d2 ./Drivers/BSP/Components/lsm303agr/lsm303agr.o
                                       0x58bd (size before relaxing)
 .debug_str     0x00000000000ad356      0x23d ./Drivers/BSP/Components/lsm303dlhc/lsm303dlhc.o
                                       0x579f (size before relaxing)
 .debug_str     0x00000000000ad593      0x64d ./Drivers/BSP/STM32F3-Discovery/stm32f3_discovery.o
                                      0xa5483 (size before relaxing)
 .debug_str     0x00000000000adbe0      0x22d ./Drivers/BSP/STM32F3-Discovery/stm32f3_discovery_accelerometer.o
                                      0xa7910 (size before relaxing)
 .debug_str     0x00000000000ade0d      0x305 ./Drivers/STM32F3xx_HAL_Driver/Src/stm32f3xx_hal.o
                                      0xa3cfc (size before relaxing)
 .debug_str     0x00000000000ae112      0x3b1 ./Drivers/STM32F3xx_HAL_Driver/Src/stm32f3xx_hal_cortex.o
                                      0xa3e0a (size before relaxing)
 .debug_str     0x00000000000ae4c3      0x158 ./Drivers/STM32F3xx_HAL_Driver/Src/stm32f3xx_hal_gpio.o
                                      0xa370b (size before relaxing)
 .debug_str     0x00000000000ae61b      0xdc1 ./Drivers/STM32F3xx_HAL_Driver/Src/stm32f3xx_hal_i2c.o
                                      0xa47b6 (size before relaxing)
 .debug_str     0x00000000000af3dc      0x2e5 ./Drivers/STM32F3xx_HAL_Driver/Src/stm32f3xx_hal_rcc.o
                                      0xa39ce (size before relaxing)

.comment        0x0000000000000000       0x53
 .comment       0x0000000000000000       0x53 ./Core/Src/main.o
                                         0x54 (size before relaxing)
 .comment       0x0000000000000053       0x54 ./Core/Src/mems.o
 .comment       0x0000000000000053       0x54 ./Core/Src/stm32f3xx_hal_msp.o
 .comment       0x0000000000000053       0x54 ./Core/Src/stm32f3xx_it.o
 .comment       0x0000000000000053       0x54 ./Core/Src/system_stm32f3xx.o
 .comment       0x0000000000000053       0x54 ./Drivers/BSP/Components/lsm303agr/lsm303agr.o
 .comment       0x0000000000000053       0x54 ./Drivers/BSP/Components/lsm303dlhc/lsm303dlhc.o
 .comment       0x0000000000000053       0x54 ./Drivers/BSP/STM32F3-Discovery/stm32f3_discovery.o
 .comment       0x0000000000000053       0x54 ./Drivers/BSP/STM32F3-Discovery/stm32f3_discovery_accelerometer.o
 .comment       0x0000000000000053       0x54 ./Drivers/STM32F3xx_HAL_Driver/Src/stm32f3xx_hal.o
 .comment       0x0000000000000053       0x54 ./Drivers/STM32F3xx_HAL_Driver/Src/stm32f3xx_hal_cortex.o
 .comment       0x0000000000000053       0x54 ./Drivers/STM32F3xx_HAL_Driver/Src/stm32f3xx_hal_gpio.o
 .comment       0x0000000000000053       0x54 ./Drivers/STM32F3xx_HAL_Driver/Src/stm32f3xx_hal_i2c.o
 .comment       0x0000000000000053       0x54 ./Drivers/STM32F3xx_HAL_Driver/Src/stm32f3xx_hal_rcc.o

.debug_frame    0x0000000000000000     0x2248
 .debug_frame   0x0000000000000000       0xac ./Core/Src/main.o
 .debug_frame   0x00000000000000ac       0x50 ./Core/Src/mems.o
 .debug_frame   0x00000000000000fc       0x7c ./Core/Src/stm32f3xx_hal_msp.o
 .debug_frame   0x0000000000000178      0x128 ./Core/Src/stm32f3xx_it.o
 .debug_frame   0x00000000000002a0       0x58 ./Core/Src/system_stm32f3xx.o
 .debug_frame   0x00000000000002f8      0x2b0 ./Drivers/BSP/Components/lsm303agr/lsm303agr.o
 .debug_frame   0x00000000000005a8      0x2b0 ./Drivers/BSP/Components/lsm303dlhc/lsm303dlhc.o
 .debug_frame   0x0000000000000858      0x23c ./Drivers/BSP/STM32F3-Discovery/stm32f3_discovery.o
 .debug_frame   0x0000000000000a94       0x74 ./Drivers/BSP/STM32F3-Discovery/stm32f3_discovery_accelerometer.o
 .debug_frame   0x0000000000000b08      0x334 ./Drivers/STM32F3xx_HAL_Driver/Src/stm32f3xx_hal.o
 .debug_frame   0x0000000000000e3c      0x498 ./Drivers/STM32F3xx_HAL_Driver/Src/stm32f3xx_hal_cortex.o
 .debug_frame   0x00000000000012d4      0x14c ./Drivers/STM32F3xx_HAL_Driver/Src/stm32f3xx_hal_gpio.o
 .debug_frame   0x0000000000001420      0xbe8 ./Drivers/STM32F3xx_HAL_Driver/Src/stm32f3xx_hal_i2c.o
 .debug_frame   0x0000000000002008      0x214 ./Drivers/STM32F3xx_HAL_Driver/Src/stm32f3xx_hal_rcc.o
 .debug_frame   0x000000000000221c       0x2c c:/st/stm32cubeide_1.7.0/stm32cubeide/plugins/com.st.stm32cube.ide.mcu.externaltools.gnu-tools-for-stm32.9-2020-q2-update.win32_2.0.0.202105311346/tools/bin/../lib/gcc/arm-none-eabi/9.3.1/../../../../arm-none-eabi/lib/thumb/v7e-m+fp/hard\libc_nano.a(lib_a-init.o)
