15:04:29 **** Incremental Build of configuration Debug for project Gyro ****
make -j4 all 
arm-none-eabi-gcc "../Core/Src/main.c" -mcpu=cortex-m4 -std=gnu11 -g3 -DDEBUG -DUSE_HAL_DRIVER -DSTM32F303xC -c -I../Core/Inc -I"D:/Workspace/Sensor_Fusion/Sensor_Fusion/Gyro/BSP/STM32F3-Discovery" -I../Drivers/STM32F3xx_HAL_Driver/Inc -I../Drivers/STM32F3xx_HAL_Driver/Inc/Legacy -I../Drivers/CMSIS/Device/ST/STM32F3xx/Include -I../Drivers/CMSIS/Include -O0 -ffunction-sections -fdata-sections -Wall -fstack-usage -MMD -MP -MF"Core/Src/main.d" -MT"Core/Src/main.o" --specs=nano.specs -mfpu=fpv4-sp-d16 -mfloat-abi=hard -mthumb -o "Core/Src/main.o"
arm-none-eabi-gcc "../Core/Src/mems.c" -mcpu=cortex-m4 -std=gnu11 -g3 -DDEBUG -DUSE_HAL_DRIVER -DSTM32F303xC -c -I../Core/Inc -I"D:/Workspace/Sensor_Fusion/Sensor_Fusion/Gyro/BSP/STM32F3-Discovery" -I../Drivers/STM32F3xx_HAL_Driver/Inc -I../Drivers/STM32F3xx_HAL_Driver/Inc/Legacy -I../Drivers/CMSIS/Device/ST/STM32F3xx/Include -I../Drivers/CMSIS/Include -O0 -ffunction-sections -fdata-sections -Wall -fstack-usage -MMD -MP -MF"Core/Src/mems.d" -MT"Core/Src/mems.o" --specs=nano.specs -mfpu=fpv4-sp-d16 -mfloat-abi=hard -mthumb -o "Core/Src/mems.o"
../Core/Src/main.c:60:23: warning: pointer targets in initialization of 'unsigned char *' from 'char *' differ in signedness [-Wpointer-sign]
   60 | unsigned char *data = "Hello\r\n";
      |                       ^~~~~~~~~~~
arm-none-eabi-g++ -o "Gyro.elf" @"objects.list"   -mcpu=cortex-m4 -T"D:\Workspace\Sensor_Fusion\Sensor_Fusion\Gyro\STM32F303VCTX_FLASH.ld" --specs=nosys.specs -Wl,-Map="Gyro.map" -Wl,--gc-sections -static --specs=nano.specs -mfpu=fpv4-sp-d16 -mfloat-abi=hard -mthumb -Wl,--start-group -lc -lm -lstdc++ -lsupc++ -Wl,--end-group
Finished building target: Gyro.elf
 
arm-none-eabi-size   Gyro.elf 
arm-none-eabi-objdump -h -S  Gyro.elf  > "Gyro.list"
arm-none-eabi-objcopy  -O binary  Gyro.elf  "Gyro.bin"
   text	   data	    bss	    dec	    hex	filename
  29948	    496	   2096	  32540	   7f1c	Gyro.elf
Finished building: default.size.stdout
 
Finished building: Gyro.bin
 
Finished building: Gyro.list
 
15:04:37 **** Incremental Build of configuration Debug for project Gyro ****
make -j4 all 
arm-none-eabi-size   Gyro.elf 
   text	   data	    bss	    dec	    hex	filename
  29948	    496	   2096	  32540	   7f1c	Gyro.elf
Finished building: default.size.stdout
 
15:05:10 **** Incremental Build of configuration Debug for project Gyro ****
make -j4 all 
arm-none-eabi-gcc "../Core/Src/mems.c" -mcpu=cortex-m4 -std=gnu11 -g3 -DDEBUG -DUSE_HAL_DRIVER -DSTM32F303xC -c -I../Core/Inc -I"D:/Workspace/Sensor_Fusion/Sensor_Fusion/Gyro/BSP/STM32F3-Discovery" -I../Drivers/STM32F3xx_HAL_Driver/Inc -I../Drivers/STM32F3xx_HAL_Driver/Inc/Legacy -I../Drivers/CMSIS/Device/ST/STM32F3xx/Include -I../Drivers/CMSIS/Include -O0 -ffunction-sections -fdata-sections -Wall -fstack-usage -MMD -MP -MF"Core/Src/mems.d" -MT"Core/Src/mems.o" --specs=nano.specs -mfpu=fpv4-sp-d16 -mfloat-abi=hard -mthumb -o "Core/Src/mems.o"
arm-none-eabi-g++ -o "Gyro.elf" @"objects.list"   -mcpu=cortex-m4 -T"D:\Workspace\Sensor_Fusion\Sensor_Fusion\Gyro\STM32F303VCTX_FLASH.ld" --specs=nosys.specs -Wl,-Map="Gyro.map" -Wl,--gc-sections -static --specs=nano.specs -mfpu=fpv4-sp-d16 -mfloat-abi=hard -mthumb -Wl,--start-group -lc -lm -lstdc++ -lsupc++ -Wl,--end-group
Finished building target: Gyro.elf
 
arm-none-eabi-size   Gyro.elf 
arm-none-eabi-objdump -h -S  Gyro.elf  > "Gyro.list"
arm-none-eabi-objcopy  -O binary  Gyro.elf  "Gyro.bin"
   text	   data	    bss	    dec	    hex	filename
  29952	    496	   2096	  32544	   7f20	Gyro.elf
Finished building: default.size.stdout
 
Finished building: Gyro.bin
 
Finished building: Gyro.list
 
15:05:12 **** Incremental Build of configuration Debug for project Gyro ****
make -j4 all 
arm-none-eabi-size   Gyro.elf 
   text	   data	    bss	    dec	    hex	filename
  29952	    496	   2096	  32544	   7f20	Gyro.elf
Finished building: default.size.stdout
 
15:06:34 **** Incremental Build of configuration Debug for project Gyro ****
make -j4 all 
arm-none-eabi-gcc "../Core/Src/mems.c" -mcpu=cortex-m4 -std=gnu11 -g3 -DDEBUG -DUSE_HAL_DRIVER -DSTM32F303xC -c -I../Core/Inc -I"D:/Workspace/Sensor_Fusion/Sensor_Fusion/Gyro/BSP/STM32F3-Discovery" -I../Drivers/STM32F3xx_HAL_Driver/Inc -I../Drivers/STM32F3xx_HAL_Driver/Inc/Legacy -I../Drivers/CMSIS/Device/ST/STM32F3xx/Include -I../Drivers/CMSIS/Include -O0 -ffunction-sections -fdata-sections -Wall -fstack-usage -MMD -MP -MF"Core/Src/mems.d" -MT"Core/Src/mems.o" --specs=nano.specs -mfpu=fpv4-sp-d16 -mfloat-abi=hard -mthumb -o "Core/Src/mems.o"
arm-none-eabi-g++ -o "Gyro.elf" @"objects.list"   -mcpu=cortex-m4 -T"D:\Workspace\Sensor_Fusion\Sensor_Fusion\Gyro\STM32F303VCTX_FLASH.ld" --specs=nosys.specs -Wl,-Map="Gyro.map" -Wl,--gc-sections -static --specs=nano.specs -mfpu=fpv4-sp-d16 -mfloat-abi=hard -mthumb -Wl,--start-group -lc -lm -lstdc++ -lsupc++ -Wl,--end-group
Finished building target: Gyro.elf
 
arm-none-eabi-size   Gyro.elf 
arm-none-eabi-objdump -h -S  Gyro.elf  > "Gyro.list"
arm-none-eabi-objcopy  -O binary  Gyro.elf  "Gyro.bin"
   text	   data	    bss	    dec	    hex	filename
  29960	    496	   2096	  32552	   7f28	Gyro.elf
Finished building: default.size.stdout
 
Finished building: Gyro.bin
 
Finished building: Gyro.list
 
15:07:24 **** Incremental Build of configuration Debug for project Gyro ****
make -j4 all 
arm-none-eabi-gcc "../Core/Src/mems.c" -mcpu=cortex-m4 -std=gnu11 -g3 -DDEBUG -DUSE_HAL_DRIVER -DSTM32F303xC -c -I../Core/Inc -I"D:/Workspace/Sensor_Fusion/Sensor_Fusion/Gyro/BSP/STM32F3-Discovery" -I../Drivers/STM32F3xx_HAL_Driver/Inc -I../Drivers/STM32F3xx_HAL_Driver/Inc/Legacy -I../Drivers/CMSIS/Device/ST/STM32F3xx/Include -I../Drivers/CMSIS/Include -O0 -ffunction-sections -fdata-sections -Wall -fstack-usage -MMD -MP -MF"Core/Src/mems.d" -MT"Core/Src/mems.o" --specs=nano.specs -mfpu=fpv4-sp-d16 -mfloat-abi=hard -mthumb -o "Core/Src/mems.o"
arm-none-eabi-g++ -o "Gyro.elf" @"objects.list"   -mcpu=cortex-m4 -T"D:\Workspace\Sensor_Fusion\Sensor_Fusion\Gyro\STM32F303VCTX_FLASH.ld" --specs=nosys.specs -Wl,-Map="Gyro.map" -Wl,--gc-sections -static --specs=nano.specs -mfpu=fpv4-sp-d16 -mfloat-abi=hard -mthumb -Wl,--start-group -lc -lm -lstdc++ -lsupc++ -Wl,--end-group
Finished building target: Gyro.elf
 
arm-none-eabi-size   Gyro.elf 
arm-none-eabi-objdump -h -S  Gyro.elf  > "Gyro.list"
arm-none-eabi-objcopy  -O binary  Gyro.elf  "Gyro.bin"
   text	   data	    bss	    dec	    hex	filename
  29960	    496	   2096	  32552	   7f28	Gyro.elf
Finished building: default.size.stdout
 
Finished building: Gyro.bin
 
Finished building: Gyro.list
 
15:17:37 **** Incremental Build of configuration Debug for project Gyro ****
make -j4 all 
arm-none-eabi-gcc "../BSP/STM32F3-Discovery/stm32f3_discovery_accelerometer.c" -mcpu=cortex-m4 -std=gnu11 -g3 -DDEBUG -DUSE_HAL_DRIVER -DSTM32F303xC -c -I../Core/Inc -I"D:/Workspace/Sensor_Fusion/Sensor_Fusion/Gyro/BSP/STM32F3-Discovery" -I../Drivers/STM32F3xx_HAL_Driver/Inc -I../Drivers/STM32F3xx_HAL_Driver/Inc/Legacy -I../Drivers/CMSIS/Device/ST/STM32F3xx/Include -I../Drivers/CMSIS/Include -O0 -ffunction-sections -fdata-sections -Wall -fstack-usage -MMD -MP -MF"BSP/STM32F3-Discovery/stm32f3_discovery_accelerometer.d" -MT"BSP/STM32F3-Discovery/stm32f3_discovery_accelerometer.o" --specs=nano.specs -mfpu=fpv4-sp-d16 -mfloat-abi=hard -mthumb -o "BSP/STM32F3-Discovery/stm32f3_discovery_accelerometer.o"
arm-none-eabi-g++ -o "Gyro.elf" @"objects.list"   -mcpu=cortex-m4 -T"D:\Workspace\Sensor_Fusion\Sensor_Fusion\Gyro\STM32F303VCTX_FLASH.ld" --specs=nosys.specs -Wl,-Map="Gyro.map" -Wl,--gc-sections -static --specs=nano.specs -mfpu=fpv4-sp-d16 -mfloat-abi=hard -mthumb -Wl,--start-group -lc -lm -lstdc++ -lsupc++ -Wl,--end-group
Finished building target: Gyro.elf
 
arm-none-eabi-size   Gyro.elf 
arm-none-eabi-objdump -h -S  Gyro.elf  > "Gyro.list"
arm-none-eabi-objcopy  -O binary  Gyro.elf  "Gyro.bin"
   text	   data	    bss	    dec	    hex	filename
  29960	    496	   2096	  32552	   7f28	Gyro.elf
Finished building: default.size.stdout
 
Finished building: Gyro.bin
 
Finished building: Gyro.list
 
15:20:51 **** Incremental Build of configuration Debug for project Gyro ****
make -j4 all 
arm-none-eabi-gcc "../BSP/STM32F3-Discovery/stm32f3_discovery_accelerometer.c" -mcpu=cortex-m4 -std=gnu11 -g3 -DDEBUG -DUSE_HAL_DRIVER -DSTM32F303xC -c -I../Core/Inc -I"D:/Workspace/Sensor_Fusion/Sensor_Fusion/Gyro/BSP/STM32F3-Discovery" -I../Drivers/STM32F3xx_HAL_Driver/Inc -I../Drivers/STM32F3xx_HAL_Driver/Inc/Legacy -I../Drivers/CMSIS/Device/ST/STM32F3xx/Include -I../Drivers/CMSIS/Include -O0 -ffunction-sections -fdata-sections -Wall -fstack-usage -MMD -MP -MF"BSP/STM32F3-Discovery/stm32f3_discovery_accelerometer.d" -MT"BSP/STM32F3-Discovery/stm32f3_discovery_accelerometer.o" --specs=nano.specs -mfpu=fpv4-sp-d16 -mfloat-abi=hard -mthumb -o "BSP/STM32F3-Discovery/stm32f3_discovery_accelerometer.o"
arm-none-eabi-g++ -o "Gyro.elf" @"objects.list"   -mcpu=cortex-m4 -T"D:\Workspace\Sensor_Fusion\Sensor_Fusion\Gyro\STM32F303VCTX_FLASH.ld" --specs=nosys.specs -Wl,-Map="Gyro.map" -Wl,--gc-sections -static --specs=nano.specs -mfpu=fpv4-sp-d16 -mfloat-abi=hard -mthumb -Wl,--start-group -lc -lm -lstdc++ -lsupc++ -Wl,--end-group
Finished building target: Gyro.elf
 
arm-none-eabi-size   Gyro.elf 
arm-none-eabi-objdump -h -S  Gyro.elf  > "Gyro.list"
arm-none-eabi-objcopy  -O binary  Gyro.elf  "Gyro.bin"
   text	   data	    bss	    dec	    hex	filename
  29960	    496	   2096	  32552	   7f28	Gyro.elf
Finished building: default.size.stdout
 
Finished building: Gyro.bin
 
Finished building: Gyro.list
 
15:54:41 **** Incremental Build of configuration Debug for project Gyro ****
make -j4 all 
arm-none-eabi-size   Gyro.elf 
   text	   data	    bss	    dec	    hex	filename
  29960	    496	   2096	  32552	   7f28	Gyro.elf
Finished building: default.size.stdout
 
16:31:03 **** Incremental Build of configuration Debug for project Gyro ****
make -j4 all 
arm-none-eabi-gcc "../Core/Src/mems.c" -mcpu=cortex-m4 -std=gnu11 -g3 -DDEBUG -DUSE_HAL_DRIVER -DSTM32F303xC -c -I../Core/Inc -I"D:/Workspace/Sensor_Fusion/Sensor_Fusion/Gyro/BSP/STM32F3-Discovery" -I../Drivers/STM32F3xx_HAL_Driver/Inc -I../Drivers/STM32F3xx_HAL_Driver/Inc/Legacy -I../Drivers/CMSIS/Device/ST/STM32F3xx/Include -I../Drivers/CMSIS/Include -O0 -ffunction-sections -fdata-sections -Wall -fstack-usage -MMD -MP -MF"Core/Src/mems.d" -MT"Core/Src/mems.o" --specs=nano.specs -mfpu=fpv4-sp-d16 -mfloat-abi=hard -mthumb -o "Core/Src/mems.o"
arm-none-eabi-g++ -o "Gyro.elf" @"objects.list"   -mcpu=cortex-m4 -T"D:\Workspace\Sensor_Fusion\Sensor_Fusion\Gyro\STM32F303VCTX_FLASH.ld" --specs=nosys.specs -Wl,-Map="Gyro.map" -Wl,--gc-sections -static --specs=nano.specs -mfpu=fpv4-sp-d16 -mfloat-abi=hard -mthumb -u _printf_float -Wl,--start-group -lc -lm -lstdc++ -lsupc++ -Wl,--end-group
Finished building target: Gyro.elf
 
arm-none-eabi-size   Gyro.elf 
arm-none-eabi-objdump -h -S  Gyro.elf  > "Gyro.list"
arm-none-eabi-objcopy  -O binary  Gyro.elf  "Gyro.bin"
   text	   data	    bss	    dec	    hex	filename
  40320	    860	   2092	  43272	   a908	Gyro.elf
Finished building: default.size.stdout
 
Finished building: Gyro.bin
 
Finished building: Gyro.list
 
16:32:41 **** Incremental Build of configuration Debug for project Gyro ****
make -j4 all 
arm-none-eabi-gcc "../Core/Src/mems.c" -mcpu=cortex-m4 -std=gnu11 -g3 -DDEBUG -DUSE_HAL_DRIVER -DSTM32F303xC -c -I../Core/Inc -I"D:/Workspace/Sensor_Fusion/Sensor_Fusion/Gyro/BSP/STM32F3-Discovery" -I../Drivers/STM32F3xx_HAL_Driver/Inc -I../Drivers/STM32F3xx_HAL_Driver/Inc/Legacy -I../Drivers/CMSIS/Device/ST/STM32F3xx/Include -I../Drivers/CMSIS/Include -O0 -ffunction-sections -fdata-sections -Wall -fstack-usage -MMD -MP -MF"Core/Src/mems.d" -MT"Core/Src/mems.o" --specs=nano.specs -mfpu=fpv4-sp-d16 -mfloat-abi=hard -mthumb -o "Core/Src/mems.o"
arm-none-eabi-g++ -o "Gyro.elf" @"objects.list"   -mcpu=cortex-m4 -T"D:\Workspace\Sensor_Fusion\Sensor_Fusion\Gyro\STM32F303VCTX_FLASH.ld" --specs=nosys.specs -Wl,-Map="Gyro.map" -Wl,--gc-sections -static --specs=nano.specs -mfpu=fpv4-sp-d16 -mfloat-abi=hard -mthumb -u _printf_float -Wl,--start-group -lc -lm -lstdc++ -lsupc++ -Wl,--end-group
Finished building target: Gyro.elf
 
arm-none-eabi-size   Gyro.elf 
arm-none-eabi-objdump -h -S  Gyro.elf  > "Gyro.list"
arm-none-eabi-objcopy  -O binary  Gyro.elf  "Gyro.bin"
   text	   data	    bss	    dec	    hex	filename
  40320	    860	   2092	  43272	   a908	Gyro.elf
Finished building: default.size.stdout
 
Finished building: Gyro.bin
 
Finished building: Gyro.list
 
16:34:49 **** Incremental Build of configuration Debug for project Gyro ****
make -j4 all 
arm-none-eabi-gcc "../Core/Src/mems.c" -mcpu=cortex-m4 -std=gnu11 -g3 -DDEBUG -DUSE_HAL_DRIVER -DSTM32F303xC -c -I../Core/Inc -I"D:/Workspace/Sensor_Fusion/Sensor_Fusion/Gyro/BSP/STM32F3-Discovery" -I../Drivers/STM32F3xx_HAL_Driver/Inc -I../Drivers/STM32F3xx_HAL_Driver/Inc/Legacy -I../Drivers/CMSIS/Device/ST/STM32F3xx/Include -I../Drivers/CMSIS/Include -O0 -ffunction-sections -fdata-sections -Wall -fstack-usage -MMD -MP -MF"Core/Src/mems.d" -MT"Core/Src/mems.o" --specs=nano.specs -mfpu=fpv4-sp-d16 -mfloat-abi=hard -mthumb -o "Core/Src/mems.o"
arm-none-eabi-g++ -o "Gyro.elf" @"objects.list"   -mcpu=cortex-m4 -T"D:\Workspace\Sensor_Fusion\Sensor_Fusion\Gyro\STM32F303VCTX_FLASH.ld" --specs=nosys.specs -Wl,-Map="Gyro.map" -Wl,--gc-sections -static --specs=nano.specs -mfpu=fpv4-sp-d16 -mfloat-abi=hard -mthumb -u _printf_float -Wl,--start-group -lc -lm -lstdc++ -lsupc++ -Wl,--end-group
Finished building target: Gyro.elf
 
arm-none-eabi-size   Gyro.elf 
arm-none-eabi-objdump -h -S  Gyro.elf  > "Gyro.list"
arm-none-eabi-objcopy  -O binary  Gyro.elf  "Gyro.bin"
   text	   data	    bss	    dec	    hex	filename
  40336	    860	   2092	  43288	   a918	Gyro.elf
Finished building: default.size.stdout
 
Finished building: Gyro.bin
 
Finished building: Gyro.list
 
16:45:56 **** Incremental Build of configuration Debug for project Gyro ****
make -j4 all 
arm-none-eabi-gcc "../Core/Src/mems.c" -mcpu=cortex-m4 -std=gnu11 -g3 -DDEBUG -DUSE_HAL_DRIVER -DSTM32F303xC -c -I../Core/Inc -I"D:/Workspace/Sensor_Fusion/Sensor_Fusion/Gyro/BSP/STM32F3-Discovery" -I../Drivers/STM32F3xx_HAL_Driver/Inc -I../Drivers/STM32F3xx_HAL_Driver/Inc/Legacy -I../Drivers/CMSIS/Device/ST/STM32F3xx/Include -I../Drivers/CMSIS/Include -O0 -ffunction-sections -fdata-sections -Wall -fstack-usage -MMD -MP -MF"Core/Src/mems.d" -MT"Core/Src/mems.o" --specs=nano.specs -mfpu=fpv4-sp-d16 -mfloat-abi=hard -mthumb -o "Core/Src/mems.o"
arm-none-eabi-g++ -o "Gyro.elf" @"objects.list"   -mcpu=cortex-m4 -T"D:\Workspace\Sensor_Fusion\Sensor_Fusion\Gyro\STM32F303VCTX_FLASH.ld" --specs=nosys.specs -Wl,-Map="Gyro.map" -Wl,--gc-sections -static --specs=nano.specs -mfpu=fpv4-sp-d16 -mfloat-abi=hard -mthumb -u _printf_float -Wl,--start-group -lc -lm -lstdc++ -lsupc++ -Wl,--end-group
Finished building target: Gyro.elf
 
arm-none-eabi-size   Gyro.elf 
arm-none-eabi-objdump -h -S  Gyro.elf  > "Gyro.list"
arm-none-eabi-objcopy  -O binary  Gyro.elf  "Gyro.bin"
   text	   data	    bss	    dec	    hex	filename
  40336	    860	   2092	  43288	   a918	Gyro.elf
Finished building: default.size.stdout
 
Finished building: Gyro.bin
 
Finished building: Gyro.list
 
11:11:28 **** Incremental Build of configuration Debug for project Gyro ****
make -j4 all 
arm-none-eabi-gcc "../Drivers/STM32F3xx_HAL_Driver/Src/stm32f3xx_hal.c" -mcpu=cortex-m4 -std=gnu11 -g3 -DDEBUG -DUSE_HAL_DRIVER -DSTM32F303xC -c -I../Core/Inc -I"D:/Workspace/Sensor_Fusion/Sensor_Fusion/Gyro/BSP/STM32F3-Discovery" -I../Drivers/STM32F3xx_HAL_Driver/Inc -I../Drivers/STM32F3xx_HAL_Driver/Inc/Legacy -I../Drivers/CMSIS/Device/ST/STM32F3xx/Include -I../Drivers/CMSIS/Include -O0 -ffunction-sections -fdata-sections -Wall -fstack-usage -MMD -MP -MF"Drivers/STM32F3xx_HAL_Driver/Src/stm32f3xx_hal.d" -MT"Drivers/STM32F3xx_HAL_Driver/Src/stm32f3xx_hal.o" --specs=nano.specs -mfpu=fpv4-sp-d16 -mfloat-abi=hard -mthumb -o "Drivers/STM32F3xx_HAL_Driver/Src/stm32f3xx_hal.o"
arm-none-eabi-gcc "../Drivers/STM32F3xx_HAL_Driver/Src/stm32f3xx_hal_cortex.c" -mcpu=cortex-m4 -std=gnu11 -g3 -DDEBUG -DUSE_HAL_DRIVER -DSTM32F303xC -c -I../Core/Inc -I"D:/Workspace/Sensor_Fusion/Sensor_Fusion/Gyro/BSP/STM32F3-Discovery" -I../Drivers/STM32F3xx_HAL_Driver/Inc -I../Drivers/STM32F3xx_HAL_Driver/Inc/Legacy -I../Drivers/CMSIS/Device/ST/STM32F3xx/Include -I../Drivers/CMSIS/Include -O0 -ffunction-sections -fdata-sections -Wall -fstack-usage -MMD -MP -MF"Drivers/STM32F3xx_HAL_Driver/Src/stm32f3xx_hal_cortex.d" -MT"Drivers/STM32F3xx_HAL_Driver/Src/stm32f3xx_hal_cortex.o" --specs=nano.specs -mfpu=fpv4-sp-d16 -mfloat-abi=hard -mthumb -o "Drivers/STM32F3xx_HAL_Driver/Src/stm32f3xx_hal_cortex.o"
arm-none-eabi-gcc "../Drivers/STM32F3xx_HAL_Driver/Src/stm32f3xx_hal_dma.c" -mcpu=cortex-m4 -std=gnu11 -g3 -DDEBUG -DUSE_HAL_DRIVER -DSTM32F303xC -c -I../Core/Inc -I"D:/Workspace/Sensor_Fusion/Sensor_Fusion/Gyro/BSP/STM32F3-Discovery" -I../Drivers/STM32F3xx_HAL_Driver/Inc -I../Drivers/STM32F3xx_HAL_Driver/Inc/Legacy -I../Drivers/CMSIS/Device/ST/STM32F3xx/Include -I../Drivers/CMSIS/Include -O0 -ffunction-sections -fdata-sections -Wall -fstack-usage -MMD -MP -MF"Drivers/STM32F3xx_HAL_Driver/Src/stm32f3xx_hal_dma.d" -MT"Drivers/STM32F3xx_HAL_Driver/Src/stm32f3xx_hal_dma.o" --specs=nano.specs -mfpu=fpv4-sp-d16 -mfloat-abi=hard -mthumb -o "Drivers/STM32F3xx_HAL_Driver/Src/stm32f3xx_hal_dma.o"
arm-none-eabi-gcc "../Drivers/STM32F3xx_HAL_Driver/Src/stm32f3xx_hal_exti.c" -mcpu=cortex-m4 -std=gnu11 -g3 -DDEBUG -DUSE_HAL_DRIVER -DSTM32F303xC -c -I../Core/Inc -I"D:/Workspace/Sensor_Fusion/Sensor_Fusion/Gyro/BSP/STM32F3-Discovery" -I../Drivers/STM32F3xx_HAL_Driver/Inc -I../Drivers/STM32F3xx_HAL_Driver/Inc/Legacy -I../Drivers/CMSIS/Device/ST/STM32F3xx/Include -I../Drivers/CMSIS/Include -O0 -ffunction-sections -fdata-sections -Wall -fstack-usage -MMD -MP -MF"Drivers/STM32F3xx_HAL_Driver/Src/stm32f3xx_hal_exti.d" -MT"Drivers/STM32F3xx_HAL_Driver/Src/stm32f3xx_hal_exti.o" --specs=nano.specs -mfpu=fpv4-sp-d16 -mfloat-abi=hard -mthumb -o "Drivers/STM32F3xx_HAL_Driver/Src/stm32f3xx_hal_exti.o"
arm-none-eabi-gcc "../Drivers/STM32F3xx_HAL_Driver/Src/stm32f3xx_hal_flash.c" -mcpu=cortex-m4 -std=gnu11 -g3 -DDEBUG -DUSE_HAL_DRIVER -DSTM32F303xC -c -I../Core/Inc -I"D:/Workspace/Sensor_Fusion/Sensor_Fusion/Gyro/BSP/STM32F3-Discovery" -I../Drivers/STM32F3xx_HAL_Driver/Inc -I../Drivers/STM32F3xx_HAL_Driver/Inc/Legacy -I../Drivers/CMSIS/Device/ST/STM32F3xx/Include -I../Drivers/CMSIS/Include -O0 -ffunction-sections -fdata-sections -Wall -fstack-usage -MMD -MP -MF"Drivers/STM32F3xx_HAL_Driver/Src/stm32f3xx_hal_flash.d" -MT"Drivers/STM32F3xx_HAL_Driver/Src/stm32f3xx_hal_flash.o" --specs=nano.specs -mfpu=fpv4-sp-d16 -mfloat-abi=hard -mthumb -o "Drivers/STM32F3xx_HAL_Driver/Src/stm32f3xx_hal_flash.o"
arm-none-eabi-gcc "../Drivers/STM32F3xx_HAL_Driver/Src/stm32f3xx_hal_flash_ex.c" -mcpu=cortex-m4 -std=gnu11 -g3 -DDEBUG -DUSE_HAL_DRIVER -DSTM32F303xC -c -I../Core/Inc -I"D:/Workspace/Sensor_Fusion/Sensor_Fusion/Gyro/BSP/STM32F3-Discovery" -I../Drivers/STM32F3xx_HAL_Driver/Inc -I../Drivers/STM32F3xx_HAL_Driver/Inc/Legacy -I../Drivers/CMSIS/Device/ST/STM32F3xx/Include -I../Drivers/CMSIS/Include -O0 -ffunction-sections -fdata-sections -Wall -fstack-usage -MMD -MP -MF"Drivers/STM32F3xx_HAL_Driver/Src/stm32f3xx_hal_flash_ex.d" -MT"Drivers/STM32F3xx_HAL_Driver/Src/stm32f3xx_hal_flash_ex.o" --specs=nano.specs -mfpu=fpv4-sp-d16 -mfloat-abi=hard -mthumb -o "Drivers/STM32F3xx_HAL_Driver/Src/stm32f3xx_hal_flash_ex.o"
arm-none-eabi-gcc "../Drivers/STM32F3xx_HAL_Driver/Src/stm32f3xx_hal_gpio.c" -mcpu=cortex-m4 -std=gnu11 -g3 -DDEBUG -DUSE_HAL_DRIVER -DSTM32F303xC -c -I../Core/Inc -I"D:/Workspace/Sensor_Fusion/Sensor_Fusion/Gyro/BSP/STM32F3-Discovery" -I../Drivers/STM32F3xx_HAL_Driver/Inc -I../Drivers/STM32F3xx_HAL_Driver/Inc/Legacy -I../Drivers/CMSIS/Device/ST/STM32F3xx/Include -I../Drivers/CMSIS/Include -O0 -ffunction-sections -fdata-sections -Wall -fstack-usage -MMD -MP -MF"Drivers/STM32F3xx_HAL_Driver/Src/stm32f3xx_hal_gpio.d" -MT"Drivers/STM32F3xx_HAL_Driver/Src/stm32f3xx_hal_gpio.o" --specs=nano.specs -mfpu=fpv4-sp-d16 -mfloat-abi=hard -mthumb -o "Drivers/STM32F3xx_HAL_Driver/Src/stm32f3xx_hal_gpio.o"
arm-none-eabi-gcc "../Drivers/STM32F3xx_HAL_Driver/Src/stm32f3xx_hal_i2c.c" -mcpu=cortex-m4 -std=gnu11 -g3 -DDEBUG -DUSE_HAL_DRIVER -DSTM32F303xC -c -I../Core/Inc -I"D:/Workspace/Sensor_Fusion/Sensor_Fusion/Gyro/BSP/STM32F3-Discovery" -I../Drivers/STM32F3xx_HAL_Driver/Inc -I../Drivers/STM32F3xx_HAL_Driver/Inc/Legacy -I../Drivers/CMSIS/Device/ST/STM32F3xx/Include -I../Drivers/CMSIS/Include -O0 -ffunction-sections -fdata-sections -Wall -fstack-usage -MMD -MP -MF"Drivers/STM32F3xx_HAL_Driver/Src/stm32f3xx_hal_i2c.d" -MT"Drivers/STM32F3xx_HAL_Driver/Src/stm32f3xx_hal_i2c.o" --specs=nano.specs -mfpu=fpv4-sp-d16 -mfloat-abi=hard -mthumb -o "Drivers/STM32F3xx_HAL_Driver/Src/stm32f3xx_hal_i2c.o"
arm-none-eabi-gcc "../Drivers/STM32F3xx_HAL_Driver/Src/stm32f3xx_hal_i2c_ex.c" -mcpu=cortex-m4 -std=gnu11 -g3 -DDEBUG -DUSE_HAL_DRIVER -DSTM32F303xC -c -I../Core/Inc -I"D:/Workspace/Sensor_Fusion/Sensor_Fusion/Gyro/BSP/STM32F3-Discovery" -I../Drivers/STM32F3xx_HAL_Driver/Inc -I../Drivers/STM32F3xx_HAL_Driver/Inc/Legacy -I../Drivers/CMSIS/Device/ST/STM32F3xx/Include -I../Drivers/CMSIS/Include -O0 -ffunction-sections -fdata-sections -Wall -fstack-usage -MMD -MP -MF"Drivers/STM32F3xx_HAL_Driver/Src/stm32f3xx_hal_i2c_ex.d" -MT"Drivers/STM32F3xx_HAL_Driver/Src/stm32f3xx_hal_i2c_ex.o" --specs=nano.specs -mfpu=fpv4-sp-d16 -mfloat-abi=hard -mthumb -o "Drivers/STM32F3xx_HAL_Driver/Src/stm32f3xx_hal_i2c_ex.o"
arm-none-eabi-gcc "../Drivers/STM32F3xx_HAL_Driver/Src/stm32f3xx_hal_pwr.c" -mcpu=cortex-m4 -std=gnu11 -g3 -DDEBUG -DUSE_HAL_DRIVER -DSTM32F303xC -c -I../Core/Inc -I"D:/Workspace/Sensor_Fusion/Sensor_Fusion/Gyro/BSP/STM32F3-Discovery" -I../Drivers/STM32F3xx_HAL_Driver/Inc -I../Drivers/STM32F3xx_HAL_Driver/Inc/Legacy -I../Drivers/CMSIS/Device/ST/STM32F3xx/Include -I../Drivers/CMSIS/Include -O0 -ffunction-sections -fdata-sections -Wall -fstack-usage -MMD -MP -MF"Drivers/STM32F3xx_HAL_Driver/Src/stm32f3xx_hal_pwr.d" -MT"Drivers/STM32F3xx_HAL_Driver/Src/stm32f3xx_hal_pwr.o" --specs=nano.specs -mfpu=fpv4-sp-d16 -mfloat-abi=hard -mthumb -o "Drivers/STM32F3xx_HAL_Driver/Src/stm32f3xx_hal_pwr.o"
arm-none-eabi-gcc "../Drivers/STM32F3xx_HAL_Driver/Src/stm32f3xx_hal_pwr_ex.c" -mcpu=cortex-m4 -std=gnu11 -g3 -DDEBUG -DUSE_HAL_DRIVER -DSTM32F303xC -c -I../Core/Inc -I"D:/Workspace/Sensor_Fusion/Sensor_Fusion/Gyro/BSP/STM32F3-Discovery" -I../Drivers/STM32F3xx_HAL_Driver/Inc -I../Drivers/STM32F3xx_HAL_Driver/Inc/Legacy -I../Drivers/CMSIS/Device/ST/STM32F3xx/Include -I../Drivers/CMSIS/Include -O0 -ffunction-sections -fdata-sections -Wall -fstack-usage -MMD -MP -MF"Drivers/STM32F3xx_HAL_Driver/Src/stm32f3xx_hal_pwr_ex.d" -MT"Drivers/STM32F3xx_HAL_Driver/Src/stm32f3xx_hal_pwr_ex.o" --specs=nano.specs -mfpu=fpv4-sp-d16 -mfloat-abi=hard -mthumb -o "Drivers/STM32F3xx_HAL_Driver/Src/stm32f3xx_hal_pwr_ex.o"
arm-none-eabi-gcc "../Drivers/STM32F3xx_HAL_Driver/Src/stm32f3xx_hal_rcc.c" -mcpu=cortex-m4 -std=gnu11 -g3 -DDEBUG -DUSE_HAL_DRIVER -DSTM32F303xC -c -I../Core/Inc -I"D:/Workspace/Sensor_Fusion/Sensor_Fusion/Gyro/BSP/STM32F3-Discovery" -I../Drivers/STM32F3xx_HAL_Driver/Inc -I../Drivers/STM32F3xx_HAL_Driver/Inc/Legacy -I../Drivers/CMSIS/Device/ST/STM32F3xx/Include -I../Drivers/CMSIS/Include -O0 -ffunction-sections -fdata-sections -Wall -fstack-usage -MMD -MP -MF"Drivers/STM32F3xx_HAL_Driver/Src/stm32f3xx_hal_rcc.d" -MT"Drivers/STM32F3xx_HAL_Driver/Src/stm32f3xx_hal_rcc.o" --specs=nano.specs -mfpu=fpv4-sp-d16 -mfloat-abi=hard -mthumb -o "Drivers/STM32F3xx_HAL_Driver/Src/stm32f3xx_hal_rcc.o"
arm-none-eabi-gcc "../Drivers/STM32F3xx_HAL_Driver/Src/stm32f3xx_hal_rcc_ex.c" -mcpu=cortex-m4 -std=gnu11 -g3 -DDEBUG -DUSE_HAL_DRIVER -DSTM32F303xC -c -I../Core/Inc -I"D:/Workspace/Sensor_Fusion/Sensor_Fusion/Gyro/BSP/STM32F3-Discovery" -I../Drivers/STM32F3xx_HAL_Driver/Inc -I../Drivers/STM32F3xx_HAL_Driver/Inc/Legacy -I../Drivers/CMSIS/Device/ST/STM32F3xx/Include -I../Drivers/CMSIS/Include -O0 -ffunction-sections -fdata-sections -Wall -fstack-usage -MMD -MP -MF"Drivers/STM32F3xx_HAL_Driver/Src/stm32f3xx_hal_rcc_ex.d" -MT"Drivers/STM32F3xx_HAL_Driver/Src/stm32f3xx_hal_rcc_ex.o" --specs=nano.specs -mfpu=fpv4-sp-d16 -mfloat-abi=hard -mthumb -o "Drivers/STM32F3xx_HAL_Driver/Src/stm32f3xx_hal_rcc_ex.o"
arm-none-eabi-gcc "../Drivers/STM32F3xx_HAL_Driver/Src/stm32f3xx_hal_spi.c" -mcpu=cortex-m4 -std=gnu11 -g3 -DDEBUG -DUSE_HAL_DRIVER -DSTM32F303xC -c -I../Core/Inc -I"D:/Workspace/Sensor_Fusion/Sensor_Fusion/Gyro/BSP/STM32F3-Discovery" -I../Drivers/STM32F3xx_HAL_Driver/Inc -I../Drivers/STM32F3xx_HAL_Driver/Inc/Legacy -I../Drivers/CMSIS/Device/ST/STM32F3xx/Include -I../Drivers/CMSIS/Include -O0 -ffunction-sections -fdata-sections -Wall -fstack-usage -MMD -MP -MF"Drivers/STM32F3xx_HAL_Driver/Src/stm32f3xx_hal_spi.d" -MT"Drivers/STM32F3xx_HAL_Driver/Src/stm32f3xx_hal_spi.o" --specs=nano.specs -mfpu=fpv4-sp-d16 -mfloat-abi=hard -mthumb -o "Drivers/STM32F3xx_HAL_Driver/Src/stm32f3xx_hal_spi.o"
arm-none-eabi-gcc "../Drivers/STM32F3xx_HAL_Driver/Src/stm32f3xx_hal_spi_ex.c" -mcpu=cortex-m4 -std=gnu11 -g3 -DDEBUG -DUSE_HAL_DRIVER -DSTM32F303xC -c -I../Core/Inc -I"D:/Workspace/Sensor_Fusion/Sensor_Fusion/Gyro/BSP/STM32F3-Discovery" -I../Drivers/STM32F3xx_HAL_Driver/Inc -I../Drivers/STM32F3xx_HAL_Driver/Inc/Legacy -I../Drivers/CMSIS/Device/ST/STM32F3xx/Include -I../Drivers/CMSIS/Include -O0 -ffunction-sections -fdata-sections -Wall -fstack-usage -MMD -MP -MF"Drivers/STM32F3xx_HAL_Driver/Src/stm32f3xx_hal_spi_ex.d" -MT"Drivers/STM32F3xx_HAL_Driver/Src/stm32f3xx_hal_spi_ex.o" --specs=nano.specs -mfpu=fpv4-sp-d16 -mfloat-abi=hard -mthumb -o "Drivers/STM32F3xx_HAL_Driver/Src/stm32f3xx_hal_spi_ex.o"
arm-none-eabi-gcc "../Drivers/STM32F3xx_HAL_Driver/Src/stm32f3xx_hal_tim.c" -mcpu=cortex-m4 -std=gnu11 -g3 -DDEBUG -DUSE_HAL_DRIVER -DSTM32F303xC -c -I../Core/Inc -I"D:/Workspace/Sensor_Fusion/Sensor_Fusion/Gyro/BSP/STM32F3-Discovery" -I../Drivers/STM32F3xx_HAL_Driver/Inc -I../Drivers/STM32F3xx_HAL_Driver/Inc/Legacy -I../Drivers/CMSIS/Device/ST/STM32F3xx/Include -I../Drivers/CMSIS/Include -O0 -ffunction-sections -fdata-sections -Wall -fstack-usage -MMD -MP -MF"Drivers/STM32F3xx_HAL_Driver/Src/stm32f3xx_hal_tim.d" -MT"Drivers/STM32F3xx_HAL_Driver/Src/stm32f3xx_hal_tim.o" --specs=nano.specs -mfpu=fpv4-sp-d16 -mfloat-abi=hard -mthumb -o "Drivers/STM32F3xx_HAL_Driver/Src/stm32f3xx_hal_tim.o"
arm-none-eabi-gcc "../Drivers/STM32F3xx_HAL_Driver/Src/stm32f3xx_hal_tim_ex.c" -mcpu=cortex-m4 -std=gnu11 -g3 -DDEBUG -DUSE_HAL_DRIVER -DSTM32F303xC -c -I../Core/Inc -I"D:/Workspace/Sensor_Fusion/Sensor_Fusion/Gyro/BSP/STM32F3-Discovery" -I../Drivers/STM32F3xx_HAL_Driver/Inc -I../Drivers/STM32F3xx_HAL_Driver/Inc/Legacy -I../Drivers/CMSIS/Device/ST/STM32F3xx/Include -I../Drivers/CMSIS/Include -O0 -ffunction-sections -fdata-sections -Wall -fstack-usage -MMD -MP -MF"Drivers/STM32F3xx_HAL_Driver/Src/stm32f3xx_hal_tim_ex.d" -MT"Drivers/STM32F3xx_HAL_Driver/Src/stm32f3xx_hal_tim_ex.o" --specs=nano.specs -mfpu=fpv4-sp-d16 -mfloat-abi=hard -mthumb -o "Drivers/STM32F3xx_HAL_Driver/Src/stm32f3xx_hal_tim_ex.o"
arm-none-eabi-gcc "../Drivers/STM32F3xx_HAL_Driver/Src/stm32f3xx_hal_uart.c" -mcpu=cortex-m4 -std=gnu11 -g3 -DDEBUG -DUSE_HAL_DRIVER -DSTM32F303xC -c -I../Core/Inc -I"D:/Workspace/Sensor_Fusion/Sensor_Fusion/Gyro/BSP/STM32F3-Discovery" -I../Drivers/STM32F3xx_HAL_Driver/Inc -I../Drivers/STM32F3xx_HAL_Driver/Inc/Legacy -I../Drivers/CMSIS/Device/ST/STM32F3xx/Include -I../Drivers/CMSIS/Include -O0 -ffunction-sections -fdata-sections -Wall -fstack-usage -MMD -MP -MF"Drivers/STM32F3xx_HAL_Driver/Src/stm32f3xx_hal_uart.d" -MT"Drivers/STM32F3xx_HAL_Driver/Src/stm32f3xx_hal_uart.o" --specs=nano.specs -mfpu=fpv4-sp-d16 -mfloat-abi=hard -mthumb -o "Drivers/STM32F3xx_HAL_Driver/Src/stm32f3xx_hal_uart.o"
arm-none-eabi-gcc "../Drivers/STM32F3xx_HAL_Driver/Src/stm32f3xx_hal_uart_ex.c" -mcpu=cortex-m4 -std=gnu11 -g3 -DDEBUG -DUSE_HAL_DRIVER -DSTM32F303xC -c -I../Core/Inc -I"D:/Workspace/Sensor_Fusion/Sensor_Fusion/Gyro/BSP/STM32F3-Discovery" -I../Drivers/STM32F3xx_HAL_Driver/Inc -I../Drivers/STM32F3xx_HAL_Driver/Inc/Legacy -I../Drivers/CMSIS/Device/ST/STM32F3xx/Include -I../Drivers/CMSIS/Include -O0 -ffunction-sections -fdata-sections -Wall -fstack-usage -MMD -MP -MF"Drivers/STM32F3xx_HAL_Driver/Src/stm32f3xx_hal_uart_ex.d" -MT"Drivers/STM32F3xx_HAL_Driver/Src/stm32f3xx_hal_uart_ex.o" --specs=nano.specs -mfpu=fpv4-sp-d16 -mfloat-abi=hard -mthumb -o "Drivers/STM32F3xx_HAL_Driver/Src/stm32f3xx_hal_uart_ex.o"
arm-none-eabi-gcc -mcpu=cortex-m4 -g3 -DDEBUG -c -x assembler-with-cpp -MMD -MP -MF"Core/Startup/startup_stm32f303vctx.d" -MT"Core/Startup/startup_stm32f303vctx.o" --specs=nano.specs -mfpu=fpv4-sp-d16 -mfloat-abi=hard -mthumb -o "Core/Startup/startup_stm32f303vctx.o" "../Core/Startup/startup_stm32f303vctx.s"
arm-none-eabi-gcc "../Core/Src/gpio.c" -mcpu=cortex-m4 -std=gnu11 -g3 -DDEBUG -DUSE_HAL_DRIVER -DSTM32F303xC -c -I../Core/Inc -I"D:/Workspace/Sensor_Fusion/Sensor_Fusion/Gyro/BSP/STM32F3-Discovery" -I../Drivers/STM32F3xx_HAL_Driver/Inc -I../Drivers/STM32F3xx_HAL_Driver/Inc/Legacy -I../Drivers/CMSIS/Device/ST/STM32F3xx/Include -I../Drivers/CMSIS/Include -O0 -ffunction-sections -fdata-sections -Wall -fstack-usage -MMD -MP -MF"Core/Src/gpio.d" -MT"Core/Src/gpio.o" --specs=nano.specs -mfpu=fpv4-sp-d16 -mfloat-abi=hard -mthumb -o "Core/Src/gpio.o"
arm-none-eabi-gcc "../Core/Src/i2c.c" -mcpu=cortex-m4 -std=gnu11 -g3 -DDEBUG -DUSE_HAL_DRIVER -DSTM32F303xC -c -I../Core/Inc -I"D:/Workspace/Sensor_Fusion/Sensor_Fusion/Gyro/BSP/STM32F3-Discovery" -I../Drivers/STM32F3xx_HAL_Driver/Inc -I../Drivers/STM32F3xx_HAL_Driver/Inc/Legacy -I../Drivers/CMSIS/Device/ST/STM32F3xx/Include -I../Drivers/CMSIS/Include -O0 -ffunction-sections -fdata-sections -Wall -fstack-usage -MMD -MP -MF"Core/Src/i2c.d" -MT"Core/Src/i2c.o" --specs=nano.specs -mfpu=fpv4-sp-d16 -mfloat-abi=hard -mthumb -o "Core/Src/i2c.o"
arm-none-eabi-gcc "../Core/Src/main.c" -mcpu=cortex-m4 -std=gnu11 -g3 -DDEBUG -DUSE_HAL_DRIVER -DSTM32F303xC -c -I../Core/Inc -I"D:/Workspace/Sensor_Fusion/Sensor_Fusion/Gyro/BSP/STM32F3-Discovery" -I../Drivers/STM32F3xx_HAL_Driver/Inc -I../Drivers/STM32F3xx_HAL_Driver/Inc/Legacy -I../Drivers/CMSIS/Device/ST/STM32F3xx/Include -I../Drivers/CMSIS/Include -O0 -ffunction-sections -fdata-sections -Wall -fstack-usage -MMD -MP -MF"Core/Src/main.d" -MT"Core/Src/main.o" --specs=nano.specs -mfpu=fpv4-sp-d16 -mfloat-abi=hard -mthumb -o "Core/Src/main.o"
arm-none-eabi-gcc "../Core/Src/mems.c" -mcpu=cortex-m4 -std=gnu11 -g3 -DDEBUG -DUSE_HAL_DRIVER -DSTM32F303xC -c -I../Core/Inc -I"D:/Workspace/Sensor_Fusion/Sensor_Fusion/Gyro/BSP/STM32F3-Discovery" -I../Drivers/STM32F3xx_HAL_Driver/Inc -I../Drivers/STM32F3xx_HAL_Driver/Inc/Legacy -I../Drivers/CMSIS/Device/ST/STM32F3xx/Include -I../Drivers/CMSIS/Include -O0 -ffunction-sections -fdata-sections -Wall -fstack-usage -MMD -MP -MF"Core/Src/mems.d" -MT"Core/Src/mems.o" --specs=nano.specs -mfpu=fpv4-sp-d16 -mfloat-abi=hard -mthumb -o "Core/Src/mems.o"
../Core/Src/main.c:60:23: warning: pointer targets in initialization of 'unsigned char *' from 'char *' differ in signedness [-Wpointer-sign]
   60 | unsigned char *data = "Hello\r\n";
      |                       ^~~~~~~~~~~
arm-none-eabi-gcc "../Core/Src/spi.c" -mcpu=cortex-m4 -std=gnu11 -g3 -DDEBUG -DUSE_HAL_DRIVER -DSTM32F303xC -c -I../Core/Inc -I"D:/Workspace/Sensor_Fusion/Sensor_Fusion/Gyro/BSP/STM32F3-Discovery" -I../Drivers/STM32F3xx_HAL_Driver/Inc -I../Drivers/STM32F3xx_HAL_Driver/Inc/Legacy -I../Drivers/CMSIS/Device/ST/STM32F3xx/Include -I../Drivers/CMSIS/Include -O0 -ffunction-sections -fdata-sections -Wall -fstack-usage -MMD -MP -MF"Core/Src/spi.d" -MT"Core/Src/spi.o" --specs=nano.specs -mfpu=fpv4-sp-d16 -mfloat-abi=hard -mthumb -o "Core/Src/spi.o"
arm-none-eabi-gcc "../Core/Src/stm32f3xx_hal_msp.c" -mcpu=cortex-m4 -std=gnu11 -g3 -DDEBUG -DUSE_HAL_DRIVER -DSTM32F303xC -c -I../Core/Inc -I"D:/Workspace/Sensor_Fusion/Sensor_Fusion/Gyro/BSP/STM32F3-Discovery" -I../Drivers/STM32F3xx_HAL_Driver/Inc -I../Drivers/STM32F3xx_HAL_Driver/Inc/Legacy -I../Drivers/CMSIS/Device/ST/STM32F3xx/Include -I../Drivers/CMSIS/Include -O0 -ffunction-sections -fdata-sections -Wall -fstack-usage -MMD -MP -MF"Core/Src/stm32f3xx_hal_msp.d" -MT"Core/Src/stm32f3xx_hal_msp.o" --specs=nano.specs -mfpu=fpv4-sp-d16 -mfloat-abi=hard -mthumb -o "Core/Src/stm32f3xx_hal_msp.o"
arm-none-eabi-gcc "../Core/Src/stm32f3xx_it.c" -mcpu=cortex-m4 -std=gnu11 -g3 -DDEBUG -DUSE_HAL_DRIVER -DSTM32F303xC -c -I../Core/Inc -I"D:/Workspace/Sensor_Fusion/Sensor_Fusion/Gyro/BSP/STM32F3-Discovery" -I../Drivers/STM32F3xx_HAL_Driver/Inc -I../Drivers/STM32F3xx_HAL_Driver/Inc/Legacy -I../Drivers/CMSIS/Device/ST/STM32F3xx/Include -I../Drivers/CMSIS/Include -O0 -ffunction-sections -fdata-sections -Wall -fstack-usage -MMD -MP -MF"Core/Src/stm32f3xx_it.d" -MT"Core/Src/stm32f3xx_it.o" --specs=nano.specs -mfpu=fpv4-sp-d16 -mfloat-abi=hard -mthumb -o "Core/Src/stm32f3xx_it.o"
arm-none-eabi-gcc "../Core/Src/syscalls.c" -mcpu=cortex-m4 -std=gnu11 -g3 -DDEBUG -DUSE_HAL_DRIVER -DSTM32F303xC -c -I../Core/Inc -I"D:/Workspace/Sensor_Fusion/Sensor_Fusion/Gyro/BSP/STM32F3-Discovery" -I../Drivers/STM32F3xx_HAL_Driver/Inc -I../Drivers/STM32F3xx_HAL_Driver/Inc/Legacy -I../Drivers/CMSIS/Device/ST/STM32F3xx/Include -I../Drivers/CMSIS/Include -O0 -ffunction-sections -fdata-sections -Wall -fstack-usage -MMD -MP -MF"Core/Src/syscalls.d" -MT"Core/Src/syscalls.o" --specs=nano.specs -mfpu=fpv4-sp-d16 -mfloat-abi=hard -mthumb -o "Core/Src/syscalls.o"
arm-none-eabi-gcc "../Core/Src/sysmem.c" -mcpu=cortex-m4 -std=gnu11 -g3 -DDEBUG -DUSE_HAL_DRIVER -DSTM32F303xC -c -I../Core/Inc -I"D:/Workspace/Sensor_Fusion/Sensor_Fusion/Gyro/BSP/STM32F3-Discovery" -I../Drivers/STM32F3xx_HAL_Driver/Inc -I../Drivers/STM32F3xx_HAL_Driver/Inc/Legacy -I../Drivers/CMSIS/Device/ST/STM32F3xx/Include -I../Drivers/CMSIS/Include -O0 -ffunction-sections -fdata-sections -Wall -fstack-usage -MMD -MP -MF"Core/Src/sysmem.d" -MT"Core/Src/sysmem.o" --specs=nano.specs -mfpu=fpv4-sp-d16 -mfloat-abi=hard -mthumb -o "Core/Src/sysmem.o"
arm-none-eabi-gcc "../Core/Src/system_stm32f3xx.c" -mcpu=cortex-m4 -std=gnu11 -g3 -DDEBUG -DUSE_HAL_DRIVER -DSTM32F303xC -c -I../Core/Inc -I"D:/Workspace/Sensor_Fusion/Sensor_Fusion/Gyro/BSP/STM32F3-Discovery" -I../Drivers/STM32F3xx_HAL_Driver/Inc -I../Drivers/STM32F3xx_HAL_Driver/Inc/Legacy -I../Drivers/CMSIS/Device/ST/STM32F3xx/Include -I../Drivers/CMSIS/Include -O0 -ffunction-sections -fdata-sections -Wall -fstack-usage -MMD -MP -MF"Core/Src/system_stm32f3xx.d" -MT"Core/Src/system_stm32f3xx.o" --specs=nano.specs -mfpu=fpv4-sp-d16 -mfloat-abi=hard -mthumb -o "Core/Src/system_stm32f3xx.o"
arm-none-eabi-gcc "../Core/Src/usart.c" -mcpu=cortex-m4 -std=gnu11 -g3 -DDEBUG -DUSE_HAL_DRIVER -DSTM32F303xC -c -I../Core/Inc -I"D:/Workspace/Sensor_Fusion/Sensor_Fusion/Gyro/BSP/STM32F3-Discovery" -I../Drivers/STM32F3xx_HAL_Driver/Inc -I../Drivers/STM32F3xx_HAL_Driver/Inc/Legacy -I../Drivers/CMSIS/Device/ST/STM32F3xx/Include -I../Drivers/CMSIS/Include -O0 -ffunction-sections -fdata-sections -Wall -fstack-usage -MMD -MP -MF"Core/Src/usart.d" -MT"Core/Src/usart.o" --specs=nano.specs -mfpu=fpv4-sp-d16 -mfloat-abi=hard -mthumb -o "Core/Src/usart.o"
arm-none-eabi-gcc "../BSP/STM32F3-Discovery/stm32f3_discovery.c" -mcpu=cortex-m4 -std=gnu11 -g3 -DDEBUG -DUSE_HAL_DRIVER -DSTM32F303xC -c -I../Core/Inc -I"D:/Workspace/Sensor_Fusion/Sensor_Fusion/Gyro/BSP/STM32F3-Discovery" -I../Drivers/STM32F3xx_HAL_Driver/Inc -I../Drivers/STM32F3xx_HAL_Driver/Inc/Legacy -I../Drivers/CMSIS/Device/ST/STM32F3xx/Include -I../Drivers/CMSIS/Include -O0 -ffunction-sections -fdata-sections -Wall -fstack-usage -MMD -MP -MF"BSP/STM32F3-Discovery/stm32f3_discovery.d" -MT"BSP/STM32F3-Discovery/stm32f3_discovery.o" --specs=nano.specs -mfpu=fpv4-sp-d16 -mfloat-abi=hard -mthumb -o "BSP/STM32F3-Discovery/stm32f3_discovery.o"
arm-none-eabi-gcc "../BSP/STM32F3-Discovery/stm32f3_discovery_accelerometer.c" -mcpu=cortex-m4 -std=gnu11 -g3 -DDEBUG -DUSE_HAL_DRIVER -DSTM32F303xC -c -I../Core/Inc -I"D:/Workspace/Sensor_Fusion/Sensor_Fusion/Gyro/BSP/STM32F3-Discovery" -I../Drivers/STM32F3xx_HAL_Driver/Inc -I../Drivers/STM32F3xx_HAL_Driver/Inc/Legacy -I../Drivers/CMSIS/Device/ST/STM32F3xx/Include -I../Drivers/CMSIS/Include -O0 -ffunction-sections -fdata-sections -Wall -fstack-usage -MMD -MP -MF"BSP/STM32F3-Discovery/stm32f3_discovery_accelerometer.d" -MT"BSP/STM32F3-Discovery/stm32f3_discovery_accelerometer.o" --specs=nano.specs -mfpu=fpv4-sp-d16 -mfloat-abi=hard -mthumb -o "BSP/STM32F3-Discovery/stm32f3_discovery_accelerometer.o"
arm-none-eabi-gcc "../BSP/STM32F3-Discovery/stm32f3_discovery_gyroscope.c" -mcpu=cortex-m4 -std=gnu11 -g3 -DDEBUG -DUSE_HAL_DRIVER -DSTM32F303xC -c -I../Core/Inc -I"D:/Workspace/Sensor_Fusion/Sensor_Fusion/Gyro/BSP/STM32F3-Discovery" -I../Drivers/STM32F3xx_HAL_Driver/Inc -I../Drivers/STM32F3xx_HAL_Driver/Inc/Legacy -I../Drivers/CMSIS/Device/ST/STM32F3xx/Include -I../Drivers/CMSIS/Include -O0 -ffunction-sections -fdata-sections -Wall -fstack-usage -MMD -MP -MF"BSP/STM32F3-Discovery/stm32f3_discovery_gyroscope.d" -MT"BSP/STM32F3-Discovery/stm32f3_discovery_gyroscope.o" --specs=nano.specs -mfpu=fpv4-sp-d16 -mfloat-abi=hard -mthumb -o "BSP/STM32F3-Discovery/stm32f3_discovery_gyroscope.o"
arm-none-eabi-gcc "../BSP/Components/stts751/stts751.c" -mcpu=cortex-m4 -std=gnu11 -g3 -DDEBUG -DUSE_HAL_DRIVER -DSTM32F303xC -c -I../Core/Inc -I"D:/Workspace/Sensor_Fusion/Sensor_Fusion/Gyro/BSP/STM32F3-Discovery" -I../Drivers/STM32F3xx_HAL_Driver/Inc -I../Drivers/STM32F3xx_HAL_Driver/Inc/Legacy -I../Drivers/CMSIS/Device/ST/STM32F3xx/Include -I../Drivers/CMSIS/Include -O0 -ffunction-sections -fdata-sections -Wall -fstack-usage -MMD -MP -MF"BSP/Components/stts751/stts751.d" -MT"BSP/Components/stts751/stts751.o" --specs=nano.specs -mfpu=fpv4-sp-d16 -mfloat-abi=hard -mthumb -o "BSP/Components/stts751/stts751.o"
arm-none-eabi-gcc "../BSP/Components/stlm75/stlm75.c" -mcpu=cortex-m4 -std=gnu11 -g3 -DDEBUG -DUSE_HAL_DRIVER -DSTM32F303xC -c -I../Core/Inc -I"D:/Workspace/Sensor_Fusion/Sensor_Fusion/Gyro/BSP/STM32F3-Discovery" -I../Drivers/STM32F3xx_HAL_Driver/Inc -I../Drivers/STM32F3xx_HAL_Driver/Inc/Legacy -I../Drivers/CMSIS/Device/ST/STM32F3xx/Include -I../Drivers/CMSIS/Include -O0 -ffunction-sections -fdata-sections -Wall -fstack-usage -MMD -MP -MF"BSP/Components/stlm75/stlm75.d" -MT"BSP/Components/stlm75/stlm75.o" --specs=nano.specs -mfpu=fpv4-sp-d16 -mfloat-abi=hard -mthumb -o "BSP/Components/stlm75/stlm75.o"
arm-none-eabi-gcc "../BSP/Components/st7735/st7735.c" -mcpu=cortex-m4 -std=gnu11 -g3 -DDEBUG -DUSE_HAL_DRIVER -DSTM32F303xC -c -I../Core/Inc -I"D:/Workspace/Sensor_Fusion/Sensor_Fusion/Gyro/BSP/STM32F3-Discovery" -I../Drivers/STM32F3xx_HAL_Driver/Inc -I../Drivers/STM32F3xx_HAL_Driver/Inc/Legacy -I../Drivers/CMSIS/Device/ST/STM32F3xx/Include -I../Drivers/CMSIS/Include -O0 -ffunction-sections -fdata-sections -Wall -fstack-usage -MMD -MP -MF"BSP/Components/st7735/st7735.d" -MT"BSP/Components/st7735/st7735.o" --specs=nano.specs -mfpu=fpv4-sp-d16 -mfloat-abi=hard -mthumb -o "BSP/Components/st7735/st7735.o"
arm-none-eabi-gcc "../BSP/Components/spfd5408/spfd5408.c" -mcpu=cortex-m4 -std=gnu11 -g3 -DDEBUG -DUSE_HAL_DRIVER -DSTM32F303xC -c -I../Core/Inc -I"D:/Workspace/Sensor_Fusion/Sensor_Fusion/Gyro/BSP/STM32F3-Discovery" -I../Drivers/STM32F3xx_HAL_Driver/Inc -I../Drivers/STM32F3xx_HAL_Driver/Inc/Legacy -I../Drivers/CMSIS/Device/ST/STM32F3xx/Include -I../Drivers/CMSIS/Include -O0 -ffunction-sections -fdata-sections -Wall -fstack-usage -MMD -MP -MF"BSP/Components/spfd5408/spfd5408.d" -MT"BSP/Components/spfd5408/spfd5408.o" --specs=nano.specs -mfpu=fpv4-sp-d16 -mfloat-abi=hard -mthumb -o "BSP/Components/spfd5408/spfd5408.o"
arm-none-eabi-gcc "../BSP/Components/lsm303dlhc/lsm303dlhc.c" -mcpu=cortex-m4 -std=gnu11 -g3 -DDEBUG -DUSE_HAL_DRIVER -DSTM32F303xC -c -I../Core/Inc -I"D:/Workspace/Sensor_Fusion/Sensor_Fusion/Gyro/BSP/STM32F3-Discovery" -I../Drivers/STM32F3xx_HAL_Driver/Inc -I../Drivers/STM32F3xx_HAL_Driver/Inc/Legacy -I../Drivers/CMSIS/Device/ST/STM32F3xx/Include -I../Drivers/CMSIS/Include -O0 -ffunction-sections -fdata-sections -Wall -fstack-usage -MMD -MP -MF"BSP/Components/lsm303dlhc/lsm303dlhc.d" -MT"BSP/Components/lsm303dlhc/lsm303dlhc.o" --specs=nano.specs -mfpu=fpv4-sp-d16 -mfloat-abi=hard -mthumb -o "BSP/Components/lsm303dlhc/lsm303dlhc.o"
arm-none-eabi-gcc "../BSP/Components/lsm303agr/lsm303agr.c" -mcpu=cortex-m4 -std=gnu11 -g3 -DDEBUG -DUSE_HAL_DRIVER -DSTM32F303xC -c -I../Core/Inc -I"D:/Workspace/Sensor_Fusion/Sensor_Fusion/Gyro/BSP/STM32F3-Discovery" -I../Drivers/STM32F3xx_HAL_Driver/Inc -I../Drivers/STM32F3xx_HAL_Driver/Inc/Legacy -I../Drivers/CMSIS/Device/ST/STM32F3xx/Include -I../Drivers/CMSIS/Include -O0 -ffunction-sections -fdata-sections -Wall -fstack-usage -MMD -MP -MF"BSP/Components/lsm303agr/lsm303agr.d" -MT"BSP/Components/lsm303agr/lsm303agr.o" --specs=nano.specs -mfpu=fpv4-sp-d16 -mfloat-abi=hard -mthumb -o "BSP/Components/lsm303agr/lsm303agr.o"
arm-none-eabi-gcc "../BSP/Components/l3gd20/l3gd20.c" -mcpu=cortex-m4 -std=gnu11 -g3 -DDEBUG -DUSE_HAL_DRIVER -DSTM32F303xC -c -I../Core/Inc -I"D:/Workspace/Sensor_Fusion/Sensor_Fusion/Gyro/BSP/STM32F3-Discovery" -I../Drivers/STM32F3xx_HAL_Driver/Inc -I../Drivers/STM32F3xx_HAL_Driver/Inc/Legacy -I../Drivers/CMSIS/Device/ST/STM32F3xx/Include -I../Drivers/CMSIS/Include -O0 -ffunction-sections -fdata-sections -Wall -fstack-usage -MMD -MP -MF"BSP/Components/l3gd20/l3gd20.d" -MT"BSP/Components/l3gd20/l3gd20.o" --specs=nano.specs -mfpu=fpv4-sp-d16 -mfloat-abi=hard -mthumb -o "BSP/Components/l3gd20/l3gd20.o"
arm-none-eabi-gcc "../BSP/Components/ili9328/ili9328.c" -mcpu=cortex-m4 -std=gnu11 -g3 -DDEBUG -DUSE_HAL_DRIVER -DSTM32F303xC -c -I../Core/Inc -I"D:/Workspace/Sensor_Fusion/Sensor_Fusion/Gyro/BSP/STM32F3-Discovery" -I../Drivers/STM32F3xx_HAL_Driver/Inc -I../Drivers/STM32F3xx_HAL_Driver/Inc/Legacy -I../Drivers/CMSIS/Device/ST/STM32F3xx/Include -I../Drivers/CMSIS/Include -O0 -ffunction-sections -fdata-sections -Wall -fstack-usage -MMD -MP -MF"BSP/Components/ili9328/ili9328.d" -MT"BSP/Components/ili9328/ili9328.o" --specs=nano.specs -mfpu=fpv4-sp-d16 -mfloat-abi=hard -mthumb -o "BSP/Components/ili9328/ili9328.o"
arm-none-eabi-gcc "../BSP/Components/ili9325/ili9325.c" -mcpu=cortex-m4 -std=gnu11 -g3 -DDEBUG -DUSE_HAL_DRIVER -DSTM32F303xC -c -I../Core/Inc -I"D:/Workspace/Sensor_Fusion/Sensor_Fusion/Gyro/BSP/STM32F3-Discovery" -I../Drivers/STM32F3xx_HAL_Driver/Inc -I../Drivers/STM32F3xx_HAL_Driver/Inc/Legacy -I../Drivers/CMSIS/Device/ST/STM32F3xx/Include -I../Drivers/CMSIS/Include -O0 -ffunction-sections -fdata-sections -Wall -fstack-usage -MMD -MP -MF"BSP/Components/ili9325/ili9325.d" -MT"BSP/Components/ili9325/ili9325.o" --specs=nano.specs -mfpu=fpv4-sp-d16 -mfloat-abi=hard -mthumb -o "BSP/Components/ili9325/ili9325.o"
arm-none-eabi-gcc "../BSP/Components/ili9320/ili9320.c" -mcpu=cortex-m4 -std=gnu11 -g3 -DDEBUG -DUSE_HAL_DRIVER -DSTM32F303xC -c -I../Core/Inc -I"D:/Workspace/Sensor_Fusion/Sensor_Fusion/Gyro/BSP/STM32F3-Discovery" -I../Drivers/STM32F3xx_HAL_Driver/Inc -I../Drivers/STM32F3xx_HAL_Driver/Inc/Legacy -I../Drivers/CMSIS/Device/ST/STM32F3xx/Include -I../Drivers/CMSIS/Include -O0 -ffunction-sections -fdata-sections -Wall -fstack-usage -MMD -MP -MF"BSP/Components/ili9320/ili9320.d" -MT"BSP/Components/ili9320/ili9320.o" --specs=nano.specs -mfpu=fpv4-sp-d16 -mfloat-abi=hard -mthumb -o "BSP/Components/ili9320/ili9320.o"
arm-none-eabi-gcc "../BSP/Components/i3g4250d/i3g4250d.c" -mcpu=cortex-m4 -std=gnu11 -g3 -DDEBUG -DUSE_HAL_DRIVER -DSTM32F303xC -c -I../Core/Inc -I"D:/Workspace/Sensor_Fusion/Sensor_Fusion/Gyro/BSP/STM32F3-Discovery" -I../Drivers/STM32F3xx_HAL_Driver/Inc -I../Drivers/STM32F3xx_HAL_Driver/Inc/Legacy -I../Drivers/CMSIS/Device/ST/STM32F3xx/Include -I../Drivers/CMSIS/Include -O0 -ffunction-sections -fdata-sections -Wall -fstack-usage -MMD -MP -MF"BSP/Components/i3g4250d/i3g4250d.d" -MT"BSP/Components/i3g4250d/i3g4250d.o" --specs=nano.specs -mfpu=fpv4-sp-d16 -mfloat-abi=hard -mthumb -o "BSP/Components/i3g4250d/i3g4250d.o"
arm-none-eabi-gcc "../BSP/Components/hx8347i/hx8347i.c" -mcpu=cortex-m4 -std=gnu11 -g3 -DDEBUG -DUSE_HAL_DRIVER -DSTM32F303xC -c -I../Core/Inc -I"D:/Workspace/Sensor_Fusion/Sensor_Fusion/Gyro/BSP/STM32F3-Discovery" -I../Drivers/STM32F3xx_HAL_Driver/Inc -I../Drivers/STM32F3xx_HAL_Driver/Inc/Legacy -I../Drivers/CMSIS/Device/ST/STM32F3xx/Include -I../Drivers/CMSIS/Include -O0 -ffunction-sections -fdata-sections -Wall -fstack-usage -MMD -MP -MF"BSP/Components/hx8347i/hx8347i.d" -MT"BSP/Components/hx8347i/hx8347i.o" --specs=nano.specs -mfpu=fpv4-sp-d16 -mfloat-abi=hard -mthumb -o "BSP/Components/hx8347i/hx8347i.o"
arm-none-eabi-gcc "../BSP/Components/hx8347g/hx8347g.c" -mcpu=cortex-m4 -std=gnu11 -g3 -DDEBUG -DUSE_HAL_DRIVER -DSTM32F303xC -c -I../Core/Inc -I"D:/Workspace/Sensor_Fusion/Sensor_Fusion/Gyro/BSP/STM32F3-Discovery" -I../Drivers/STM32F3xx_HAL_Driver/Inc -I../Drivers/STM32F3xx_HAL_Driver/Inc/Legacy -I../Drivers/CMSIS/Device/ST/STM32F3xx/Include -I../Drivers/CMSIS/Include -O0 -ffunction-sections -fdata-sections -Wall -fstack-usage -MMD -MP -MF"BSP/Components/hx8347g/hx8347g.d" -MT"BSP/Components/hx8347g/hx8347g.o" --specs=nano.specs -mfpu=fpv4-sp-d16 -mfloat-abi=hard -mthumb -o "BSP/Components/hx8347g/hx8347g.o"
arm-none-eabi-gcc "../BSP/Components/hx8347d/hx8347d.c" -mcpu=cortex-m4 -std=gnu11 -g3 -DDEBUG -DUSE_HAL_DRIVER -DSTM32F303xC -c -I../Core/Inc -I"D:/Workspace/Sensor_Fusion/Sensor_Fusion/Gyro/BSP/STM32F3-Discovery" -I../Drivers/STM32F3xx_HAL_Driver/Inc -I../Drivers/STM32F3xx_HAL_Driver/Inc/Legacy -I../Drivers/CMSIS/Device/ST/STM32F3xx/Include -I../Drivers/CMSIS/Include -O0 -ffunction-sections -fdata-sections -Wall -fstack-usage -MMD -MP -MF"BSP/Components/hx8347d/hx8347d.d" -MT"BSP/Components/hx8347d/hx8347d.o" --specs=nano.specs -mfpu=fpv4-sp-d16 -mfloat-abi=hard -mthumb -o "BSP/Components/hx8347d/hx8347d.o"
arm-none-eabi-gcc "../BSP/Components/cs42l52/cs42l52.c" -mcpu=cortex-m4 -std=gnu11 -g3 -DDEBUG -DUSE_HAL_DRIVER -DSTM32F303xC -c -I../Core/Inc -I"D:/Workspace/Sensor_Fusion/Sensor_Fusion/Gyro/BSP/STM32F3-Discovery" -I../Drivers/STM32F3xx_HAL_Driver/Inc -I../Drivers/STM32F3xx_HAL_Driver/Inc/Legacy -I../Drivers/CMSIS/Device/ST/STM32F3xx/Include -I../Drivers/CMSIS/Include -O0 -ffunction-sections -fdata-sections -Wall -fstack-usage -MMD -MP -MF"BSP/Components/cs42l52/cs42l52.d" -MT"BSP/Components/cs42l52/cs42l52.o" --specs=nano.specs -mfpu=fpv4-sp-d16 -mfloat-abi=hard -mthumb -o "BSP/Components/cs42l52/cs42l52.o"
arm-none-eabi-g++ -o "Gyro.elf" @"objects.list"   -mcpu=cortex-m4 -T"D:\Workspace\Sensor_Fusion\Sensor_Fusion\Gyro\STM32F303VCTX_FLASH.ld" --specs=nosys.specs -Wl,-Map="Gyro.map" -Wl,--gc-sections -static --specs=nano.specs -mfpu=fpv4-sp-d16 -mfloat-abi=hard -mthumb -u _printf_float -Wl,--start-group -lc -lm -lstdc++ -lsupc++ -Wl,--end-group
Finished building target: Gyro.elf
 
arm-none-eabi-size   Gyro.elf 
arm-none-eabi-objdump -h -S  Gyro.elf  > "Gyro.list"
arm-none-eabi-objcopy  -O binary  Gyro.elf  "Gyro.bin"
   text	   data	    bss	    dec	    hex	filename
  40336	    860	   2092	  43288	   a918	Gyro.elf
Finished building: default.size.stdout
 
Finished building: Gyro.bin
 
Finished building: Gyro.list
 
11:11:36 **** Incremental Build of configuration Debug for project Gyro ****
make -j4 all 
arm-none-eabi-size   Gyro.elf 
   text	   data	    bss	    dec	    hex	filename
  40336	    860	   2092	  43288	   a918	Gyro.elf
Finished building: default.size.stdout
 
11:12:13 **** Incremental Build of configuration Debug for project Gyro ****
make -j4 all 
arm-none-eabi-size   Gyro.elf 
   text	   data	    bss	    dec	    hex	filename
  40336	    860	   2092	  43288	   a918	Gyro.elf
Finished building: default.size.stdout
 
12:34:48 **** Incremental Build of configuration Debug for project Gyro ****
make -j4 all 
arm-none-eabi-size   Gyro.elf 
   text	   data	    bss	    dec	    hex	filename
  40336	    860	   2092	  43288	   a918	Gyro.elf
Finished building: default.size.stdout
 
12:37:59 **** Incremental Build of configuration Debug for project Gyro ****
make -j4 all 
arm-none-eabi-gcc "../Core/Src/mems.c" -mcpu=cortex-m4 -std=gnu11 -g3 -DDEBUG -DUSE_HAL_DRIVER -DSTM32F303xC -c -I../Core/Inc -I"D:/Workspace/Sensor_Fusion/Sensor_Fusion/Gyro/BSP/STM32F3-Discovery" -I../Drivers/STM32F3xx_HAL_Driver/Inc -I../Drivers/STM32F3xx_HAL_Driver/Inc/Legacy -I../Drivers/CMSIS/Device/ST/STM32F3xx/Include -I../Drivers/CMSIS/Include -O0 -ffunction-sections -fdata-sections -Wall -fstack-usage -MMD -MP -MF"Core/Src/mems.d" -MT"Core/Src/mems.o" --specs=nano.specs -mfpu=fpv4-sp-d16 -mfloat-abi=hard -mthumb -o "Core/Src/mems.o"
arm-none-eabi-g++ -o "Gyro.elf" @"objects.list"   -mcpu=cortex-m4 -T"D:\Workspace\Sensor_Fusion\Sensor_Fusion\Gyro\STM32F303VCTX_FLASH.ld" --specs=nosys.specs -Wl,-Map="Gyro.map" -Wl,--gc-sections -static --specs=nano.specs -mfpu=fpv4-sp-d16 -mfloat-abi=hard -mthumb -u _printf_float -Wl,--start-group -lc -lm -lstdc++ -lsupc++ -Wl,--end-group
Finished building target: Gyro.elf
 
arm-none-eabi-size   Gyro.elf 
arm-none-eabi-objdump -h -S  Gyro.elf  > "Gyro.list"
arm-none-eabi-objcopy  -O binary  Gyro.elf  "Gyro.bin"
   text	   data	    bss	    dec	    hex	filename
  40408	    860	   2092	  43360	   a960	Gyro.elf
Finished building: default.size.stdout
 
Finished building: Gyro.bin
 
Finished building: Gyro.list
 
13:56:32 **** Incremental Build of configuration Debug for project Gyro ****
make -j4 all 
arm-none-eabi-size   Gyro.elf 
   text	   data	    bss	    dec	    hex	filename
  40408	    860	   2092	  43360	   a960	Gyro.elf
Finished building: default.size.stdout
 
14:00:22 **** Incremental Build of configuration Debug for project Gyro ****
make -j4 all 
arm-none-eabi-gcc "../Core/Src/mems.c" -mcpu=cortex-m4 -std=gnu11 -g3 -DDEBUG -DUSE_HAL_DRIVER -DSTM32F303xC -c -I../Core/Inc -I"D:/Workspace/Sensor_Fusion/Sensor_Fusion/Gyro/BSP/STM32F3-Discovery" -I../Drivers/STM32F3xx_HAL_Driver/Inc -I../Drivers/STM32F3xx_HAL_Driver/Inc/Legacy -I../Drivers/CMSIS/Device/ST/STM32F3xx/Include -I../Drivers/CMSIS/Include -O0 -ffunction-sections -fdata-sections -Wall -fstack-usage -MMD -MP -MF"Core/Src/mems.d" -MT"Core/Src/mems.o" --specs=nano.specs -mfpu=fpv4-sp-d16 -mfloat-abi=hard -mthumb -o "Core/Src/mems.o"
arm-none-eabi-g++ -o "Gyro.elf" @"objects.list"   -mcpu=cortex-m4 -T"D:\Workspace\Sensor_Fusion\Sensor_Fusion\Gyro\STM32F303VCTX_FLASH.ld" --specs=nosys.specs -Wl,-Map="Gyro.map" -Wl,--gc-sections -static --specs=nano.specs -mfpu=fpv4-sp-d16 -mfloat-abi=hard -mthumb -u _printf_float -Wl,--start-group -lc -lm -lstdc++ -lsupc++ -Wl,--end-group
Finished building target: Gyro.elf
 
arm-none-eabi-size   Gyro.elf 
arm-none-eabi-objdump -h -S  Gyro.elf  > "Gyro.list"
arm-none-eabi-objcopy  -O binary  Gyro.elf  "Gyro.bin"
   text	   data	    bss	    dec	    hex	filename
  40456	    860	   2092	  43408	   a990	Gyro.elf
Finished building: default.size.stdout
 
Finished building: Gyro.bin
 
Finished building: Gyro.list
 
14:04:47 **** Incremental Build of configuration Debug for project Gyro ****
make -j4 all 
arm-none-eabi-gcc "../Core/Src/mems.c" -mcpu=cortex-m4 -std=gnu11 -g3 -DDEBUG -DUSE_HAL_DRIVER -DSTM32F303xC -c -I../Core/Inc -I"D:/Workspace/Sensor_Fusion/Sensor_Fusion/Gyro/BSP/STM32F3-Discovery" -I../Drivers/STM32F3xx_HAL_Driver/Inc -I../Drivers/STM32F3xx_HAL_Driver/Inc/Legacy -I../Drivers/CMSIS/Device/ST/STM32F3xx/Include -I../Drivers/CMSIS/Include -O0 -ffunction-sections -fdata-sections -Wall -fstack-usage -MMD -MP -MF"Core/Src/mems.d" -MT"Core/Src/mems.o" --specs=nano.specs -mfpu=fpv4-sp-d16 -mfloat-abi=hard -mthumb -o "Core/Src/mems.o"
arm-none-eabi-g++ -o "Gyro.elf" @"objects.list"   -mcpu=cortex-m4 -T"D:\Workspace\Sensor_Fusion\Sensor_Fusion\Gyro\STM32F303VCTX_FLASH.ld" --specs=nosys.specs -Wl,-Map="Gyro.map" -Wl,--gc-sections -static --specs=nano.specs -mfpu=fpv4-sp-d16 -mfloat-abi=hard -mthumb -u _printf_float -Wl,--start-group -lc -lm -lstdc++ -lsupc++ -Wl,--end-group
Finished building target: Gyro.elf
 
arm-none-eabi-size   Gyro.elf 
arm-none-eabi-objdump -h -S  Gyro.elf  > "Gyro.list"
arm-none-eabi-objcopy  -O binary  Gyro.elf  "Gyro.bin"
   text	   data	    bss	    dec	    hex	filename
  40456	    860	   2092	  43408	   a990	Gyro.elf
Finished building: default.size.stdout
 
Finished building: Gyro.bin
 
Finished building: Gyro.list
 
14:06:58 **** Incremental Build of configuration Debug for project Gyro ****
make -j4 all 
arm-none-eabi-gcc "../Core/Src/mems.c" -mcpu=cortex-m4 -std=gnu11 -g3 -DDEBUG -DUSE_HAL_DRIVER -DSTM32F303xC -c -I../Core/Inc -I"D:/Workspace/Sensor_Fusion/Sensor_Fusion/Gyro/BSP/STM32F3-Discovery" -I../Drivers/STM32F3xx_HAL_Driver/Inc -I../Drivers/STM32F3xx_HAL_Driver/Inc/Legacy -I../Drivers/CMSIS/Device/ST/STM32F3xx/Include -I../Drivers/CMSIS/Include -O0 -ffunction-sections -fdata-sections -Wall -fstack-usage -MMD -MP -MF"Core/Src/mems.d" -MT"Core/Src/mems.o" --specs=nano.specs -mfpu=fpv4-sp-d16 -mfloat-abi=hard -mthumb -o "Core/Src/mems.o"
arm-none-eabi-g++ -o "Gyro.elf" @"objects.list"   -mcpu=cortex-m4 -T"D:\Workspace\Sensor_Fusion\Sensor_Fusion\Gyro\STM32F303VCTX_FLASH.ld" --specs=nosys.specs -Wl,-Map="Gyro.map" -Wl,--gc-sections -static --specs=nano.specs -mfpu=fpv4-sp-d16 -mfloat-abi=hard -mthumb -u _printf_float -Wl,--start-group -lc -lm -lstdc++ -lsupc++ -Wl,--end-group
Finished building target: Gyro.elf
 
arm-none-eabi-size   Gyro.elf 
arm-none-eabi-objdump -h -S  Gyro.elf  > "Gyro.list"
arm-none-eabi-objcopy  -O binary  Gyro.elf  "Gyro.bin"
   text	   data	    bss	    dec	    hex	filename
  40520	    860	   2092	  43472	   a9d0	Gyro.elf
Finished building: default.size.stdout
 
Finished building: Gyro.bin
 
Finished building: Gyro.list
 
14:07:55 **** Incremental Build of configuration Debug for project Gyro ****
make -j4 all 
arm-none-eabi-gcc "../Core/Src/mems.c" -mcpu=cortex-m4 -std=gnu11 -g3 -DDEBUG -DUSE_HAL_DRIVER -DSTM32F303xC -c -I../Core/Inc -I"D:/Workspace/Sensor_Fusion/Sensor_Fusion/Gyro/BSP/STM32F3-Discovery" -I../Drivers/STM32F3xx_HAL_Driver/Inc -I../Drivers/STM32F3xx_HAL_Driver/Inc/Legacy -I../Drivers/CMSIS/Device/ST/STM32F3xx/Include -I../Drivers/CMSIS/Include -O0 -ffunction-sections -fdata-sections -Wall -fstack-usage -MMD -MP -MF"Core/Src/mems.d" -MT"Core/Src/mems.o" --specs=nano.specs -mfpu=fpv4-sp-d16 -mfloat-abi=hard -mthumb -o "Core/Src/mems.o"
arm-none-eabi-g++ -o "Gyro.elf" @"objects.list"   -mcpu=cortex-m4 -T"D:\Workspace\Sensor_Fusion\Sensor_Fusion\Gyro\STM32F303VCTX_FLASH.ld" --specs=nosys.specs -Wl,-Map="Gyro.map" -Wl,--gc-sections -static --specs=nano.specs -mfpu=fpv4-sp-d16 -mfloat-abi=hard -mthumb -u _printf_float -Wl,--start-group -lc -lm -lstdc++ -lsupc++ -Wl,--end-group
Finished building target: Gyro.elf
 
arm-none-eabi-size   Gyro.elf 
arm-none-eabi-objdump -h -S  Gyro.elf  > "Gyro.list"
arm-none-eabi-objcopy  -O binary  Gyro.elf  "Gyro.bin"
   text	   data	    bss	    dec	    hex	filename
  40536	    860	   2092	  43488	   a9e0	Gyro.elf
Finished building: default.size.stdout
 
Finished building: Gyro.bin
 
Finished building: Gyro.list
 
14:22:17 **** Incremental Build of configuration Debug for project Gyro ****
make -j4 all 
arm-none-eabi-gcc "../BSP/STM32F3-Discovery/stm32f3_discovery_gyroscope.c" -mcpu=cortex-m4 -std=gnu11 -g3 -DDEBUG -DUSE_HAL_DRIVER -DSTM32F303xC -c -I../Core/Inc -I"D:/Workspace/Sensor_Fusion/Sensor_Fusion/Gyro/BSP/STM32F3-Discovery" -I../Drivers/STM32F3xx_HAL_Driver/Inc -I../Drivers/STM32F3xx_HAL_Driver/Inc/Legacy -I../Drivers/CMSIS/Device/ST/STM32F3xx/Include -I../Drivers/CMSIS/Include -O0 -ffunction-sections -fdata-sections -Wall -fstack-usage -MMD -MP -MF"BSP/STM32F3-Discovery/stm32f3_discovery_gyroscope.d" -MT"BSP/STM32F3-Discovery/stm32f3_discovery_gyroscope.o" --specs=nano.specs -mfpu=fpv4-sp-d16 -mfloat-abi=hard -mthumb -o "BSP/STM32F3-Discovery/stm32f3_discovery_gyroscope.o"
arm-none-eabi-g++ -o "Gyro.elf" @"objects.list"   -mcpu=cortex-m4 -T"D:\Workspace\Sensor_Fusion\Sensor_Fusion\Gyro\STM32F303VCTX_FLASH.ld" --specs=nosys.specs -Wl,-Map="Gyro.map" -Wl,--gc-sections -static --specs=nano.specs -mfpu=fpv4-sp-d16 -mfloat-abi=hard -mthumb -u _printf_float -Wl,--start-group -lc -lm -lstdc++ -lsupc++ -Wl,--end-group
Finished building target: Gyro.elf
 
arm-none-eabi-size   Gyro.elf 
arm-none-eabi-objdump -h -S  Gyro.elf  > "Gyro.list"
arm-none-eabi-objcopy  -O binary  Gyro.elf  "Gyro.bin"
   text	   data	    bss	    dec	    hex	filename
  40536	    860	   2092	  43488	   a9e0	Gyro.elf
Finished building: default.size.stdout
 
Finished building: Gyro.bin
 
Finished building: Gyro.list
 
14:35:38 **** Incremental Build of configuration Debug for project Gyro ****
make -j4 all 
arm-none-eabi-gcc "../Core/Src/mems.c" -mcpu=cortex-m4 -std=gnu11 -g3 -DDEBUG -DUSE_HAL_DRIVER -DSTM32F303xC -c -I../Core/Inc -I"D:/Workspace/Sensor_Fusion/Sensor_Fusion/Gyro/BSP/STM32F3-Discovery" -I../Drivers/STM32F3xx_HAL_Driver/Inc -I../Drivers/STM32F3xx_HAL_Driver/Inc/Legacy -I../Drivers/CMSIS/Device/ST/STM32F3xx/Include -I../Drivers/CMSIS/Include -O0 -ffunction-sections -fdata-sections -Wall -fstack-usage -MMD -MP -MF"Core/Src/mems.d" -MT"Core/Src/mems.o" --specs=nano.specs -mfpu=fpv4-sp-d16 -mfloat-abi=hard -mthumb -o "Core/Src/mems.o"
arm-none-eabi-g++ -o "Gyro.elf" @"objects.list"   -mcpu=cortex-m4 -T"D:\Workspace\Sensor_Fusion\Sensor_Fusion\Gyro\STM32F303VCTX_FLASH.ld" --specs=nosys.specs -Wl,-Map="Gyro.map" -Wl,--gc-sections -static --specs=nano.specs -mfpu=fpv4-sp-d16 -mfloat-abi=hard -mthumb -u _printf_float -Wl,--start-group -lc -lm -lstdc++ -lsupc++ -Wl,--end-group
Finished building target: Gyro.elf
 
arm-none-eabi-size   Gyro.elf 
arm-none-eabi-objdump -h -S  Gyro.elf  > "Gyro.list"
arm-none-eabi-objcopy  -O binary  Gyro.elf  "Gyro.bin"
   text	   data	    bss	    dec	    hex	filename
  40536	    860	   2092	  43488	   a9e0	Gyro.elf
Finished building: default.size.stdout
 
Finished building: Gyro.list
 
Finished building: Gyro.bin
 
14:39:24 **** Incremental Build of configuration Debug for project Gyro ****
make -j4 all 
arm-none-eabi-gcc "../Core/Src/mems.c" -mcpu=cortex-m4 -std=gnu11 -g3 -DDEBUG -DUSE_HAL_DRIVER -DSTM32F303xC -c -I../Core/Inc -I"D:/Workspace/Sensor_Fusion/Sensor_Fusion/Gyro/BSP/STM32F3-Discovery" -I../Drivers/STM32F3xx_HAL_Driver/Inc -I../Drivers/STM32F3xx_HAL_Driver/Inc/Legacy -I../Drivers/CMSIS/Device/ST/STM32F3xx/Include -I../Drivers/CMSIS/Include -O0 -ffunction-sections -fdata-sections -Wall -fstack-usage -MMD -MP -MF"Core/Src/mems.d" -MT"Core/Src/mems.o" --specs=nano.specs -mfpu=fpv4-sp-d16 -mfloat-abi=hard -mthumb -o "Core/Src/mems.o"
arm-none-eabi-g++ -o "Gyro.elf" @"objects.list"   -mcpu=cortex-m4 -T"D:\Workspace\Sensor_Fusion\Sensor_Fusion\Gyro\STM32F303VCTX_FLASH.ld" --specs=nosys.specs -Wl,-Map="Gyro.map" -Wl,--gc-sections -static --specs=nano.specs -mfpu=fpv4-sp-d16 -mfloat-abi=hard -mthumb -u _printf_float -Wl,--start-group -lc -lm -lstdc++ -lsupc++ -Wl,--end-group
Finished building target: Gyro.elf
 
arm-none-eabi-size   Gyro.elf 
arm-none-eabi-objdump -h -S  Gyro.elf  > "Gyro.list"
arm-none-eabi-objcopy  -O binary  Gyro.elf  "Gyro.bin"
   text	   data	    bss	    dec	    hex	filename
  40480	    860	   2092	  43432	   a9a8	Gyro.elf
Finished building: default.size.stdout
 
Finished building: Gyro.bin
 
Finished building: Gyro.list
 
14:53:56 **** Incremental Build of configuration Debug for project Gyro ****
make -j4 all 
arm-none-eabi-gcc "../Core/Src/mems.c" -mcpu=cortex-m4 -std=gnu11 -g3 -DDEBUG -DUSE_HAL_DRIVER -DSTM32F303xC -c -I../Core/Inc -I"D:/Workspace/Sensor_Fusion/Sensor_Fusion/Gyro/BSP/STM32F3-Discovery" -I../Drivers/STM32F3xx_HAL_Driver/Inc -I../Drivers/STM32F3xx_HAL_Driver/Inc/Legacy -I../Drivers/CMSIS/Device/ST/STM32F3xx/Include -I../Drivers/CMSIS/Include -O0 -ffunction-sections -fdata-sections -Wall -fstack-usage -MMD -MP -MF"Core/Src/mems.d" -MT"Core/Src/mems.o" --specs=nano.specs -mfpu=fpv4-sp-d16 -mfloat-abi=hard -mthumb -o "Core/Src/mems.o"
arm-none-eabi-g++ -o "Gyro.elf" @"objects.list"   -mcpu=cortex-m4 -T"D:\Workspace\Sensor_Fusion\Sensor_Fusion\Gyro\STM32F303VCTX_FLASH.ld" --specs=nosys.specs -Wl,-Map="Gyro.map" -Wl,--gc-sections -static --specs=nano.specs -mfpu=fpv4-sp-d16 -mfloat-abi=hard -mthumb -u _printf_float -Wl,--start-group -lc -lm -lstdc++ -lsupc++ -Wl,--end-group
Finished building target: Gyro.elf
 
arm-none-eabi-size   Gyro.elf 
arm-none-eabi-objdump -h -S  Gyro.elf  > "Gyro.list"
arm-none-eabi-objcopy  -O binary  Gyro.elf  "Gyro.bin"
   text	   data	    bss	    dec	    hex	filename
  40544	    860	   2092	  43496	   a9e8	Gyro.elf
Finished building: default.size.stdout
 
Finished building: Gyro.bin
 
Finished building: Gyro.list
 
15:51:36 **** Incremental Build of configuration Debug for project Gyro ****
make -j4 all 
arm-none-eabi-gcc "../Core/Src/mems.c" -mcpu=cortex-m4 -std=gnu11 -g3 -DDEBUG -DUSE_HAL_DRIVER -DSTM32F303xC -c -I../Core/Inc -I"D:/Workspace/Sensor_Fusion/Sensor_Fusion/Gyro/BSP/STM32F3-Discovery" -I../Drivers/STM32F3xx_HAL_Driver/Inc -I../Drivers/STM32F3xx_HAL_Driver/Inc/Legacy -I../Drivers/CMSIS/Device/ST/STM32F3xx/Include -I../Drivers/CMSIS/Include -O0 -ffunction-sections -fdata-sections -Wall -fstack-usage -MMD -MP -MF"Core/Src/mems.d" -MT"Core/Src/mems.o" --specs=nano.specs -mfpu=fpv4-sp-d16 -mfloat-abi=hard -mthumb -o "Core/Src/mems.o"
arm-none-eabi-gcc "../BSP/STM32F3-Discovery/stm32f3_discovery_gyroscope.c" -mcpu=cortex-m4 -std=gnu11 -g3 -DDEBUG -DUSE_HAL_DRIVER -DSTM32F303xC -c -I../Core/Inc -I"D:/Workspace/Sensor_Fusion/Sensor_Fusion/Gyro/BSP/STM32F3-Discovery" -I../Drivers/STM32F3xx_HAL_Driver/Inc -I../Drivers/STM32F3xx_HAL_Driver/Inc/Legacy -I../Drivers/CMSIS/Device/ST/STM32F3xx/Include -I../Drivers/CMSIS/Include -O0 -ffunction-sections -fdata-sections -Wall -fstack-usage -MMD -MP -MF"BSP/STM32F3-Discovery/stm32f3_discovery_gyroscope.d" -MT"BSP/STM32F3-Discovery/stm32f3_discovery_gyroscope.o" --specs=nano.specs -mfpu=fpv4-sp-d16 -mfloat-abi=hard -mthumb -o "BSP/STM32F3-Discovery/stm32f3_discovery_gyroscope.o"
arm-none-eabi-g++ -o "Gyro.elf" @"objects.list"   -mcpu=cortex-m4 -T"D:\Workspace\Sensor_Fusion\Sensor_Fusion\Gyro\STM32F303VCTX_FLASH.ld" --specs=nosys.specs -Wl,-Map="Gyro.map" -Wl,--gc-sections -static --specs=nano.specs -mfpu=fpv4-sp-d16 -mfloat-abi=hard -mthumb -u _printf_float -Wl,--start-group -lc -lm -lstdc++ -lsupc++ -Wl,--end-group
Finished building target: Gyro.elf
 
arm-none-eabi-size   Gyro.elf 
arm-none-eabi-objdump -h -S  Gyro.elf  > "Gyro.list"
arm-none-eabi-objcopy  -O binary  Gyro.elf  "Gyro.bin"
   text	   data	    bss	    dec	    hex	filename
  40544	    860	   2092	  43496	   a9e8	Gyro.elf
Finished building: default.size.stdout
 
Finished building: Gyro.list
 
Finished building: Gyro.bin
 
