22:39:22 **** Incremental Build of configuration Debug for project Complementary_Filter ****
make -j4 all 
arm-none-eabi-gcc "../Core/Src/gpio.c" -mcpu=cortex-m4 -std=gnu11 -g3 -DDEBUG -DUSE_HAL_DRIVER -DSTM32F303xC -c -I../Core/Inc -I"C:/Users/user/Desktop/STM32/Sensor_Fusion/Complementary_Filter/BSP/STM32F3-Discovery" -I../Drivers/STM32F3xx_HAL_Driver/Inc -I../Drivers/STM32F3xx_HAL_Driver/Inc/Legacy -I../Drivers/CMSIS/Device/ST/STM32F3xx/Include -I../Drivers/CMSIS/Include -O0 -ffunction-sections -fdata-sections -Wall -fstack-usage -MMD -MP -MF"Core/Src/gpio.d" -MT"Core/Src/gpio.o" --specs=nano.specs -mfpu=fpv4-sp-d16 -mfloat-abi=hard -mthumb -o "Core/Src/gpio.o"
arm-none-eabi-gcc "../Core/Src/i2c.c" -mcpu=cortex-m4 -std=gnu11 -g3 -DDEBUG -DUSE_HAL_DRIVER -DSTM32F303xC -c -I../Core/Inc -I"C:/Users/user/Desktop/STM32/Sensor_Fusion/Complementary_Filter/BSP/STM32F3-Discovery" -I../Drivers/STM32F3xx_HAL_Driver/Inc -I../Drivers/STM32F3xx_HAL_Driver/Inc/Legacy -I../Drivers/CMSIS/Device/ST/STM32F3xx/Include -I../Drivers/CMSIS/Include -O0 -ffunction-sections -fdata-sections -Wall -fstack-usage -MMD -MP -MF"Core/Src/i2c.d" -MT"Core/Src/i2c.o" --specs=nano.specs -mfpu=fpv4-sp-d16 -mfloat-abi=hard -mthumb -o "Core/Src/i2c.o"
arm-none-eabi-gcc "../Core/Src/main.c" -mcpu=cortex-m4 -std=gnu11 -g3 -DDEBUG -DUSE_HAL_DRIVER -DSTM32F303xC -c -I../Core/Inc -I"C:/Users/user/Desktop/STM32/Sensor_Fusion/Complementary_Filter/BSP/STM32F3-Discovery" -I../Drivers/STM32F3xx_HAL_Driver/Inc -I../Drivers/STM32F3xx_HAL_Driver/Inc/Legacy -I../Drivers/CMSIS/Device/ST/STM32F3xx/Include -I../Drivers/CMSIS/Include -O0 -ffunction-sections -fdata-sections -Wall -fstack-usage -MMD -MP -MF"Core/Src/main.d" -MT"Core/Src/main.o" --specs=nano.specs -mfpu=fpv4-sp-d16 -mfloat-abi=hard -mthumb -o "Core/Src/main.o"
arm-none-eabi-gcc "../Core/Src/mems.c" -mcpu=cortex-m4 -std=gnu11 -g3 -DDEBUG -DUSE_HAL_DRIVER -DSTM32F303xC -c -I../Core/Inc -I"C:/Users/user/Desktop/STM32/Sensor_Fusion/Complementary_Filter/BSP/STM32F3-Discovery" -I../Drivers/STM32F3xx_HAL_Driver/Inc -I../Drivers/STM32F3xx_HAL_Driver/Inc/Legacy -I../Drivers/CMSIS/Device/ST/STM32F3xx/Include -I../Drivers/CMSIS/Include -O0 -ffunction-sections -fdata-sections -Wall -fstack-usage -MMD -MP -MF"Core/Src/mems.d" -MT"Core/Src/mems.o" --specs=nano.specs -mfpu=fpv4-sp-d16 -mfloat-abi=hard -mthumb -o "Core/Src/mems.o"
arm-none-eabi-gcc "../Core/Src/spi.c" -mcpu=cortex-m4 -std=gnu11 -g3 -DDEBUG -DUSE_HAL_DRIVER -DSTM32F303xC -c -I../Core/Inc -I"C:/Users/user/Desktop/STM32/Sensor_Fusion/Complementary_Filter/BSP/STM32F3-Discovery" -I../Drivers/STM32F3xx_HAL_Driver/Inc -I../Drivers/STM32F3xx_HAL_Driver/Inc/Legacy -I../Drivers/CMSIS/Device/ST/STM32F3xx/Include -I../Drivers/CMSIS/Include -O0 -ffunction-sections -fdata-sections -Wall -fstack-usage -MMD -MP -MF"Core/Src/spi.d" -MT"Core/Src/spi.o" --specs=nano.specs -mfpu=fpv4-sp-d16 -mfloat-abi=hard -mthumb -o "Core/Src/spi.o"
arm-none-eabi-gcc "../Core/Src/stm32f3xx_hal_msp.c" -mcpu=cortex-m4 -std=gnu11 -g3 -DDEBUG -DUSE_HAL_DRIVER -DSTM32F303xC -c -I../Core/Inc -I"C:/Users/user/Desktop/STM32/Sensor_Fusion/Complementary_Filter/BSP/STM32F3-Discovery" -I../Drivers/STM32F3xx_HAL_Driver/Inc -I../Drivers/STM32F3xx_HAL_Driver/Inc/Legacy -I../Drivers/CMSIS/Device/ST/STM32F3xx/Include -I../Drivers/CMSIS/Include -O0 -ffunction-sections -fdata-sections -Wall -fstack-usage -MMD -MP -MF"Core/Src/stm32f3xx_hal_msp.d" -MT"Core/Src/stm32f3xx_hal_msp.o" --specs=nano.specs -mfpu=fpv4-sp-d16 -mfloat-abi=hard -mthumb -o "Core/Src/stm32f3xx_hal_msp.o"
arm-none-eabi-gcc "../Core/Src/stm32f3xx_it.c" -mcpu=cortex-m4 -std=gnu11 -g3 -DDEBUG -DUSE_HAL_DRIVER -DSTM32F303xC -c -I../Core/Inc -I"C:/Users/user/Desktop/STM32/Sensor_Fusion/Complementary_Filter/BSP/STM32F3-Discovery" -I../Drivers/STM32F3xx_HAL_Driver/Inc -I../Drivers/STM32F3xx_HAL_Driver/Inc/Legacy -I../Drivers/CMSIS/Device/ST/STM32F3xx/Include -I../Drivers/CMSIS/Include -O0 -ffunction-sections -fdata-sections -Wall -fstack-usage -MMD -MP -MF"Core/Src/stm32f3xx_it.d" -MT"Core/Src/stm32f3xx_it.o" --specs=nano.specs -mfpu=fpv4-sp-d16 -mfloat-abi=hard -mthumb -o "Core/Src/stm32f3xx_it.o"
arm-none-eabi-gcc "../Core/Src/usart.c" -mcpu=cortex-m4 -std=gnu11 -g3 -DDEBUG -DUSE_HAL_DRIVER -DSTM32F303xC -c -I../Core/Inc -I"C:/Users/user/Desktop/STM32/Sensor_Fusion/Complementary_Filter/BSP/STM32F3-Discovery" -I../Drivers/STM32F3xx_HAL_Driver/Inc -I../Drivers/STM32F3xx_HAL_Driver/Inc/Legacy -I../Drivers/CMSIS/Device/ST/STM32F3xx/Include -I../Drivers/CMSIS/Include -O0 -ffunction-sections -fdata-sections -Wall -fstack-usage -MMD -MP -MF"Core/Src/usart.d" -MT"Core/Src/usart.o" --specs=nano.specs -mfpu=fpv4-sp-d16 -mfloat-abi=hard -mthumb -o "Core/Src/usart.o"
arm-none-eabi-g++ -o "Complementary_Filter.elf" @"objects.list"   -mcpu=cortex-m4 -T"C:\Users\user\Desktop\STM32\Sensor_Fusion\Complementary_Filter\STM32F303VCTX_FLASH.ld" --specs=nosys.specs -Wl,-Map="Complementary_Filter.map" -Wl,--gc-sections -static --specs=nano.specs -mfpu=fpv4-sp-d16 -mfloat-abi=hard -mthumb -u _printf_float -Wl,--start-group -lc -lm -lstdc++ -lsupc++ -Wl,--end-group
Finished building target: Complementary_Filter.elf
 
arm-none-eabi-size   Complementary_Filter.elf 
arm-none-eabi-objdump -h -S  Complementary_Filter.elf  > "Complementary_Filter.list"
arm-none-eabi-objcopy  -O binary  Complementary_Filter.elf  "Complementary_Filter.bin"
   text	   data	    bss	    dec	    hex	filename
  44928	    736	   2344	  48008	   bb88	Complementary_Filter.elf
Finished building: default.size.stdout
 
Finished building: Complementary_Filter.bin
 
Finished building: Complementary_Filter.list
 
22:39:35 **** Incremental Build of configuration Debug for project Complementary_Filter ****
make -j4 all 
arm-none-eabi-gcc "../Core/Src/gpio.c" -mcpu=cortex-m4 -std=gnu11 -g3 -DDEBUG -DUSE_HAL_DRIVER -DSTM32F303xC -c -I../Core/Inc -I"C:/Users/user/Desktop/STM32/Sensor_Fusion/Complementary_Filter/BSP/STM32F3-Discovery" -I../Drivers/STM32F3xx_HAL_Driver/Inc -I../Drivers/STM32F3xx_HAL_Driver/Inc/Legacy -I../Drivers/CMSIS/Device/ST/STM32F3xx/Include -I../Drivers/CMSIS/Include -O0 -ffunction-sections -fdata-sections -Wall -fstack-usage -MMD -MP -MF"Core/Src/gpio.d" -MT"Core/Src/gpio.o" --specs=nano.specs -mfpu=fpv4-sp-d16 -mfloat-abi=hard -mthumb -o "Core/Src/gpio.o"
arm-none-eabi-gcc "../Core/Src/i2c.c" -mcpu=cortex-m4 -std=gnu11 -g3 -DDEBUG -DUSE_HAL_DRIVER -DSTM32F303xC -c -I../Core/Inc -I"C:/Users/user/Desktop/STM32/Sensor_Fusion/Complementary_Filter/BSP/STM32F3-Discovery" -I../Drivers/STM32F3xx_HAL_Driver/Inc -I../Drivers/STM32F3xx_HAL_Driver/Inc/Legacy -I../Drivers/CMSIS/Device/ST/STM32F3xx/Include -I../Drivers/CMSIS/Include -O0 -ffunction-sections -fdata-sections -Wall -fstack-usage -MMD -MP -MF"Core/Src/i2c.d" -MT"Core/Src/i2c.o" --specs=nano.specs -mfpu=fpv4-sp-d16 -mfloat-abi=hard -mthumb -o "Core/Src/i2c.o"
arm-none-eabi-gcc "../Core/Src/main.c" -mcpu=cortex-m4 -std=gnu11 -g3 -DDEBUG -DUSE_HAL_DRIVER -DSTM32F303xC -c -I../Core/Inc -I"C:/Users/user/Desktop/STM32/Sensor_Fusion/Complementary_Filter/BSP/STM32F3-Discovery" -I../Drivers/STM32F3xx_HAL_Driver/Inc -I../Drivers/STM32F3xx_HAL_Driver/Inc/Legacy -I../Drivers/CMSIS/Device/ST/STM32F3xx/Include -I../Drivers/CMSIS/Include -O0 -ffunction-sections -fdata-sections -Wall -fstack-usage -MMD -MP -MF"Core/Src/main.d" -MT"Core/Src/main.o" --specs=nano.specs -mfpu=fpv4-sp-d16 -mfloat-abi=hard -mthumb -o "Core/Src/main.o"
arm-none-eabi-gcc "../Core/Src/mems.c" -mcpu=cortex-m4 -std=gnu11 -g3 -DDEBUG -DUSE_HAL_DRIVER -DSTM32F303xC -c -I../Core/Inc -I"C:/Users/user/Desktop/STM32/Sensor_Fusion/Complementary_Filter/BSP/STM32F3-Discovery" -I../Drivers/STM32F3xx_HAL_Driver/Inc -I../Drivers/STM32F3xx_HAL_Driver/Inc/Legacy -I../Drivers/CMSIS/Device/ST/STM32F3xx/Include -I../Drivers/CMSIS/Include -O0 -ffunction-sections -fdata-sections -Wall -fstack-usage -MMD -MP -MF"Core/Src/mems.d" -MT"Core/Src/mems.o" --specs=nano.specs -mfpu=fpv4-sp-d16 -mfloat-abi=hard -mthumb -o "Core/Src/mems.o"
arm-none-eabi-gcc "../Core/Src/spi.c" -mcpu=cortex-m4 -std=gnu11 -g3 -DDEBUG -DUSE_HAL_DRIVER -DSTM32F303xC -c -I../Core/Inc -I"C:/Users/user/Desktop/STM32/Sensor_Fusion/Complementary_Filter/BSP/STM32F3-Discovery" -I../Drivers/STM32F3xx_HAL_Driver/Inc -I../Drivers/STM32F3xx_HAL_Driver/Inc/Legacy -I../Drivers/CMSIS/Device/ST/STM32F3xx/Include -I../Drivers/CMSIS/Include -O0 -ffunction-sections -fdata-sections -Wall -fstack-usage -MMD -MP -MF"Core/Src/spi.d" -MT"Core/Src/spi.o" --specs=nano.specs -mfpu=fpv4-sp-d16 -mfloat-abi=hard -mthumb -o "Core/Src/spi.o"
arm-none-eabi-gcc "../Core/Src/stm32f3xx_hal_msp.c" -mcpu=cortex-m4 -std=gnu11 -g3 -DDEBUG -DUSE_HAL_DRIVER -DSTM32F303xC -c -I../Core/Inc -I"C:/Users/user/Desktop/STM32/Sensor_Fusion/Complementary_Filter/BSP/STM32F3-Discovery" -I../Drivers/STM32F3xx_HAL_Driver/Inc -I../Drivers/STM32F3xx_HAL_Driver/Inc/Legacy -I../Drivers/CMSIS/Device/ST/STM32F3xx/Include -I../Drivers/CMSIS/Include -O0 -ffunction-sections -fdata-sections -Wall -fstack-usage -MMD -MP -MF"Core/Src/stm32f3xx_hal_msp.d" -MT"Core/Src/stm32f3xx_hal_msp.o" --specs=nano.specs -mfpu=fpv4-sp-d16 -mfloat-abi=hard -mthumb -o "Core/Src/stm32f3xx_hal_msp.o"
arm-none-eabi-gcc "../Core/Src/stm32f3xx_it.c" -mcpu=cortex-m4 -std=gnu11 -g3 -DDEBUG -DUSE_HAL_DRIVER -DSTM32F303xC -c -I../Core/Inc -I"C:/Users/user/Desktop/STM32/Sensor_Fusion/Complementary_Filter/BSP/STM32F3-Discovery" -I../Drivers/STM32F3xx_HAL_Driver/Inc -I../Drivers/STM32F3xx_HAL_Driver/Inc/Legacy -I../Drivers/CMSIS/Device/ST/STM32F3xx/Include -I../Drivers/CMSIS/Include -O0 -ffunction-sections -fdata-sections -Wall -fstack-usage -MMD -MP -MF"Core/Src/stm32f3xx_it.d" -MT"Core/Src/stm32f3xx_it.o" --specs=nano.specs -mfpu=fpv4-sp-d16 -mfloat-abi=hard -mthumb -o "Core/Src/stm32f3xx_it.o"
arm-none-eabi-gcc "../Core/Src/usart.c" -mcpu=cortex-m4 -std=gnu11 -g3 -DDEBUG -DUSE_HAL_DRIVER -DSTM32F303xC -c -I../Core/Inc -I"C:/Users/user/Desktop/STM32/Sensor_Fusion/Complementary_Filter/BSP/STM32F3-Discovery" -I../Drivers/STM32F3xx_HAL_Driver/Inc -I../Drivers/STM32F3xx_HAL_Driver/Inc/Legacy -I../Drivers/CMSIS/Device/ST/STM32F3xx/Include -I../Drivers/CMSIS/Include -O0 -ffunction-sections -fdata-sections -Wall -fstack-usage -MMD -MP -MF"Core/Src/usart.d" -MT"Core/Src/usart.o" --specs=nano.specs -mfpu=fpv4-sp-d16 -mfloat-abi=hard -mthumb -o "Core/Src/usart.o"
arm-none-eabi-g++ -o "Complementary_Filter.elf" @"objects.list"   -mcpu=cortex-m4 -T"C:\Users\user\Desktop\STM32\Sensor_Fusion\Complementary_Filter\STM32F303VCTX_FLASH.ld" --specs=nosys.specs -Wl,-Map="Complementary_Filter.map" -Wl,--gc-sections -static --specs=nano.specs -mfpu=fpv4-sp-d16 -mfloat-abi=hard -mthumb -u _printf_float -Wl,--start-group -lc -lm -lstdc++ -lsupc++ -Wl,--end-group
Finished building target: Complementary_Filter.elf
 
arm-none-eabi-size   Complementary_Filter.elf 
arm-none-eabi-objdump -h -S  Complementary_Filter.elf  > "Complementary_Filter.list"
arm-none-eabi-objcopy  -O binary  Complementary_Filter.elf  "Complementary_Filter.bin"
   text	   data	    bss	    dec	    hex	filename
  44928	    736	   2344	  48008	   bb88	Complementary_Filter.elf
Finished building: default.size.stdout
 
Finished building: Complementary_Filter.bin
 
Finished building: Complementary_Filter.list
 
22:44:09 **** Incremental Build of configuration Debug for project Complementary_Filter ****
make -j4 all 
arm-none-eabi-gcc "../Core/Src/main.c" -mcpu=cortex-m4 -std=gnu11 -g3 -DDEBUG -DUSE_HAL_DRIVER -DSTM32F303xC -c -I../Core/Inc -I"C:/Users/user/Desktop/STM32/Sensor_Fusion/Complementary_Filter/BSP/STM32F3-Discovery" -I../Drivers/STM32F3xx_HAL_Driver/Inc -I../Drivers/STM32F3xx_HAL_Driver/Inc/Legacy -I../Drivers/CMSIS/Device/ST/STM32F3xx/Include -I../Drivers/CMSIS/Include -O0 -ffunction-sections -fdata-sections -Wall -fstack-usage -MMD -MP -MF"Core/Src/main.d" -MT"Core/Src/main.o" --specs=nano.specs -mfpu=fpv4-sp-d16 -mfloat-abi=hard -mthumb -o "Core/Src/main.o"
arm-none-eabi-g++ -o "Complementary_Filter.elf" @"objects.list"   -mcpu=cortex-m4 -T"C:\Users\user\Desktop\STM32\Sensor_Fusion\Complementary_Filter\STM32F303VCTX_FLASH.ld" --specs=nosys.specs -Wl,-Map="Complementary_Filter.map" -Wl,--gc-sections -static --specs=nano.specs -mfpu=fpv4-sp-d16 -mfloat-abi=hard -mthumb -u _printf_float -Wl,--start-group -lc -lm -lstdc++ -lsupc++ -Wl,--end-group
Finished building target: Complementary_Filter.elf
 
arm-none-eabi-size   Complementary_Filter.elf 
arm-none-eabi-objdump -h -S  Complementary_Filter.elf  > "Complementary_Filter.list"
arm-none-eabi-objcopy  -O binary  Complementary_Filter.elf  "Complementary_Filter.bin"
   text	   data	    bss	    dec	    hex	filename
  44984	    736	   2344	  48064	   bbc0	Complementary_Filter.elf
Finished building: default.size.stdout
 
Finished building: Complementary_Filter.bin
 
Finished building: Complementary_Filter.list
 
22:54:45 **** Incremental Build of configuration Debug for project Complementary_Filter ****
make -j4 all 
arm-none-eabi-gcc "../Core/Src/main.c" -mcpu=cortex-m4 -std=gnu11 -g3 -DDEBUG -DUSE_HAL_DRIVER -DSTM32F303xC -c -I../Core/Inc -I"C:/Users/user/Desktop/STM32/Sensor_Fusion/Complementary_Filter/BSP/STM32F3-Discovery" -I../Drivers/STM32F3xx_HAL_Driver/Inc -I../Drivers/STM32F3xx_HAL_Driver/Inc/Legacy -I../Drivers/CMSIS/Device/ST/STM32F3xx/Include -I../Drivers/CMSIS/Include -O0 -ffunction-sections -fdata-sections -Wall -fstack-usage -MMD -MP -MF"Core/Src/main.d" -MT"Core/Src/main.o" --specs=nano.specs -mfpu=fpv4-sp-d16 -mfloat-abi=hard -mthumb -o "Core/Src/main.o"
arm-none-eabi-g++ -o "Complementary_Filter.elf" @"objects.list"   -mcpu=cortex-m4 -T"C:\Users\user\Desktop\STM32\Sensor_Fusion\Complementary_Filter\STM32F303VCTX_FLASH.ld" --specs=nosys.specs -Wl,-Map="Complementary_Filter.map" -Wl,--gc-sections -static --specs=nano.specs -mfpu=fpv4-sp-d16 -mfloat-abi=hard -mthumb -u _printf_float -Wl,--start-group -lc -lm -lstdc++ -lsupc++ -Wl,--end-group
Finished building target: Complementary_Filter.elf
 
arm-none-eabi-size   Complementary_Filter.elf 
arm-none-eabi-objdump -h -S  Complementary_Filter.elf  > "Complementary_Filter.list"
arm-none-eabi-objcopy  -O binary  Complementary_Filter.elf  "Complementary_Filter.bin"
   text	   data	    bss	    dec	    hex	filename
  44952	    736	   2344	  48032	   bba0	Complementary_Filter.elf
Finished building: default.size.stdout
 
Finished building: Complementary_Filter.bin
 
Finished building: Complementary_Filter.list
 
23:00:35 **** Incremental Build of configuration Debug for project Complementary_Filter ****
make -j4 all 
arm-none-eabi-gcc "../Core/Src/main.c" -mcpu=cortex-m4 -std=gnu11 -g3 -DDEBUG -DUSE_HAL_DRIVER -DSTM32F303xC -c -I../Core/Inc -I"C:/Users/user/Desktop/STM32/Sensor_Fusion/Complementary_Filter/BSP/STM32F3-Discovery" -I../Drivers/STM32F3xx_HAL_Driver/Inc -I../Drivers/STM32F3xx_HAL_Driver/Inc/Legacy -I../Drivers/CMSIS/Device/ST/STM32F3xx/Include -I../Drivers/CMSIS/Include -O0 -ffunction-sections -fdata-sections -Wall -fstack-usage -MMD -MP -MF"Core/Src/main.d" -MT"Core/Src/main.o" --specs=nano.specs -mfpu=fpv4-sp-d16 -mfloat-abi=hard -mthumb -o "Core/Src/main.o"
arm-none-eabi-g++ -o "Complementary_Filter.elf" @"objects.list"   -mcpu=cortex-m4 -T"C:\Users\user\Desktop\STM32\Sensor_Fusion\Complementary_Filter\STM32F303VCTX_FLASH.ld" --specs=nosys.specs -Wl,-Map="Complementary_Filter.map" -Wl,--gc-sections -static --specs=nano.specs -mfpu=fpv4-sp-d16 -mfloat-abi=hard -mthumb -u _printf_float -Wl,--start-group -lc -lm -lstdc++ -lsupc++ -Wl,--end-group
Finished building target: Complementary_Filter.elf
 
arm-none-eabi-size   Complementary_Filter.elf 
arm-none-eabi-objdump -h -S  Complementary_Filter.elf  > "Complementary_Filter.list"
arm-none-eabi-objcopy  -O binary  Complementary_Filter.elf  "Complementary_Filter.bin"
   text	   data	    bss	    dec	    hex	filename
  44888	    736	   2344	  47968	   bb60	Complementary_Filter.elf
Finished building: default.size.stdout
 
Finished building: Complementary_Filter.bin
 
Finished building: Complementary_Filter.list
 
23:02:38 **** Incremental Build of configuration Debug for project Complementary_Filter ****
make -j4 all 
arm-none-eabi-gcc "../Core/Src/main.c" -mcpu=cortex-m4 -std=gnu11 -g3 -DDEBUG -DUSE_HAL_DRIVER -DSTM32F303xC -c -I../Core/Inc -I"C:/Users/user/Desktop/STM32/Sensor_Fusion/Complementary_Filter/BSP/STM32F3-Discovery" -I../Drivers/STM32F3xx_HAL_Driver/Inc -I../Drivers/STM32F3xx_HAL_Driver/Inc/Legacy -I../Drivers/CMSIS/Device/ST/STM32F3xx/Include -I../Drivers/CMSIS/Include -O0 -ffunction-sections -fdata-sections -Wall -fstack-usage -MMD -MP -MF"Core/Src/main.d" -MT"Core/Src/main.o" --specs=nano.specs -mfpu=fpv4-sp-d16 -mfloat-abi=hard -mthumb -o "Core/Src/main.o"
arm-none-eabi-g++ -o "Complementary_Filter.elf" @"objects.list"   -mcpu=cortex-m4 -T"C:\Users\user\Desktop\STM32\Sensor_Fusion\Complementary_Filter\STM32F303VCTX_FLASH.ld" --specs=nosys.specs -Wl,-Map="Complementary_Filter.map" -Wl,--gc-sections -static --specs=nano.specs -mfpu=fpv4-sp-d16 -mfloat-abi=hard -mthumb -u _printf_float -Wl,--start-group -lc -lm -lstdc++ -lsupc++ -Wl,--end-group
Finished building target: Complementary_Filter.elf
 
arm-none-eabi-size   Complementary_Filter.elf 
arm-none-eabi-objdump -h -S  Complementary_Filter.elf  > "Complementary_Filter.list"
arm-none-eabi-objcopy  -O binary  Complementary_Filter.elf  "Complementary_Filter.bin"
   text	   data	    bss	    dec	    hex	filename
  44888	    736	   2344	  47968	   bb60	Complementary_Filter.elf
Finished building: default.size.stdout
 
Finished building: Complementary_Filter.bin
 
Finished building: Complementary_Filter.list
 
23:08:40 **** Incremental Build of configuration Debug for project Complementary_Filter ****
make -j4 all 
arm-none-eabi-gcc "../Core/Src/main.c" -mcpu=cortex-m4 -std=gnu11 -g3 -DDEBUG -DUSE_HAL_DRIVER -DSTM32F303xC -c -I../Core/Inc -I"C:/Users/user/Desktop/STM32/Sensor_Fusion/Complementary_Filter/BSP/STM32F3-Discovery" -I../Drivers/STM32F3xx_HAL_Driver/Inc -I../Drivers/STM32F3xx_HAL_Driver/Inc/Legacy -I../Drivers/CMSIS/Device/ST/STM32F3xx/Include -I../Drivers/CMSIS/Include -O0 -ffunction-sections -fdata-sections -Wall -fstack-usage -MMD -MP -MF"Core/Src/main.d" -MT"Core/Src/main.o" --specs=nano.specs -mfpu=fpv4-sp-d16 -mfloat-abi=hard -mthumb -o "Core/Src/main.o"
arm-none-eabi-g++ -o "Complementary_Filter.elf" @"objects.list"   -mcpu=cortex-m4 -T"C:\Users\user\Desktop\STM32\Sensor_Fusion\Complementary_Filter\STM32F303VCTX_FLASH.ld" --specs=nosys.specs -Wl,-Map="Complementary_Filter.map" -Wl,--gc-sections -static --specs=nano.specs -mfpu=fpv4-sp-d16 -mfloat-abi=hard -mthumb -u _printf_float -Wl,--start-group -lc -lm -lstdc++ -lsupc++ -Wl,--end-group
Finished building target: Complementary_Filter.elf
 
arm-none-eabi-size   Complementary_Filter.elf 
arm-none-eabi-objdump -h -S  Complementary_Filter.elf  > "Complementary_Filter.list"
arm-none-eabi-objcopy  -O binary  Complementary_Filter.elf  "Complementary_Filter.bin"
   text	   data	    bss	    dec	    hex	filename
  44896	    736	   2344	  47976	   bb68	Complementary_Filter.elf
Finished building: default.size.stdout
 
Finished building: Complementary_Filter.bin
 
Finished building: Complementary_Filter.list
 
23:10:19 **** Incremental Build of configuration Debug for project Complementary_Filter ****
make -j4 all 
arm-none-eabi-gcc "../Core/Src/main.c" -mcpu=cortex-m4 -std=gnu11 -g3 -DDEBUG -DUSE_HAL_DRIVER -DSTM32F303xC -c -I../Core/Inc -I"C:/Users/user/Desktop/STM32/Sensor_Fusion/Complementary_Filter/BSP/STM32F3-Discovery" -I../Drivers/STM32F3xx_HAL_Driver/Inc -I../Drivers/STM32F3xx_HAL_Driver/Inc/Legacy -I../Drivers/CMSIS/Device/ST/STM32F3xx/Include -I../Drivers/CMSIS/Include -O0 -ffunction-sections -fdata-sections -Wall -fstack-usage -MMD -MP -MF"Core/Src/main.d" -MT"Core/Src/main.o" --specs=nano.specs -mfpu=fpv4-sp-d16 -mfloat-abi=hard -mthumb -o "Core/Src/main.o"
arm-none-eabi-g++ -o "Complementary_Filter.elf" @"objects.list"   -mcpu=cortex-m4 -T"C:\Users\user\Desktop\STM32\Sensor_Fusion\Complementary_Filter\STM32F303VCTX_FLASH.ld" --specs=nosys.specs -Wl,-Map="Complementary_Filter.map" -Wl,--gc-sections -static --specs=nano.specs -mfpu=fpv4-sp-d16 -mfloat-abi=hard -mthumb -u _printf_float -Wl,--start-group -lc -lm -lstdc++ -lsupc++ -Wl,--end-group
Finished building target: Complementary_Filter.elf
 
arm-none-eabi-size   Complementary_Filter.elf 
arm-none-eabi-objdump -h -S  Complementary_Filter.elf  > "Complementary_Filter.list"
arm-none-eabi-objcopy  -O binary  Complementary_Filter.elf  "Complementary_Filter.bin"
   text	   data	    bss	    dec	    hex	filename
  44896	    736	   2344	  47976	   bb68	Complementary_Filter.elf
Finished building: default.size.stdout
 
Finished building: Complementary_Filter.bin
 
Finished building: Complementary_Filter.list
 
23:12:02 **** Incremental Build of configuration Debug for project Complementary_Filter ****
make -j4 all 
arm-none-eabi-gcc "../Core/Src/main.c" -mcpu=cortex-m4 -std=gnu11 -g3 -DDEBUG -DUSE_HAL_DRIVER -DSTM32F303xC -c -I../Core/Inc -I"C:/Users/user/Desktop/STM32/Sensor_Fusion/Complementary_Filter/BSP/STM32F3-Discovery" -I../Drivers/STM32F3xx_HAL_Driver/Inc -I../Drivers/STM32F3xx_HAL_Driver/Inc/Legacy -I../Drivers/CMSIS/Device/ST/STM32F3xx/Include -I../Drivers/CMSIS/Include -O0 -ffunction-sections -fdata-sections -Wall -fstack-usage -MMD -MP -MF"Core/Src/main.d" -MT"Core/Src/main.o" --specs=nano.specs -mfpu=fpv4-sp-d16 -mfloat-abi=hard -mthumb -o "Core/Src/main.o"
arm-none-eabi-g++ -o "Complementary_Filter.elf" @"objects.list"   -mcpu=cortex-m4 -T"C:\Users\user\Desktop\STM32\Sensor_Fusion\Complementary_Filter\STM32F303VCTX_FLASH.ld" --specs=nosys.specs -Wl,-Map="Complementary_Filter.map" -Wl,--gc-sections -static --specs=nano.specs -mfpu=fpv4-sp-d16 -mfloat-abi=hard -mthumb -u _printf_float -Wl,--start-group -lc -lm -lstdc++ -lsupc++ -Wl,--end-group
Finished building target: Complementary_Filter.elf
 
arm-none-eabi-size   Complementary_Filter.elf 
arm-none-eabi-objdump -h -S  Complementary_Filter.elf  > "Complementary_Filter.list"
arm-none-eabi-objcopy  -O binary  Complementary_Filter.elf  "Complementary_Filter.bin"
   text	   data	    bss	    dec	    hex	filename
  44896	    736	   2344	  47976	   bb68	Complementary_Filter.elf
Finished building: default.size.stdout
 
Finished building: Complementary_Filter.bin
 
Finished building: Complementary_Filter.list
 
23:30:40 **** Incremental Build of configuration Debug for project Complementary_Filter ****
make -j4 all 
arm-none-eabi-gcc "../Core/Src/main.c" -mcpu=cortex-m4 -std=gnu11 -g3 -DDEBUG -DUSE_HAL_DRIVER -DSTM32F303xC -c -I../Core/Inc -I"C:/Users/user/Desktop/STM32/Sensor_Fusion/Complementary_Filter/BSP/STM32F3-Discovery" -I../Drivers/STM32F3xx_HAL_Driver/Inc -I../Drivers/STM32F3xx_HAL_Driver/Inc/Legacy -I../Drivers/CMSIS/Device/ST/STM32F3xx/Include -I../Drivers/CMSIS/Include -O0 -ffunction-sections -fdata-sections -Wall -fstack-usage -MMD -MP -MF"Core/Src/main.d" -MT"Core/Src/main.o" --specs=nano.specs -mfpu=fpv4-sp-d16 -mfloat-abi=hard -mthumb -o "Core/Src/main.o"
arm-none-eabi-g++ -o "Complementary_Filter.elf" @"objects.list"   -mcpu=cortex-m4 -T"C:\Users\user\Desktop\STM32\Sensor_Fusion\Complementary_Filter\STM32F303VCTX_FLASH.ld" --specs=nosys.specs -Wl,-Map="Complementary_Filter.map" -Wl,--gc-sections -static --specs=nano.specs -mfpu=fpv4-sp-d16 -mfloat-abi=hard -mthumb -u _printf_float -Wl,--start-group -lc -lm -lstdc++ -lsupc++ -Wl,--end-group
Finished building target: Complementary_Filter.elf
 
arm-none-eabi-size   Complementary_Filter.elf 
arm-none-eabi-objdump -h -S  Complementary_Filter.elf  > "Complementary_Filter.list"
arm-none-eabi-objcopy  -O binary  Complementary_Filter.elf  "Complementary_Filter.bin"
   text	   data	    bss	    dec	    hex	filename
  44896	    736	   2344	  47976	   bb68	Complementary_Filter.elf
Finished building: default.size.stdout
 
Finished building: Complementary_Filter.bin
 
Finished building: Complementary_Filter.list
 
23:30:56 **** Incremental Build of configuration Debug for project Complementary_Filter ****
make -j4 all 
arm-none-eabi-size   Complementary_Filter.elf 
   text	   data	    bss	    dec	    hex	filename
  44896	    736	   2344	  47976	   bb68	Complementary_Filter.elf
Finished building: default.size.stdout
 
23:33:05 **** Incremental Build of configuration Debug for project Complementary_Filter ****
make -j4 all 
arm-none-eabi-gcc "../Core/Src/main.c" -mcpu=cortex-m4 -std=gnu11 -g3 -DDEBUG -DUSE_HAL_DRIVER -DSTM32F303xC -c -I../Core/Inc -I"C:/Users/user/Desktop/STM32/Sensor_Fusion/Complementary_Filter/BSP/STM32F3-Discovery" -I../Drivers/STM32F3xx_HAL_Driver/Inc -I../Drivers/STM32F3xx_HAL_Driver/Inc/Legacy -I../Drivers/CMSIS/Device/ST/STM32F3xx/Include -I../Drivers/CMSIS/Include -O0 -ffunction-sections -fdata-sections -Wall -fstack-usage -MMD -MP -MF"Core/Src/main.d" -MT"Core/Src/main.o" --specs=nano.specs -mfpu=fpv4-sp-d16 -mfloat-abi=hard -mthumb -o "Core/Src/main.o"
arm-none-eabi-g++ -o "Complementary_Filter.elf" @"objects.list"   -mcpu=cortex-m4 -T"C:\Users\user\Desktop\STM32\Sensor_Fusion\Complementary_Filter\STM32F303VCTX_FLASH.ld" --specs=nosys.specs -Wl,-Map="Complementary_Filter.map" -Wl,--gc-sections -static --specs=nano.specs -mfpu=fpv4-sp-d16 -mfloat-abi=hard -mthumb -u _printf_float -Wl,--start-group -lc -lm -lstdc++ -lsupc++ -Wl,--end-group
Finished building target: Complementary_Filter.elf
 
arm-none-eabi-size   Complementary_Filter.elf 
arm-none-eabi-objdump -h -S  Complementary_Filter.elf  > "Complementary_Filter.list"
arm-none-eabi-objcopy  -O binary  Complementary_Filter.elf  "Complementary_Filter.bin"
   text	   data	    bss	    dec	    hex	filename
  44896	    736	   2344	  47976	   bb68	Complementary_Filter.elf
Finished building: default.size.stdout
 
Finished building: Complementary_Filter.bin
 
Finished building: Complementary_Filter.list
 
